> Task :protomolt-repo-proto:protobufDummy UP-TO-DATE
> Task :protomolt-protobuf-validation:protobufDummy UP-TO-DATE
> Task :protomolt-asset-proto:protobufDummy UP-TO-DATE
> Task :protomolt-protobuf-metadata:protobufDummy UP-TO-DATE
> Task :protomolt-repo-blob-grpc:processResources NO-SOURCE
> Task :protomolt-repo-spi:processResources NO-SOURCE
> Task :protomolt-repo-blob-cache:processResources NO-SOURCE
> Task :protomolt-repo-codec:processResources NO-SOURCE
> Task :protomolt-cel:processResources NO-SOURCE
> Task :protomolt-repo-publication-grpc:processResources NO-SOURCE
> Task :protomolt-formats:processResources NO-SOURCE
> Task :protomolt-repo-blob-redis:processResources UP-TO-DATE
> Task :protomolt-repo-blob-s3:processResources UP-TO-DATE
> Task :protomolt-protobuf-validation:extractProto UP-TO-DATE
> Task :protomolt-asset-proto:extractProto UP-TO-DATE
> Task :protomolt-repo-blob-spi:compileJava UP-TO-DATE
> Task :protomolt-repo-proto:extractProto UP-TO-DATE
> Task :protomolt-repo-blob-spi:processResources NO-SOURCE
> Task :protomolt-repo-proto:generateCompilerIdentity UP-TO-DATE
> Task :protomolt-protobuf-validation:processProtoResources UP-TO-DATE
> Task :protomolt-repo-blob-spi:classes UP-TO-DATE
> Task :protomolt-asset-proto:processProtoResources UP-TO-DATE
> Task :protomolt-formats:compileJava UP-TO-DATE
> Task :protomolt-protobuf-metadata:extractIncludeProto UP-TO-DATE
> Task :protomolt-descriptors:compileJava UP-TO-DATE
> Task :protomolt-formats:classes UP-TO-DATE
> Task :protomolt-repo-proto:processProtoResources UP-TO-DATE
> Task :protomolt-protobuf-validation:processResources UP-TO-DATE
> Task :protomolt-asset-proto:processResources UP-TO-DATE
> Task :protomolt-repo-proto:processResources UP-TO-DATE
> Task :protomolt-repo-publication-grpc:sourcesJar
> Task :protomolt-repo-blob-cache:sourcesJar
> Task :protomolt-repo-blob-grpc:sourcesJar
> Task :protomolt-protobuf-metadata:extractProto UP-TO-DATE
> Task :protomolt-repo-blob-cache:compileJava UP-TO-DATE
> Task :protomolt-repo-blob-cache:classes UP-TO-DATE
> Task :protomolt-cel:compileJava UP-TO-DATE
> Task :protomolt-cel:classes UP-TO-DATE
> Task :protomolt-descriptors:processResources NO-SOURCE
> Task :protomolt-repo-blob-redis:compileJava UP-TO-DATE
> Task :protomolt-descriptors:classes UP-TO-DATE
> Task :protomolt-protobuf-metadata:generateProto UP-TO-DATE
> Task :protomolt-repo-codec:sourcesJar
> Task :protomolt-repo-blob-redis:classes UP-TO-DATE
> Task :protomolt-protobuf-metadata:compileJava UP-TO-DATE
> Task :protomolt-protobuf-metadata:processProtoResources UP-TO-DATE
> Task :protomolt-protobuf-metadata:processResources UP-TO-DATE
> Task :protomolt-protobuf-metadata:classes UP-TO-DATE
> Task :protomolt-repo-blob-spi:jar
> Task :protomolt-repo-spi:sourcesJar
> Task :protomolt-cel:jar
> Task :protomolt-formats:jar
> Task :protomolt-protobuf-validation:extractIncludeProto UP-TO-DATE
> Task :protomolt-protobuf-validation:generateProto UP-TO-DATE
> Task :protomolt-descriptors:jar
> Task :protomolt-asset-proto:extractIncludeProto UP-TO-DATE
> Task :protomolt-repo-blob-redis:jar
> Task :protomolt-repo-blob-s3:compileJava UP-TO-DATE
> Task :protomolt-repo-blob-cache:jar
> Task :protomolt-asset-proto:generateProto UP-TO-DATE
> Task :protomolt-protobuf-validation:compileJava UP-TO-DATE
> Task :protomolt-protobuf-validation:classes UP-TO-DATE
> Task :protomolt-repo-blob-s3:classes UP-TO-DATE
> Task :protomolt-asset-proto:compileJava UP-TO-DATE
> Task :protomolt-asset-proto:classes UP-TO-DATE
> Task :protomolt-protobuf-metadata:jar
> Task :protomolt-repo-blob-s3:jar
> Task :protomolt-protobuf-validation:jar
> Task :protomolt-asset-proto:jar
> Task :protomolt-repo-blob-cache:javadoc
> Task :protomolt-repo-blob-cache:javadocJar
> Task :protomolt-formats:javadoc
> Task :protomolt-cel:javadoc
> Task :protomolt-formats:javadocJar
> Task :protomolt-formats:sourcesJar
> Task :protomolt-repo-blob-s3:javadoc
> Task :protomolt-formats:generateMetadataFileForMavenPublication
> Task :protomolt-formats:generatePomFileForMavenPublication
> Task :protomolt-repo-blob-spi:javadoc
> Task :protomolt-cel:javadocJar
> Task :protomolt-cel:sourcesJar
> Task :protomolt-cel:generateMetadataFileForMavenPublication
> Task :protomolt-repo-blob-redis:javadoc
> Task :protomolt-cel:generatePomFileForMavenPublication
> Task :protomolt-cel:publishMavenPublicationToRepositoryConsumerRepository
> Task :protomolt-formats:publishMavenPublicationToRepositoryConsumerRepository
> Task :protomolt-repo-blob-s3:javadocJar
> Task :protomolt-repo-blob-s3:sourcesJar
> Task :protomolt-repo-blob-spi:javadocJar
> Task :protomolt-repo-blob-spi:sourcesJar
> Task :protomolt-repo-blob-redis:javadocJar
> Task :protomolt-repo-blob-spi:generateMetadataFileForMavenPublication
> Task :protomolt-repo-blob-redis:sourcesJar
> Task :protomolt-repo-blob-spi:generatePomFileForMavenPublication
> Task :protomolt-descriptors:javadoc
> Task :protomolt-repo-blob-spi:publishMavenPublicationToRepositoryConsumerRepository
> Task :protomolt-repo-publication-grpc:generatePomFileForMavenPublication
> Task :protomolt-repo-blob-s3:generateMetadataFileForMavenPublication
> Task :protomolt-repo-blob-cache:generateMetadataFileForMavenPublication
> Task :protomolt-repo-blob-redis:generateMetadataFileForMavenPublication
> Task :protomolt-repo-blob-s3:generatePomFileForMavenPublication
> Task :protomolt-repo-blob-redis:generatePomFileForMavenPublication
> Task :protomolt-repo-blob-cache:generatePomFileForMavenPublication
> Task :protomolt-repo-blob-redis:publishMavenPublicationToRepositoryConsumerRepository
> Task :protomolt-repo-blob-s3:publishMavenPublicationToRepositoryConsumerRepository
> Task :protomolt-repo-blob-cache:publishMavenPublicationToRepositoryConsumerRepository
> Task :protomolt-descriptors:javadocJar
> Task :protomolt-descriptors:sourcesJar
> Task :protomolt-descriptors:generateMetadataFileForMavenPublication
> Task :protomolt-descriptors:generatePomFileForMavenPublication
> Task :protomolt-descriptors:publishMavenPublicationToRepositoryConsumerRepository
> Task :protomolt-repo-spi:generatePomFileForMavenPublication
> Task :protomolt-repo-codec:generatePomFileForMavenPublication
> Task :protomolt-protobuf-metadata:javadoc
> Task :protomolt-protobuf-metadata:javadocJar
> Task :protomolt-protobuf-metadata:sourcesJar
> Task :protomolt-protobuf-metadata:generateMetadataFileForMavenPublication
> Task :protomolt-protobuf-metadata:generatePomFileForMavenPublication
> Task :protomolt-protobuf-metadata:publishMavenPublicationToRepositoryConsumerRepository
> Task :protomolt-asset-proto:javadoc
> Task :protomolt-protobuf-validation:javadoc
> Task :protomolt-asset-proto:javadocJar
> Task :protomolt-protobuf-validation:javadocJar
> Task :protomolt-asset-proto:sourcesJar
> Task :protomolt-protobuf-validation:sourcesJar
> Task :protomolt-repo-blob-grpc:generatePomFileForMavenPublication
> Task :protomolt-protobuf-validation:generateMetadataFileForMavenPublication
> Task :protomolt-asset-proto:generateMetadataFileForMavenPublication
> Task :protomolt-protobuf-validation:generatePomFileForMavenPublication
> Task :protomolt-protobuf-validation:publishMavenPublicationToRepositoryConsumerRepository
> Task :protomolt-asset-proto:generatePomFileForMavenPublication
> Task :protomolt-asset-proto:publishMavenPublicationToRepositoryConsumerRepository
> Task :protomolt-repo-proto:generatePomFileForMavenPublication
> Task :protomolt-repo-proto:extractIncludeProto UP-TO-DATE
> Task :protomolt-repo-proto:generateProto UP-TO-DATE
> Task :protomolt-repo-proto:compileJava UP-TO-DATE
> Task :protomolt-repo-proto:classes UP-TO-DATE
> Task :protomolt-repo-codec:compileJava UP-TO-DATE
> Task :protomolt-repo-codec:classes UP-TO-DATE
> Task :protomolt-repo-spi:compileJava UP-TO-DATE
> Task :protomolt-repo-spi:classes UP-TO-DATE
> Task :protomolt-repo-blob-grpc:compileJava UP-TO-DATE
> Task :protomolt-repo-blob-grpc:classes UP-TO-DATE
> Task :protomolt-repo-publication-grpc:compileJava UP-TO-DATE
> Task :protomolt-repo-publication-grpc:classes UP-TO-DATE
> Task :protomolt-repo-publication-grpc:jar
> Task :protomolt-repo-codec:jar
> Task :protomolt-repo-blob-grpc:jar
> Task :protomolt-repo-spi:jar
> Task :protomolt-repo-proto:jar
> Task :protomolt-repo-publication-grpc:javadoc
> Task :protomolt-repo-publication-grpc:javadocJar
> Task :protomolt-repo-blob-grpc:javadoc
> Task :protomolt-repo-blob-grpc:javadocJar
> Task :protomolt-repo-codec:javadoc
> Task :protomolt-repo-codec:javadocJar
> Task :protomolt-repo-spi:javadoc
> Task :protomolt-repo-spi:javadocJar
> Task :protomolt-repo-proto:javadoc
> Task :protomolt-repo-proto:javadocJar
> Task :protomolt-repo-proto:sourcesJar
> Task :protomolt-repo-proto:generateMetadataFileForMavenPublication
> Task :protomolt-repo-proto:publishMavenPublicationToRepositoryConsumerRepository
> Task :protomolt-repo-codec:generateMetadataFileForMavenPublication
> Task :protomolt-repo-spi:generateMetadataFileForMavenPublication
> Task :protomolt-repo-codec:publishMavenPublicationToRepositoryConsumerRepository
> Task :protomolt-repo-spi:publishMavenPublicationToRepositoryConsumerRepository
> Task :protomolt-repo-blob-grpc:generateMetadataFileForMavenPublication
> Task :protomolt-repo-publication-grpc:generateMetadataFileForMavenPublication
> Task :protomolt-repo-publication-grpc:publishMavenPublicationToRepositoryConsumerRepository
> Task :protomolt-repo-blob-grpc:publishMavenPublicationToRepositoryConsumerRepository
> Task :stageRepositoryConsumer

[Incubating] Problems report is available at: file:///work/worktrees/protomolt/delegation-boundaries/build/reports/problems/problems-report.html

Deprecated Gradle features were used in this build, making it incompatible with Gradle 10.

You can use '--warning-mode all' to show the individual deprecation warnings and determine if they come from your own scripts or plugins.

For more on this, please refer to https://docs.gradle.org/9.6.1/userguide/command_line_interface.html#sec:command_line_warnings in the Gradle documentation.

BUILD SUCCESSFUL in 10s
143 actionable tasks: 105 executed, 38 up-to-date
