CHECK_OK wrong-credentials.provider_refuses :: direct GET with the wrong secret -> S3Exception: 403 SignatureDoesNotMatch
[main] WARN com.zaxxer.hikari.HikariConfig - document-ledger - idleTimeout has been set but has no effect because the pool is operating as a fixed size pool.
[main] INFO com.zaxxer.hikari.HikariDataSource - document-ledger - Starting...
[main] INFO com.zaxxer.hikari.pool.HikariPool - document-ledger - Added connection org.postgresql.jdbc.PgConnection@7957dc72
[main] INFO com.zaxxer.hikari.HikariDataSource - document-ledger - Start completed.
[main] INFO org.flywaydb.core.FlywayExecutor - Database: jdbc:postgresql:******** (PostgreSQL 18.6)
[main] WARN org.flywaydb.core.internal.util.DeprecationUtils - initSql is deprecated and will be removed in a future release. Please use 'afterConnect' callback instead
[main] INFO org.flywaydb.core.internal.command.DbValidate - Successfully validated 119 migrations (execution time 00:00.044s)
[main] WARN org.flywaydb.core.internal.util.DeprecationUtils - initSql is deprecated and will be removed in a future release. Please use 'afterConnect' callback instead
[main] INFO org.flywaydb.core.internal.command.DbMigrate - Current version of schema "public": 119
[main] INFO org.flywaydb.core.internal.command.DbMigrate - Schema "public" is up to date. No migration necessary.
Oct 09, 2026 3:39:36 PM org.hibernate.jpa.internal.util.LogHelper logPersistenceUnitInformation
INFO: HHH008540: Processing PersistenceUnitInfo [name: document-ledger]
Oct 09, 2026 3:39:36 PM org.hibernate.Version logVersion
INFO: HHH000001: Hibernate ORM core version 7.4.10.Final
Oct 09, 2026 3:39:36 PM org.hibernate.engine.jdbc.dialect.internal.DialectFactoryImpl constructDialect
WARN: HHH90000025: PostgreSQLDialect does not need to be specified explicitly using 'hibernate.dialect' (remove the property setting and it will be selected by default)
Oct 09, 2026 3:39:36 PM org.hibernate.engine.jdbc.env.internal.JdbcEnvironmentInitiator logConnectionInfo
INFO: HHH10001005: Database info:
	Database JDBC URL [jdbc:postgresql://127.0.0.1:33162/repo]
	Database driver: PostgreSQL JDBC Driver
	Database dialect: PostgreSQLDialect
	Database version: 18.6
	Default catalog/schema: repo/public
	Autocommit mode: undefined/unknown
	Isolation level: READ_COMMITTED [default READ_COMMITTED]
	JDBC fetch size: none
	Pool: DataSourceConnectionProvider
	Minimum pool size: undefined/unknown
	Maximum pool size: undefined/unknown
Oct 09, 2026 3:39:37 PM org.hibernate.engine.transaction.jta.platform.internal.JtaPlatformInitiator initiateService
INFO: HHH000489: No JTA platform available (set 'hibernate.transaction.jta.platform' to enable JTA platform integration)
CHECK_OK wrong-credentials.host :: host composition with the wrong provider secret succeeds (no provider call at composition)
[main] INFO ai.protomolt.proto.repo.service.RepoServices - repo lifecycle loops started (purge interval 1000 ms, sweep interval 3600000 ms, reconcile disabled)
[repo-archive-mutation-recovery] WARN ai.protomolt.proto.repo.service.ManagedArchiveServices - Archive cleanup failed for 9989b507-5aba-469a-9d5a-265c28e15670; durable retry remains pending
java.lang.IllegalStateException: Archive object reclamation failed; retry remains required
	at ai.protomolt.proto.repo.engine.ArchiveObjectRecovery.recover(ArchiveObjectRecovery.java:51)
	at ai.protomolt.proto.repo.service.ManagedArchiveServices.recover(ManagedArchiveServices.java:73)
	at ai.protomolt.proto.repo.service.ManagedArchiveServices.recoverMutations(ManagedArchiveServices.java:59)
	at ai.protomolt.proto.repo.service.RepoServices.lambda$startLifecycle$1(RepoServices.java:827)
	at ai.protomolt.proto.repo.service.RepoServices.lambda$startLifecycleThread$0(RepoServices.java:934)
	at java.base/java.lang.VirtualThread.run(VirtualThread.java:460)
Caused by: software.amazon.awssdk.services.s3.model.S3Exception: The request signature we calculated does not match the signature you provided. Check your key and signing method. (Service: S3, Status Code: 403, Request ID: null) (SDK Attempt Count: 1)
	at software.amazon.awssdk.services.s3.model.S3Exception$BuilderImpl.build(S3Exception.java:113)
	at software.amazon.awssdk.services.s3.model.S3Exception$BuilderImpl.build(S3Exception.java:61)
	at software.amazon.awssdk.core.internal.http.pipeline.stages.utils.RetryableStageHelper.retryPolicyDisallowedRetryException(RetryableStageHelper.java:251)
	at software.amazon.awssdk.core.internal.http.pipeline.stages.RetryableStage.execute(RetryableStage.java:86)
	at software.amazon.awssdk.core.internal.http.pipeline.stages.RetryableStage.execute(RetryableStage.java:39)
	at software.amazon.awssdk.core.internal.http.pipeline.RequestPipelineBuilder$ComposingRequestPipelineStage.execute(RequestPipelineBuilder.java:206)
	at software.amazon.awssdk.core.internal.http.StreamManagingStage.execute(StreamManagingStage.java:53)
	at software.amazon.awssdk.core.internal.http.StreamManagingStage.execute(StreamManagingStage.java:35)
	at software.amazon.awssdk.core.internal.http.pipeline.stages.ApiCallTimeoutTrackingStage.executeWithTimer(ApiCallTimeoutTrackingStage.java:82)
	at software.amazon.awssdk.core.internal.http.pipeline.stages.ApiCallTimeoutTrackingStage.execute(ApiCallTimeoutTrackingStage.java:62)
	at software.amazon.awssdk.core.internal.http.pipeline.stages.ApiCallTimeoutTrackingStage.execute(ApiCallTimeoutTrackingStage.java:43)
	at software.amazon.awssdk.core.internal.http.pipeline.RequestPipelineBuilder$ComposingRequestPipelineStage.execute(RequestPipelineBuilder.java:206)
	at software.amazon.awssdk.core.internal.http.pipeline.RequestPipelineBuilder$ComposingRequestPipelineStage.execute(RequestPipelineBuilder.java:206)
	at software.amazon.awssdk.core.internal.http.pipeline.stages.ExecutionFailureExceptionReportingStage.execute(ExecutionFailureExceptionReportingStage.java:37)
	at software.amazon.awssdk.core.internal.http.pipeline.stages.ExecutionFailureExceptionReportingStage.execute(ExecutionFailureExceptionReportingStage.java:26)
	at software.amazon.awssdk.core.internal.http.AmazonSyncHttpClient$RequestExecutionBuilderImpl.execute(AmazonSyncHttpClient.java:213)
	at software.amazon.awssdk.core.internal.handler.BaseSyncClientHandler.invoke(BaseSyncClientHandler.java:105)
	at software.amazon.awssdk.core.internal.handler.BaseSyncClientHandler.doExecute(BaseSyncClientHandler.java:176)
	at software.amazon.awssdk.core.internal.handler.BaseSyncClientHandler.lambda$execute$1(BaseSyncClientHandler.java:82)
	at software.amazon.awssdk.core.internal.handler.BaseSyncClientHandler.measureApiCall(BaseSyncClientHandler.java:200)
	at software.amazon.awssdk.core.internal.handler.BaseSyncClientHandler.execute(BaseSyncClientHandler.java:76)
	at software.amazon.awssdk.core.client.handler.SdkSyncClientHandler.execute(SdkSyncClientHandler.java:45)
	at software.amazon.awssdk.awscore.client.handler.AwsSyncClientHandler.execute(AwsSyncClientHandler.java:53)
	at software.amazon.awssdk.services.s3.DefaultS3Client.listObjectVersions(DefaultS3Client.java:9702)
	at ai.protomolt.proto.repo.blob.s3.S3ObjectReclaimer.findVersions(S3ObjectReclaimer.java:38)
	at ai.protomolt.proto.repo.blob.s3.S3ObjectReclaimer.reclaim(S3ObjectReclaimer.java:18)
	at ai.protomolt.proto.repo.engine.ArchiveObjectRecovery.recover(ArchiveObjectRecovery.java:47)
	... 5 more
[repo-archive-mutation-recovery] WARN ai.protomolt.proto.repo.service.ManagedArchiveServices - Archive cleanup failed for 35bccee8-30a5-479f-b0b2-c21bdab71d7d; durable retry remains pending
java.lang.IllegalStateException: Archive object reclamation failed; retry remains required
	at ai.protomolt.proto.repo.engine.ArchiveObjectRecovery.recover(ArchiveObjectRecovery.java:51)
	at ai.protomolt.proto.repo.service.ManagedArchiveServices.recover(ManagedArchiveServices.java:73)
	at ai.protomolt.proto.repo.service.ManagedArchiveServices.recoverMutations(ManagedArchiveServices.java:59)
	at ai.protomolt.proto.repo.service.RepoServices.lambda$startLifecycle$1(RepoServices.java:827)
	at ai.protomolt.proto.repo.service.RepoServices.lambda$startLifecycleThread$0(RepoServices.java:934)
	at java.base/java.lang.VirtualThread.run(VirtualThread.java:460)
Caused by: software.amazon.awssdk.services.s3.model.S3Exception: The request signature we calculated does not match the signature you provided. Check your key and signing method. (Service: S3, Status Code: 403, Request ID: null) (SDK Attempt Count: 1)
	at software.amazon.awssdk.services.s3.model.S3Exception$BuilderImpl.build(S3Exception.java:113)
	at software.amazon.awssdk.services.s3.model.S3Exception$BuilderImpl.build(S3Exception.java:61)
	at software.amazon.awssdk.core.internal.http.pipeline.stages.utils.RetryableStageHelper.retryPolicyDisallowedRetryException(RetryableStageHelper.java:251)
	at software.amazon.awssdk.core.internal.http.pipeline.stages.RetryableStage.execute(RetryableStage.java:86)
	at software.amazon.awssdk.core.internal.http.pipeline.stages.RetryableStage.execute(RetryableStage.java:39)
	at software.amazon.awssdk.core.internal.http.pipeline.RequestPipelineBuilder$ComposingRequestPipelineStage.execute(RequestPipelineBuilder.java:206)
	at software.amazon.awssdk.core.internal.http.StreamManagingStage.execute(StreamManagingStage.java:53)
	at software.amazon.awssdk.core.internal.http.StreamManagingStage.execute(StreamManagingStage.java:35)
	at software.amazon.awssdk.core.internal.http.pipeline.stages.ApiCallTimeoutTrackingStage.executeWithTimer(ApiCallTimeoutTrackingStage.java:82)
	at software.amazon.awssdk.core.internal.http.pipeline.stages.ApiCallTimeoutTrackingStage.execute(ApiCallTimeoutTrackingStage.java:62)
	at software.amazon.awssdk.core.internal.http.pipeline.stages.ApiCallTimeoutTrackingStage.execute(ApiCallTimeoutTrackingStage.java:43)
	at software.amazon.awssdk.core.internal.http.pipeline.RequestPipelineBuilder$ComposingRequestPipelineStage.execute(RequestPipelineBuilder.java:206)
	at software.amazon.awssdk.core.internal.http.pipeline.RequestPipelineBuilder$ComposingRequestPipelineStage.execute(RequestPipelineBuilder.java:206)
	at software.amazon.awssdk.core.internal.http.pipeline.stages.ExecutionFailureExceptionReportingStage.execute(ExecutionFailureExceptionReportingStage.java:37)
	at software.amazon.awssdk.core.internal.http.pipeline.stages.ExecutionFailureExceptionReportingStage.execute(ExecutionFailureExceptionReportingStage.java:26)
	at software.amazon.awssdk.core.internal.http.AmazonSyncHttpClient$RequestExecutionBuilderImpl.execute(AmazonSyncHttpClient.java:213)
	at software.amazon.awssdk.core.internal.handler.BaseSyncClientHandler.invoke(BaseSyncClientHandler.java:105)
	at software.amazon.awssdk.core.internal.handler.BaseSyncClientHandler.doExecute(BaseSyncClientHandler.java:176)
	at software.amazon.awssdk.core.internal.handler.BaseSyncClientHandler.lambda$execute$1(BaseSyncClientHandler.java:82)
	at software.amazon.awssdk.core.internal.handler.BaseSyncClientHandler.measureApiCall(BaseSyncClientHandler.java:200)
	at software.amazon.awssdk.core.internal.handler.BaseSyncClientHandler.execute(BaseSyncClientHandler.java:76)
	at software.amazon.awssdk.core.client.handler.SdkSyncClientHandler.execute(SdkSyncClientHandler.java:45)
	at software.amazon.awssdk.awscore.client.handler.AwsSyncClientHandler.execute(AwsSyncClientHandler.java:53)
	at software.amazon.awssdk.services.s3.DefaultS3Client.listObjectVersions(DefaultS3Client.java:9702)
	at ai.protomolt.proto.repo.blob.s3.S3ObjectReclaimer.findVersions(S3ObjectReclaimer.java:38)
	at ai.protomolt.proto.repo.blob.s3.S3ObjectReclaimer.reclaim(S3ObjectReclaimer.java:18)
	at ai.protomolt.proto.repo.engine.ArchiveObjectRecovery.recover(ArchiveObjectRecovery.java:47)
	... 5 more
CHECK_OK wrong-credentials.read_refused.alpha-report :: getEntry -> PERMISSION_DENIED [RepositoryException(PERMISSION_DENIED) <- BlobStoreException(PERMISSION_DENIED) <- S3Exception]
CHECK_OK wrong-credentials.read_refused.alpha-notes :: getEntry -> PERMISSION_DENIED [RepositoryException(PERMISSION_DENIED) <- BlobStoreException(PERMISSION_DENIED) <- S3Exception]
CHECK_OK wrong-credentials.read_refused.beta-subject :: getEntry -> PERMISSION_DENIED [RepositoryException(PERMISSION_DENIED) <- BlobStoreException(PERMISSION_DENIED) <- S3Exception]
CHECK_OK wrong-credentials.read_refused.beta-draft :: getEntry -> PERMISSION_DENIED [RepositoryException(PERMISSION_DENIED) <- BlobStoreException(PERMISSION_DENIED) <- S3Exception]
CHECK_OK wrong-credentials.pending.retry_required :: recovery lane recorded a retryable cleanup failure instead of completion: state=ARCHIVE_MUTATION_STATE_RETRY_REQUIRED pending=2 confirmedAbsent=0 error=BACKEND_RECLAMATION_FAILED statusRevision=2
CHECK_OK wrong-credentials.pending.error_code :: pending=2 error=BACKEND_RECLAMATION_FAILED
CHECK_OK wrong-credentials.pending.targets_retained :: targets stay DELETING with the failure recorded and no byte deleted; attempts=[1, 1] states=[DELETING/BACKEND_RECLAMATION_FAILED, DELETING/BACKEND_RECLAMATION_FAILED]
CHECK_OK wrong-credentials.bytes_intact.provider.49eadb7fc0e3 :: LIVE bucket=qualification-abq-alpha-dfe4cbc7-qualification-archive key=qualification-archive/archive/abq-alpha-dfe4cbc7/qualification-docs/620c363f-3bb2-3e01-8006-485c0c458b23/markdown/writes/7f7a8c7d-cd10-40e6-a51b-98316fad97a9/5b24832a3cf4b122755c2548e94fc5b81f0ee977d51d988aa117f18e5ebfec5f version=26793116-4253-41a8-af93-6721adae1eb5 sha256=5b24832a3cf4b122755c2548e94fc5b81f0ee977d51d988aa117f18e5ebfec5f etag="a6f6a43006fba9b742bc977c2a3d412e"
CHECK_OK wrong-credentials.bytes_intact.provider.d09b494dbbeb :: LIVE bucket=qualification-abq-alpha-dfe4cbc7-qualification-archive key=qualification-archive/archive/abq-alpha-dfe4cbc7/qualification-docs/620c363f-3bb2-3e01-8006-485c0c458b23/markdown/writes/9b387ad8-b7fd-47b6-a165-0edd60f7d427/0b61ed7160d074897e6f4bb71b7f013c28b977b9c1f113d649901e402ea8dce3 version=5e351f0a-870f-4ebd-af83-11f64c286d8f sha256=0b61ed7160d074897e6f4bb71b7f013c28b977b9c1f113d649901e402ea8dce3 etag="6ce8784d5c9f8ff85aff70f77ac3416c"
CHECK_OK wrong-credentials.bytes_intact.provider.baf384bc68b2 :: LIVE bucket=qualification-abq-alpha-dfe4cbc7-qualification-archive key=qualification-archive/archive/abq-alpha-dfe4cbc7/qualification-docs/620c363f-3bb2-3e01-8006-485c0c458b23/original/writes/287eedd7-e688-46cb-b548-d639120af3cb/3d9a7260fe3fed7c866101cbb7e08ad2524a0f111905db271b18f15d1bc2b944 version=2f7b8183-59ef-4627-bcd8-20f7cea512ae sha256=3d9a7260fe3fed7c866101cbb7e08ad2524a0f111905db271b18f15d1bc2b944 etag="20cacf4858b088c849d9ae043f0c76d0"
CHECK_OK wrong-credentials.bytes_intact.provider.66968843a940 :: LIVE bucket=qualification-abq-alpha-dfe4cbc7-qualification-archive key=qualification-archive/archive/abq-alpha-dfe4cbc7/qualification-docs/620c363f-3bb2-3e01-8006-485c0c458b23/writes/ddf3f50b-2230-4c55-9296-d4f0ccd69120 version=9881c7b4-ee2a-48a4-b643-63cd30e1059c sha256=4d468aa08c6a9c30b1ce6970acf4a3ec01c6b64d2b98d6629d86242f6ac76f38 etag="388d3675ab92c81874766b5a75c539a8"
CHECK_OK wrong-credentials.bytes_intact.provider.c5512cc55e41 :: LIVE bucket=qualification-abq-alpha-dfe4cbc7-qualification-archive key=qualification-archive/archive/abq-alpha-dfe4cbc7/qualification-docs/1b2a3018-acc1-3ab3-88bd-aa1181ef6d04/original/writes/beddf878-e801-4a18-b87a-f4ad9ab99cc9/a7e68fec16c379812ebdea6cfb672ddb712d2c50302996f26bacee6829510a4b version=6c962d91-4823-4f3c-bc60-40c6cc823b32 sha256=a7e68fec16c379812ebdea6cfb672ddb712d2c50302996f26bacee6829510a4b etag="5ecdad92022d7c561a7ea5ecd98ec68c"
CHECK_OK wrong-credentials.bytes_intact.provider.547199d39d41 :: LIVE bucket=qualification-abq-beta-dfe4cbc7-qualification-archive key=qualification-archive/archive/abq-beta-dfe4cbc7/qualification-docs/7d6c2c0b-703e-370a-b9d3-9cf1586910fa/original/writes/a4813861-9c53-4495-ae2a-53f4d9a8ca66/e46c396df8b8d143196bdcdfef76ed6bc33be1126765281d36bb9cc53663cd2b version=40260b2b-1850-4df2-abc8-d79c6be6d835 sha256=e46c396df8b8d143196bdcdfef76ed6bc33be1126765281d36bb9cc53663cd2b etag="8e5836ae88382e6698b42f9290f44b0b"
CHECK_OK wrong-credentials.bytes_intact.provider.447a0d1d9ad5 :: LIVE bucket=qualification-abq-beta-dfe4cbc7-qualification-archive key=qualification-archive/archive/abq-beta-dfe4cbc7/qualification-docs/7d6c2c0b-703e-370a-b9d3-9cf1586910fa/scratch/writes/7a702ac9-8c39-493a-aa50-163a0682d5b7/9a90b090eb864fa0c82c468eccbc2cab06122b5cbf308b35e6ac59141a034e7a version=0ba90c09-e112-4a46-9fbb-f566df133527 sha256=9a90b090eb864fa0c82c468eccbc2cab06122b5cbf308b35e6ac59141a034e7a etag="1419bee1c5959d8da958079afd3235ab"
CHECK_OK wrong-credentials.bytes_intact.provider.a16c1c21758e :: LIVE bucket=qualification-abq-beta-dfe4cbc7-qualification-archive key=qualification-archive/archive/abq-beta-dfe4cbc7/qualification-docs/7d6c2c0b-703e-370a-b9d3-9cf1586910fa/scratch/writes/a5512f98-4c16-4aa2-be65-c1872d93a7e6/057d82a72ad9f069979440fc1d6ea35555fcbff6a87c2477e2800d23e41524ea version=77a81483-d2a0-4f4b-9694-cef05448878e sha256=057d82a72ad9f069979440fc1d6ea35555fcbff6a87c2477e2800d23e41524ea etag="6e6fde398a490806f80ede8d6dabb74a"
CHECK_OK wrong-credentials.bytes_intact.provider.0756490c2917 :: LIVE bucket=qualification-abq-beta-dfe4cbc7-qualification-archive key=qualification-archive/archive/abq-beta-dfe4cbc7/qualification-scratch/98b3a0dc-a69e-39ec-a85b-45c966b5701a/original/writes/2e07f667-7057-4fbd-96cf-9583334579e5/fb78e66e95fb5f477ce9361ac565cd54ac73f72cbd4c62775aa983007c859277 version=75b1f8cc-ceea-48ad-9b4b-7872939cec4e sha256=fb78e66e95fb5f477ce9361ac565cd54ac73f72cbd4c62775aa983007c859277 etag="d8750ef2035bfb1962fb8676e8c2a84c"
CHECK_OK wrong-credentials.bytes_intact.provider.25d46563b8dc :: LIVE bucket=qualification-abq-beta-dfe4cbc7-qualification-archive key=qualification-archive/archive/abq-beta-dfe4cbc7/qualification-scratch/98b3a0dc-a69e-39ec-a85b-45c966b5701a/original/writes/3ff6f74b-88bb-468c-becb-32cbd3e9a365/44379b91b417aca9703100a0590c7dfd838682c0c807cbd483a0e0e22b063c1f version=bd6d33d0-4fbf-44b3-b909-912af1347594 sha256=44379b91b417aca9703100a0590c7dfd838682c0c807cbd483a0e0e22b063c1f etag="22b2ddea2fc34916b16cec00fce7d4b1"
CHECK_OK wrong-credentials.bytes_intact.provider.count :: objects=10 live=10 reclaimed=0
[main] INFO com.zaxxer.hikari.HikariDataSource - document-ledger - Shutdown initiated...
[main] INFO com.zaxxer.hikari.HikariDataSource - document-ledger - Shutdown completed.
[main] INFO ai.protomolt.proto.repo.service.RepoServices - repo-service stopped
CHECK_OK wrong-credentials.not_ready :: READY is only written by a fully verified host
ARCHIVE_BACKUP_QUALIFICATION_RECOVERED_WRONG_CREDENTIALS_OK
