2026-10-09T19:39:39.365602585Z exit=0 $ id -u
  stdout: 1000
2026-10-09T19:39:39.367286108Z exit=0 $ id -g
  stdout: 1000
2026-10-09T19:39:39.380374959Z exit=0 $ docker version --format {{.Server.Version}}
  stdout: 29.8.1
2026-10-09T19:39:39.401683983Z exit=0 $ docker image inspect postgres:18-alpine --format {{.Id}}
  stdout: sha256:77f585114c32fbca283dc835b0596f4e52b51b4c6662d7810b2f4084f60a1873
2026-10-09T19:39:39.419068506Z exit=0 $ docker image inspect rustfs/rustfs:1.0.0-beta.11-preview.1 --format {{.Id}}
  stdout: sha256:ea50257bc5e281e83170f49b84a109432d930f93bf5051c77d09105c5a62746b
2026-10-09T19:39:39.507532608Z exit=0 $ docker network create protomolt-qualification-3739c746d-d9e4ad37-net
  stdout: 8ee53b7eed04eb686496b895df28496327b32cebf5cb6e7c81f242d0935ee45d
2026-10-09T19:39:39.522357461Z exit=0 $ docker volume create protomolt-qualification-3739c746d-d9e4ad37-rst-pg-data
  stdout: protomolt-qualification-3739c746d-d9e4ad37-rst-pg-data
2026-10-09T19:39:39.534593539Z exit=0 $ docker volume create protomolt-qualification-3739c746d-d9e4ad37-rst-rustfs-data
  stdout: protomolt-qualification-3739c746d-d9e4ad37-rst-rustfs-data
2026-10-09T19:39:39.998045286Z exit=0 $ docker run --rm -v protomolt-qualification-3739c746d-d9e4ad37-rst-pg-data:/data:ro postgres:18-alpine sh -c find /data -mindepth 1 | head -1
2026-10-09T19:39:40.464436260Z exit=0 $ docker run --rm -v protomolt-qualification-3739c746d-d9e4ad37-rst-rustfs-data:/data:ro postgres:18-alpine sh -c find /data -mindepth 1 | head -1
2026-10-09T19:39:40.935211335Z exit=0 $ docker run --rm -v protomolt-qualification-3739c746d-d9e4ad37-rst-rustfs-data:/data -v /work/worktrees/protomolt/external-archive-recovery/repo/container/build/archive-backup-qualification/2026-10-09T19-38-04.404898323Z/negative-wrong-database-credentials/backup-copy/provider:/in:ro postgres:18-alpine sh -c set -e; cd /data && tar --numeric-owner -xf /in/rustfs-data.tar
2026-10-09T19:39:41.146507737Z exit=0 $ docker run -d --name protomolt-qualification-3739c746d-d9e4ad37-rst-rustfs --network protomolt-qualification-3739c746d-d9e4ad37-net -p 127.0.0.1:39883:9000 -v protomolt-qualification-3739c746d-d9e4ad37-rst-rustfs-data:/data -e RUSTFS_VOLUMES=/data -e RUSTFS_ADDRESS=:9000 -e RUSTFS_CONSOLE_ENABLE=false -e RUSTFS_ACCESS_KEY=qualification-2a2a78de -e RUSTFS_SECRET_KEY=<redacted> rustfs/rustfs:1.0.0-beta.11-preview.1 /data
  stdout: 0208dec820feb6729adb2ca3c4d3e7f309ad6f73a9b8b8e65cf173c7e89ec841
2026-10-09T19:39:41.372147482Z exit=0 $ docker run -d --name protomolt-qualification-3739c746d-d9e4ad37-rst-pg --network protomolt-qualification-3739c746d-d9e4ad37-net -p 127.0.0.1:0:5432 -v protomolt-qualification-3739c746d-d9e4ad37-rst-pg-data:/var/lib/postgresql -e POSTGRES_USER=repo -e POSTGRES_PASSWORD=<redacted> -e POSTGRES_DB=repo postgres:18-alpine -c fsync=on
  stdout: e73c85538d29970d1848f778767ed4929ff20378b7ae58817962eb1c394ba21f
2026-10-09T19:39:41.385406534Z exit=0 $ docker port protomolt-qualification-3739c746d-d9e4ad37-rst-pg 5432/tcp
  stdout: 127.0.0.1:33163
2026-10-09T19:39:41.425922668Z exit=2 $ docker exec protomolt-qualification-3739c746d-d9e4ad37-rst-pg pg_isready -U repo -d repo
  stdout: /var/run/postgresql:5432 - no response
2026-10-09T19:39:41.960461707Z exit=0 $ docker exec protomolt-qualification-3739c746d-d9e4ad37-rst-pg pg_isready -U repo -d repo
  stdout: /var/run/postgresql:5432 - accepting connections
2026-10-09T19:39:42.496241082Z exit=0 $ docker exec protomolt-qualification-3739c746d-d9e4ad37-rst-pg pg_isready -U repo -d repo
  stdout: /var/run/postgresql:5432 - accepting connections
2026-10-09T19:39:44.386285102Z exit=0 $ docker run --rm --network protomolt-qualification-3739c746d-d9e4ad37-net --user 1000:1000 -e PGPASSWORD -v /work/worktrees/protomolt/external-archive-recovery/repo/container/build/archive-backup-qualification/2026-10-09T19-38-04.404898323Z/negative-wrong-database-credentials/backup-copy/sql:/in:ro postgres:18-alpine pg_restore -h protomolt-qualification-3739c746d-d9e4ad37-rst-pg -U repo -d repo --exit-on-error --no-owner --no-privileges /in/ledger.dump
2026-10-09T19:39:44.629568530Z note: ArchiveBackupQualificationRecoveredHost exit=1 log=recovered-host.log
2026-10-09T19:39:44.642720028Z exit=0 $ docker logs protomolt-qualification-3739c746d-d9e4ad37-rst-rustfs
  stdout: Initializing data directories: /data
          Initializing log directory: /logs
          Starting: /usr/bin/rustfs /data
2026-10-09T19:39:44.653707014Z exit=0 $ docker logs protomolt-qualification-3739c746d-d9e4ad37-rst-pg
  stdout: The files belonging to this database system will be owned by user "postgres".
          This user must also own the server process.
          
          The database cluster will be initialized with locale "en_US.utf8".
          The default database encoding has accordingly been set to "UTF8".
          The default text search configuration will be set to "english".
          
          Data page checksums are enabled.
          
          fixing permissions on existing directory /var/lib/postgresql/18/docker ... ok
          creating subdirectories ... ok
          selecting dynamic shared memory implementation ... posix
          selecting default "max_connections" ... 100
          selecting default "shared_buffers" ... 128MB
          selecting default time zone ... UTC
          creating configuration files ... ok
          running bootstrap script ... ok
          performing post-bootstrap initialization ... ok
          syncing data to disk ... ok
          
          
          Success. You can now start the database server using:
          
              pg_ctl -D /var/lib/postgresql/18/docker -l logfile start
          
          waiting for server to start....2026-10-09 19:39:41.841 UTC [52] LOG:  starting PostgreSQL 18.6 on x86_64-pc-linux-musl, compiled by gcc (Alpine 15.2.0) 15.2.0, 64-bit
          2026-10-09 19:39:41.845 UTC [52] LOG:  listening on Unix socket "/var/run/postgresql/.s.PGSQL.5432"
          2026-10-09 19:39:41.863 UTC [58] LOG:  database system was shut down at 2026-10-09 19:39:41 UTC
          2026-10-09 19:39:41.869 UTC [52] LOG:  database system is ready to accept connections
           done
          server started
          2026-10-09 19:39:41.958 UTC [73] FATAL:  database "repo" does not exist
          CREATE DATABASE
          
          
          /usr/local/bin/docker-entrypoint.sh: ignoring /docker-entrypoint-initdb.d/*
          
          waiting for server to shut down....2026-10-09 19:39:41.973 UTC [52] LOG:  received fast shutdown request
          2026-10-09 19:39:41.979 UTC [52] LOG:  aborting any active transactions
          2026-10-09 19:39:41.980 UTC [52] LOG:  background worker "logical replication launcher" (PID 61) exited with exit code 1
          2026-10-09 19:39:41.980 UTC [56] LOG:  shutting down
          2026-10-09 19:39:41.985 UTC [56] LOG:  checkpoint starting: shutdown immediate
          2026-10-09 19:39:42.054 UTC [56] LOG:  checkpoint complete: wrote 943 buffers (5.8%), wrote 3 SLRU buffers; 0 WAL file(s) added, 0 removed, 0 recycled; write=0.017 s, sync=0.026 s, total=0.074 s; sync files=303, longest=0.006 s, average=0.001 s; distance=4362 kB, estimate=4362 kB; lsn=0/1BA8858, redo lsn=0/1BA8858
          2026-10-09 19:39:42.070 UTC [52] LOG:  database system is shut down
           done
          server stopped
          
          PostgreSQL init process complete; ready for start up.
  stderr: sh: locale: not found
          2026-10-09 19:39:41.566 UTC [46] WARNING:  no usable system locales were found
          initdb: warning: enabling "trust" authentication for local connections
          initdb: hint: You can change this by editing pg_hba.conf or using the option -A, or --auth-local and --auth-host, the next time you run initdb.
          2026-10-09 19:39:42.093 UTC [1] LOG:  starting PostgreSQL 18.6 on x86_64-pc-linux-musl, compiled by gcc (Alpine 15.2.0) 15.2.0, 64-bit
          2026-10-09 19:39:42.093 UTC [1] LOG:  listening on IPv4 address "0.0.0.0", port 5432
          2026-10-09 19:39:42.093 UTC [1] LOG:  listening on IPv6 address "::", port 5432
          2026-10-09 19:39:42.103 UTC [1] LOG:  listening on Unix socket "/var/run/postgresql/.s.PGSQL.5432"
          2026-10-09 19:39:42.114 UTC [81] LOG:  database system was shut down at 2026-10-09 19:39:42 UTC
          2026-10-09 19:39:42.121 UTC [1] LOG:  database system is ready to accept connections
          2026-10-09 19:39:44.612 UTC [95] FATAL:  password authentication failed for user "repo"
          2026-10-09 19:39:44.612 UTC [95] DETAIL:  Connection matched file "/var/lib/postgresql/18/docker/pg_hba.conf" line 128: "host all all all scram-sha-256"
2026-10-09T19:39:45.024207705Z exit=0 $ docker rm -f protomolt-qualification-3739c746d-d9e4ad37-rst-pg
  stdout: protomolt-qualification-3739c746d-d9e4ad37-rst-pg
2026-10-09T19:39:45.431799162Z exit=0 $ docker rm -f protomolt-qualification-3739c746d-d9e4ad37-rst-rustfs
  stdout: protomolt-qualification-3739c746d-d9e4ad37-rst-rustfs
2026-10-09T19:39:45.445579219Z exit=0 $ docker volume rm -f protomolt-qualification-3739c746d-d9e4ad37-rst-rustfs-data
  stdout: protomolt-qualification-3739c746d-d9e4ad37-rst-rustfs-data
2026-10-09T19:39:45.474662805Z exit=0 $ docker volume rm -f protomolt-qualification-3739c746d-d9e4ad37-rst-pg-data
  stdout: protomolt-qualification-3739c746d-d9e4ad37-rst-pg-data
2026-10-09T19:39:45.630200710Z exit=0 $ docker network rm protomolt-qualification-3739c746d-d9e4ad37-net
  stdout: protomolt-qualification-3739c746d-d9e4ad37-net
