2026-10-08T11:47:19.696205224Z exit=0 $ id -u
  stdout: 1000
2026-10-08T11:47:19.698640466Z exit=0 $ id -g
  stdout: 1000
2026-10-08T11:47:19.713986307Z exit=0 $ docker version --format {{.Server.Version}}
  stdout: 29.8.1
2026-10-08T11:47:19.743305474Z exit=0 $ docker image inspect postgres:18-alpine --format {{.Id}}
  stdout: sha256:77f585114c32fbca283dc835b0596f4e52b51b4c6662d7810b2f4084f60a1873
2026-10-08T11:47:19.765498855Z exit=0 $ docker image inspect rustfs/rustfs:1.0.0-beta.11-preview.1 --format {{.Id}}
  stdout: sha256:ea50257bc5e281e83170f49b84a109432d930f93bf5051c77d09105c5a62746b
2026-10-08T11:47:19.797988774Z exit=0 $ docker network create protomolt-rehearsal-88a34b751-d190e6a8-net
  stdout: 9a8c173bc509b04bf6c5d3939172fe3f3b1212555895b54a6c3f2eabfb9760de
2026-10-08T11:47:19.813103648Z exit=0 $ docker volume create protomolt-rehearsal-88a34b751-d190e6a8-src-pg-data
  stdout: protomolt-rehearsal-88a34b751-d190e6a8-src-pg-data
2026-10-08T11:47:19.828240454Z exit=0 $ docker volume create protomolt-rehearsal-88a34b751-d190e6a8-src-rustfs-data
  stdout: protomolt-rehearsal-88a34b751-d190e6a8-src-rustfs-data
2026-10-08T11:47:20.040625309Z exit=0 $ docker run -d --name protomolt-rehearsal-88a34b751-d190e6a8-src-pg --network protomolt-rehearsal-88a34b751-d190e6a8-net -p 127.0.0.1:0:5432 -v protomolt-rehearsal-88a34b751-d190e6a8-src-pg-data:/var/lib/postgresql -e POSTGRES_USER=repo -e POSTGRES_PASSWORD=<redacted> -e POSTGRES_DB=repo postgres:18-alpine -c fsync=on
  stdout: 2760f105fdaf170134ff02c108ac4a443b5d98941c48f16984bf277201db0f9a
2026-10-08T11:47:20.058041161Z exit=0 $ docker port protomolt-rehearsal-88a34b751-d190e6a8-src-pg 5432/tcp
  stdout: 127.0.0.1:33011
2026-10-08T11:47:20.096384302Z exit=2 $ docker exec protomolt-rehearsal-88a34b751-d190e6a8-src-pg pg_isready -U repo -d repo
  stdout: /var/run/postgresql:5432 - no response
2026-10-08T11:47:20.632155232Z exit=0 $ docker exec protomolt-rehearsal-88a34b751-d190e6a8-src-pg pg_isready -U repo -d repo
  stdout: /var/run/postgresql:5432 - accepting connections
2026-10-08T11:47:21.197051854Z exit=0 $ docker exec protomolt-rehearsal-88a34b751-d190e6a8-src-pg pg_isready -U repo -d repo
  stdout: /var/run/postgresql:5432 - accepting connections
2026-10-08T11:47:21.468764316Z exit=0 $ docker run -d --name protomolt-rehearsal-88a34b751-d190e6a8-src-rustfs --network protomolt-rehearsal-88a34b751-d190e6a8-net -p 127.0.0.1:40221:9000 -v protomolt-rehearsal-88a34b751-d190e6a8-src-rustfs-data:/data -e RUSTFS_VOLUMES=/data -e RUSTFS_ADDRESS=:9000 -e RUSTFS_CONSOLE_ENABLE=false -e RUSTFS_ACCESS_KEY=rehearsal-b91e213b -e RUSTFS_SECRET_KEY=<redacted> rustfs/rustfs:1.0.0-beta.11-preview.1 /data
  stdout: 6498788333a9ab1eef16e6c0b96fb88c989214f238bca43dfd0b1a768087c807
2026-10-08T11:47:21.617379900Z exit=0 $ docker image inspect postgres:18-alpine --format {{.Id}}
  stdout: sha256:77f585114c32fbca283dc835b0596f4e52b51b4c6662d7810b2f4084f60a1873
2026-10-08T11:47:21.643612724Z exit=0 $ docker image inspect rustfs/rustfs:1.0.0-beta.11-preview.1 --format {{.Id}}
  stdout: sha256:ea50257bc5e281e83170f49b84a109432d930f93bf5051c77d09105c5a62746b
2026-10-08T11:47:32.783945212Z note: RepositoryBackupRehearsalSeedHost exit=0 log=seed-host.log
2026-10-08T11:47:33.581060209Z exit=0 $ docker run --rm --network protomolt-rehearsal-88a34b751-d190e6a8-net --user 1000:1000 -e PGPASSWORD -v /work/worktrees/protomolt/external-backup-rehearsal/repo/container/build/backup-rehearsal/2026-10-08T11-47-18.498264706Z/run-1/backup/sql:/out postgres:18-alpine pg_dump -h protomolt-rehearsal-88a34b751-d190e6a8-src-pg -U repo -d repo --format=custom --no-owner --no-privileges -f /out/ledger.dump
2026-10-08T11:47:33.925771154Z exit=0 $ docker stop -t 60 protomolt-rehearsal-88a34b751-d190e6a8-src-pg
  stdout: protomolt-rehearsal-88a34b751-d190e6a8-src-pg
2026-10-08T11:47:33.940359714Z exit=0 $ docker inspect protomolt-rehearsal-88a34b751-d190e6a8-src-pg --format {{.State.Status}} {{.State.ExitCode}} {{.State.FinishedAt}}
  stdout: exited 0 2026-10-08T11:47:33.724405513Z
2026-10-08T11:47:34.169310134Z exit=0 $ docker stop -t 60 protomolt-rehearsal-88a34b751-d190e6a8-src-rustfs
  stdout: protomolt-rehearsal-88a34b751-d190e6a8-src-rustfs
2026-10-08T11:47:34.181871763Z exit=0 $ docker inspect protomolt-rehearsal-88a34b751-d190e6a8-src-rustfs --format {{.State.Status}} {{.State.ExitCode}} {{.State.FinishedAt}}
  stdout: exited 0 2026-10-08T11:47:33.977481566Z
2026-10-08T11:47:34.673998644Z exit=0 $ docker run --rm -v protomolt-rehearsal-88a34b751-d190e6a8-src-rustfs-data:/data:ro -v /work/worktrees/protomolt/external-backup-rehearsal/repo/container/build/backup-rehearsal/2026-10-08T11-47-18.498264706Z/run-1/backup/provider:/out postgres:18-alpine sh -c set -e; cd /data && tar --numeric-owner -cf /out/rustfs-data.tar . && chown 1000:1000 /out/rustfs-data.tar
2026-10-08T11:47:34.721484263Z exit=0 $ docker image inspect postgres:18-alpine --format {{.Id}}
  stdout: sha256:77f585114c32fbca283dc835b0596f4e52b51b4c6662d7810b2f4084f60a1873
2026-10-08T11:47:34.753507941Z exit=0 $ docker image inspect rustfs/rustfs:1.0.0-beta.11-preview.1 --format {{.Id}}
  stdout: sha256:ea50257bc5e281e83170f49b84a109432d930f93bf5051c77d09105c5a62746b
2026-10-08T11:47:34.910972638Z exit=0 $ docker rm -f protomolt-rehearsal-88a34b751-d190e6a8-src-pg
  stdout: protomolt-rehearsal-88a34b751-d190e6a8-src-pg
2026-10-08T11:47:34.929291948Z exit=1 $ docker inspect protomolt-rehearsal-88a34b751-d190e6a8-src-pg
  stdout: []
  stderr: error: no such object: protomolt-rehearsal-88a34b751-d190e6a8-src-pg
2026-10-08T11:47:35.069256482Z exit=0 $ docker rm -f protomolt-rehearsal-88a34b751-d190e6a8-src-rustfs
  stdout: protomolt-rehearsal-88a34b751-d190e6a8-src-rustfs
2026-10-08T11:47:35.091813511Z exit=1 $ docker inspect protomolt-rehearsal-88a34b751-d190e6a8-src-rustfs
  stdout: []
  stderr: error: no such object: protomolt-rehearsal-88a34b751-d190e6a8-src-rustfs
2026-10-08T11:47:35.113413941Z exit=1 $ docker inspect protomolt-rehearsal-88a34b751-d190e6a8-src-pg --format {{.Id}}
  stderr: error: no such object: protomolt-rehearsal-88a34b751-d190e6a8-src-pg
2026-10-08T11:47:35.132210813Z exit=1 $ docker inspect protomolt-rehearsal-88a34b751-d190e6a8-src-rustfs --format {{.Id}}
  stderr: error: no such object: protomolt-rehearsal-88a34b751-d190e6a8-src-rustfs
2026-10-08T11:47:35.588088661Z exit=0 $ docker run --rm -v protomolt-rehearsal-88a34b751-d190e6a8-src-rustfs-data:/data:ro postgres:18-alpine sh -c cd /data && find . -type f | LC_ALL=C sort | xargs -r sha256sum | sha256sum | cut -d' ' -f1
  stdout: 6f3d66a085a5df871ff35a822a66196348a08c50911d386d605e896569832cd7
2026-10-08T11:47:35.609299696Z exit=0 $ docker volume create protomolt-rehearsal-88a34b751-d190e6a8-rst-pg-data
  stdout: protomolt-rehearsal-88a34b751-d190e6a8-rst-pg-data
2026-10-08T11:47:35.627342163Z exit=0 $ docker volume create protomolt-rehearsal-88a34b751-d190e6a8-rst-rustfs-data
  stdout: protomolt-rehearsal-88a34b751-d190e6a8-rst-rustfs-data
2026-10-08T11:47:36.103364770Z exit=0 $ docker run --rm -v protomolt-rehearsal-88a34b751-d190e6a8-rst-pg-data:/data:ro postgres:18-alpine sh -c find /data -mindepth 1 | head -1
2026-10-08T11:47:36.582600029Z exit=0 $ docker run --rm -v protomolt-rehearsal-88a34b751-d190e6a8-rst-rustfs-data:/data:ro postgres:18-alpine sh -c find /data -mindepth 1 | head -1
2026-10-08T11:47:37.055276032Z exit=0 $ docker run --rm -v protomolt-rehearsal-88a34b751-d190e6a8-rst-rustfs-data:/data -v /work/worktrees/protomolt/external-backup-rehearsal/repo/container/build/backup-rehearsal/2026-10-08T11-47-18.498264706Z/run-1/backup/provider:/in:ro postgres:18-alpine sh -c set -e; cd /data && tar --numeric-owner -xf /in/rustfs-data.tar
2026-10-08T11:47:37.273926257Z exit=0 $ docker run -d --name protomolt-rehearsal-88a34b751-d190e6a8-rst-rustfs --network protomolt-rehearsal-88a34b751-d190e6a8-net -p 127.0.0.1:40221:9000 -v protomolt-rehearsal-88a34b751-d190e6a8-rst-rustfs-data:/data -e RUSTFS_VOLUMES=/data -e RUSTFS_ADDRESS=:9000 -e RUSTFS_CONSOLE_ENABLE=false -e RUSTFS_ACCESS_KEY=rehearsal-b91e213b -e RUSTFS_SECRET_KEY=<redacted> rustfs/rustfs:1.0.0-beta.11-preview.1 /data
  stdout: 91c88c318438de50c2b59a9944272f2e523e294da276c33bab8e02e1b1be3010
2026-10-08T11:47:37.509938463Z exit=0 $ docker run -d --name protomolt-rehearsal-88a34b751-d190e6a8-rst-pg --network protomolt-rehearsal-88a34b751-d190e6a8-net -p 127.0.0.1:0:5432 -v protomolt-rehearsal-88a34b751-d190e6a8-rst-pg-data:/var/lib/postgresql -e POSTGRES_USER=repo -e POSTGRES_PASSWORD=<redacted> -e POSTGRES_DB=repo postgres:18-alpine -c fsync=on
  stdout: 992f1ddc8d467e85d10ebd04c8d0b74376ea16965251930bc1e576cc65411708
2026-10-08T11:47:37.525625659Z exit=0 $ docker port protomolt-rehearsal-88a34b751-d190e6a8-rst-pg 5432/tcp
  stdout: 127.0.0.1:33012
2026-10-08T11:47:37.562318481Z exit=2 $ docker exec protomolt-rehearsal-88a34b751-d190e6a8-rst-pg pg_isready -U repo -d repo
  stdout: /var/run/postgresql:5432 - no response
2026-10-08T11:47:38.093812057Z exit=0 $ docker exec protomolt-rehearsal-88a34b751-d190e6a8-rst-pg pg_isready -U repo -d repo
  stdout: /var/run/postgresql:5432 - accepting connections
2026-10-08T11:47:38.627634364Z exit=0 $ docker exec protomolt-rehearsal-88a34b751-d190e6a8-rst-pg pg_isready -U repo -d repo
  stdout: /var/run/postgresql:5432 - accepting connections
2026-10-08T11:47:40.653229273Z exit=0 $ docker run --rm --network protomolt-rehearsal-88a34b751-d190e6a8-net --user 1000:1000 -e PGPASSWORD -v /work/worktrees/protomolt/external-backup-rehearsal/repo/container/build/backup-rehearsal/2026-10-08T11-47-18.498264706Z/run-1/backup/sql:/in:ro postgres:18-alpine pg_restore -h protomolt-rehearsal-88a34b751-d190e6a8-rst-pg -U repo -d repo --exit-on-error --no-owner --no-privileges /in/ledger.dump
2026-10-08T11:47:45.958472762Z note: RepositoryBackupRehearsalRecoveredHost exit=0 log=recovered-host.log
2026-10-08T11:47:46.437265103Z exit=0 $ docker run --rm -v protomolt-rehearsal-88a34b751-d190e6a8-src-rustfs-data:/data:ro postgres:18-alpine sh -c cd /data && find . -type f | LC_ALL=C sort | xargs -r sha256sum | sha256sum | cut -d' ' -f1
  stdout: 6f3d66a085a5df871ff35a822a66196348a08c50911d386d605e896569832cd7
2026-10-08T11:47:46.458233589Z exit=0 $ docker logs protomolt-rehearsal-88a34b751-d190e6a8-rst-rustfs
  stdout: Initializing data directories: /data
          Initializing log directory: /logs
          Starting: /usr/bin/rustfs /data
2026-10-08T11:47:46.474160468Z exit=0 $ docker logs protomolt-rehearsal-88a34b751-d190e6a8-rst-pg
  stdout: The files belonging to this database system will be owned by user "postgres".
          This user must also own the server process.
          
          The database cluster will be initialized with locale "en_US.utf8".
          The default database encoding has accordingly been set to "UTF8".
          The default text search configuration will be set to "english".
          
          Data page checksums are enabled.
          
          fixing permissions on existing directory /var/lib/postgresql/18/docker ... ok
          creating subdirectories ... ok
          selecting dynamic shared memory implementation ... posix
          selecting default "max_connections" ... 100
          selecting default "shared_buffers" ... 128MB
          selecting default time zone ... UTC
          creating configuration files ... ok
          running bootstrap script ... ok
          performing post-bootstrap initialization ... ok
          syncing data to disk ... ok
          
          
          Success. You can now start the database server using:
          
              pg_ctl -D /var/lib/postgresql/18/docker -l logfile start
          
          waiting for server to start....2026-10-08 11:47:38.004 UTC [52] LOG:  starting PostgreSQL 18.6 on x86_64-pc-linux-musl, compiled by gcc (Alpine 15.2.0) 15.2.0, 64-bit
          2026-10-08 11:47:38.009 UTC [52] LOG:  listening on Unix socket "/var/run/postgresql/.s.PGSQL.5432"
          2026-10-08 11:47:38.030 UTC [58] LOG:  database system was shut down at 2026-10-08 11:47:37 UTC
          2026-10-08 11:47:38.036 UTC [52] LOG:  database system is ready to accept connections
           done
          server started
          2026-10-08 11:47:38.092 UTC [71] FATAL:  database "repo" does not exist
          CREATE DATABASE
          
          
          /usr/local/bin/docker-entrypoint.sh: ignoring /docker-entrypoint-initdb.d/*
          
          waiting for server to shut down....2026-10-08 11:47:38.133 UTC [52] LOG:  received fast shutdown request
          2026-10-08 11:47:38.137 UTC [52] LOG:  aborting any active transactions
          2026-10-08 11:47:38.138 UTC [52] LOG:  background worker "logical replication launcher" (PID 61) exited with exit code 1
          2026-10-08 11:47:38.138 UTC [56] LOG:  shutting down
          2026-10-08 11:47:38.144 UTC [56] LOG:  checkpoint starting: shutdown immediate
          2026-10-08 11:47:38.221 UTC [56] LOG:  checkpoint complete: wrote 943 buffers (5.8%), wrote 3 SLRU buffers; 0 WAL file(s) added, 0 removed, 0 recycled; write=0.020 s, sync=0.032 s, total=0.083 s; sync files=303, longest=0.006 s, average=0.001 s; distance=4362 kB, estimate=4362 kB; lsn=0/1BA8858, redo lsn=0/1BA8858
          2026-10-08 11:47:38.234 UTC [52] LOG:  database system is shut down
           done
          server stopped
          
          PostgreSQL init process complete; ready for start up.
  stderr: sh: locale: not found
          2026-10-08 11:47:37.716 UTC [46] WARNING:  no usable system locales were found
          initdb: warning: enabling "trust" authentication for local connections
          initdb: hint: You can change this by editing pg_hba.conf or using the option -A, or --auth-local and --auth-host, the next time you run initdb.
          2026-10-08 11:47:38.354 UTC [1] LOG:  starting PostgreSQL 18.6 on x86_64-pc-linux-musl, compiled by gcc (Alpine 15.2.0) 15.2.0, 64-bit
          2026-10-08 11:47:38.354 UTC [1] LOG:  listening on IPv4 address "0.0.0.0", port 5432
          2026-10-08 11:47:38.354 UTC [1] LOG:  listening on IPv6 address "::", port 5432
          2026-10-08 11:47:38.363 UTC [1] LOG:  listening on Unix socket "/var/run/postgresql/.s.PGSQL.5432"
          2026-10-08 11:47:38.376 UTC [81] LOG:  database system was shut down at 2026-10-08 11:47:38 UTC
          2026-10-08 11:47:38.382 UTC [1] LOG:  database system is ready to accept connections
2026-10-08T11:47:46.879953556Z exit=0 $ docker rm -f protomolt-rehearsal-88a34b751-d190e6a8-rst-pg
  stdout: protomolt-rehearsal-88a34b751-d190e6a8-rst-pg
2026-10-08T11:47:47.274842286Z exit=0 $ docker rm -f protomolt-rehearsal-88a34b751-d190e6a8-rst-rustfs
  stdout: protomolt-rehearsal-88a34b751-d190e6a8-rst-rustfs
2026-10-08T11:47:47.293855037Z exit=0 $ docker volume rm -f protomolt-rehearsal-88a34b751-d190e6a8-rst-rustfs-data
  stdout: protomolt-rehearsal-88a34b751-d190e6a8-rst-rustfs-data
2026-10-08T11:47:47.334353551Z exit=0 $ docker volume rm -f protomolt-rehearsal-88a34b751-d190e6a8-rst-pg-data
  stdout: protomolt-rehearsal-88a34b751-d190e6a8-rst-pg-data
2026-10-08T11:47:47.349809389Z exit=0 $ docker volume rm -f protomolt-rehearsal-88a34b751-d190e6a8-src-rustfs-data
  stdout: protomolt-rehearsal-88a34b751-d190e6a8-src-rustfs-data
2026-10-08T11:47:47.380515548Z exit=0 $ docker volume rm -f protomolt-rehearsal-88a34b751-d190e6a8-src-pg-data
  stdout: protomolt-rehearsal-88a34b751-d190e6a8-src-pg-data
2026-10-08T11:47:47.539145827Z exit=0 $ docker network rm protomolt-rehearsal-88a34b751-d190e6a8-net
  stdout: protomolt-rehearsal-88a34b751-d190e6a8-net
