CHECK_OK source.started :: postgres postgres:18-alpine image=sha256:77f585114c32fbca283dc835b0596f4e52b51b4c6662d7810b2f4084f60a1873; rustfs rustfs/rustfs:1.0.0-beta.11-preview.1 image=sha256:ea50257bc5e281e83170f49b84a109432d930f93bf5051c77d09105c5a62746b endpoint=http://127.0.0.1:46207
CHECK_OK seed.exit :: seed host exit=0 with REPOSITORY_BACKUP_REHEARSAL_SEED_OK
CHECK_OK capture.quiescent :: no other client backend, no ACTIVE reader incarnation, no read pin, no staging part attempt: {activeReaderIncarnations=0, documentReadPins=0, stagingPartAttempts=0} (the pending operation's journal rows are durable state, not process activity)
CHECK_OK capture.catalog_fingerprinted :: tables=92 V119 xid8 columns=22 maxStoredXid=1083 coverage invariants hold: {certifiedAndUnresolved=0, lineageAndUnresolved=0, certifiedAndLineage=0, certificateDiffersFromPreparation=0, certificateDiffersFromSealedHeader=0, lineageDiffersFromInstallEdge=0, lineageDiffersFromCertifiedAnchor=0, lineageDepthOrPredecessorInvalid=0, preparationNotInExactlyOneState=0, installXidNotBelowCurrent=0, certificates=4, lineage=1, unresolved=1, successorInstalls=2, successorExecutions=0}
CHECK_OK capture.pg_dump :: exit=0 bytes=818040
CHECK_OK capture.post_dump_quiescent :: no client backend after pg_dump; every table fingerprint unchanged across the dump window
CHECK_OK capture.stopped :: postgres {status=exited, exitCode=0, finishedAt=2026-10-08T12:22:35.650127993Z}; rustfs {status=exited, exitCode=0, finishedAt=2026-10-08T12:22:35.885276857Z}
CHECK_OK capture.provider_archive :: stopped RustFS volume archived, bytes=164352
CHECK_OK capture.sealed :: components=17 manifest sha256=5410274b3fbd0ed9f388226abd0a1c7f2151715bd5cf08a2f476a69f806f74d9
CHECK_OK capture.preflight :: sealed set verifies; 19 files fingerprinted before restore
CHECK_OK source.unreachable :: source containers removed; database refuses connections; provider port 46207 free
CHECK_OK restore.provider_identity :: restored provider volume served at the recorded endpoint http://127.0.0.1:46207
CHECK_OK restore.pg_restore :: exit=0 into new database protomolt-rehearsal-1f85adba4-12632f5b-rst-pg
CHECK_OK restore.xid_epoch :: next xid 1644 > max stored xid8 1083 (no advancement needed)
CHECK_OK restore.sequences :: sequences={archive_mutation_revision_seq=0, document_mutation_revision_seq=3}
CHECK_OK restore.migration_level :: V119
CHECK_OK restore.catalog_identity :: every table's row fingerprint equals the source capture: tables=92 (V118 certificates/unresolved and V119 lineage/install edges included)
CHECK_OK restore.coverage_invariants :: V118/V119 invariants equal the source: {certifiedAndUnresolved=0, lineageAndUnresolved=0, certifiedAndLineage=0, certificateDiffersFromPreparation=0, certificateDiffersFromSealedHeader=0, lineageDiffersFromInstallEdge=0, lineageDiffersFromCertifiedAnchor=0, lineageDepthOrPredecessorInvalid=0, preparationNotInExactlyOneState=0, installXidNotBelowCurrent=0, certificates=4, lineage=1, unresolved=1, successorInstalls=2, successorExecutions=0}
CHECK_OK recovered.exit :: recovered host exit=0, READY written after verification
CHECK_OK source.volume_untouched :: source provider volume digest unchanged ac601418e69d9ce394415fc41855744c68af4699080eebb5845f7ea466493522
CHECK_OK backup.untouched :: every file of the sealed set, including manifest.json and SEALED, unchanged after restore and verification
