2026-10-08T12:23:18.389093237Z exit=0 $ id -u
  stdout: 1000
2026-10-08T12:23:18.391216230Z exit=0 $ id -g
  stdout: 1000
2026-10-08T12:23:18.406757343Z exit=0 $ docker version --format {{.Server.Version}}
  stdout: 29.8.1
2026-10-08T12:23:18.431451335Z exit=0 $ docker image inspect postgres:18-alpine --format {{.Id}}
  stdout: sha256:77f585114c32fbca283dc835b0596f4e52b51b4c6662d7810b2f4084f60a1873
2026-10-08T12:23:18.451743727Z exit=0 $ docker image inspect rustfs/rustfs:1.0.0-beta.11-preview.1 --format {{.Id}}
  stdout: sha256:ea50257bc5e281e83170f49b84a109432d930f93bf5051c77d09105c5a62746b
2026-10-08T12:23:18.467460292Z note: inconsistent-snapshot: run-2 provider archive substituted into run-1's set and resealed
2026-10-08T12:23:18.513518963Z exit=0 $ docker network create protomolt-rehearsal-f26732b32-2a500b89-net
  stdout: 37147225f5c23164b3642b51f824201157b9864b7ea99e136c393f0d3ca8a305
2026-10-08T12:23:18.529292716Z exit=0 $ docker volume create protomolt-rehearsal-f26732b32-2a500b89-rst-pg-data
  stdout: protomolt-rehearsal-f26732b32-2a500b89-rst-pg-data
2026-10-08T12:23:18.541846042Z exit=0 $ docker volume create protomolt-rehearsal-f26732b32-2a500b89-rst-rustfs-data
  stdout: protomolt-rehearsal-f26732b32-2a500b89-rst-rustfs-data
2026-10-08T12:23:19.039487509Z exit=0 $ docker run --rm -v protomolt-rehearsal-f26732b32-2a500b89-rst-pg-data:/data:ro postgres:18-alpine sh -c find /data -mindepth 1 | head -1
2026-10-08T12:23:19.515011475Z exit=0 $ docker run --rm -v protomolt-rehearsal-f26732b32-2a500b89-rst-rustfs-data:/data:ro postgres:18-alpine sh -c find /data -mindepth 1 | head -1
2026-10-08T12:23:19.977617685Z exit=0 $ docker run --rm -v protomolt-rehearsal-f26732b32-2a500b89-rst-rustfs-data:/data -v /work/worktrees/protomolt/external-backup-rehearsal-fix/repo/container/build/backup-rehearsal/2026-10-08T12-22-20.696520057Z/negative-inconsistent-snapshot/backup-copy/provider:/in:ro postgres:18-alpine sh -c set -e; cd /data && tar --numeric-owner -xf /in/rustfs-data.tar
2026-10-08T12:23:20.196793380Z exit=0 $ docker run -d --name protomolt-rehearsal-f26732b32-2a500b89-rst-rustfs --network protomolt-rehearsal-f26732b32-2a500b89-net -p 127.0.0.1:46207:9000 -v protomolt-rehearsal-f26732b32-2a500b89-rst-rustfs-data:/data -e RUSTFS_VOLUMES=/data -e RUSTFS_ADDRESS=:9000 -e RUSTFS_CONSOLE_ENABLE=false -e RUSTFS_ACCESS_KEY=rehearsal-dcb865f7 -e RUSTFS_SECRET_KEY=<redacted> rustfs/rustfs:1.0.0-beta.11-preview.1 /data
  stdout: 0751cc7fb57eee5df90fe23fb78b8bd8a785fc4f456cbae39b7371a7598e862a
2026-10-08T12:23:20.430183169Z exit=0 $ docker run -d --name protomolt-rehearsal-f26732b32-2a500b89-rst-pg --network protomolt-rehearsal-f26732b32-2a500b89-net -p 127.0.0.1:0:5432 -v protomolt-rehearsal-f26732b32-2a500b89-rst-pg-data:/var/lib/postgresql -e POSTGRES_USER=repo -e POSTGRES_PASSWORD=<redacted> -e POSTGRES_DB=repo postgres:18-alpine -c fsync=on
  stdout: ecc23c5afb79f6816576f02f8107f2ec9b69cbb052800321e9a05ee44e336b92
2026-10-08T12:23:20.442201724Z exit=0 $ docker port protomolt-rehearsal-f26732b32-2a500b89-rst-pg 5432/tcp
  stdout: 127.0.0.1:33029
2026-10-08T12:23:20.482351137Z exit=2 $ docker exec protomolt-rehearsal-f26732b32-2a500b89-rst-pg pg_isready -U repo -d repo
  stdout: /var/run/postgresql:5432 - no response
2026-10-08T12:23:21.015334401Z exit=0 $ docker exec protomolt-rehearsal-f26732b32-2a500b89-rst-pg pg_isready -U repo -d repo
  stdout: /var/run/postgresql:5432 - accepting connections
2026-10-08T12:23:21.552347070Z exit=0 $ docker exec protomolt-rehearsal-f26732b32-2a500b89-rst-pg pg_isready -U repo -d repo
  stdout: /var/run/postgresql:5432 - accepting connections
2026-10-08T12:23:23.562654342Z exit=0 $ docker run --rm --network protomolt-rehearsal-f26732b32-2a500b89-net --user 1000:1000 -e PGPASSWORD -v /work/worktrees/protomolt/external-backup-rehearsal-fix/repo/container/build/backup-rehearsal/2026-10-08T12-22-20.696520057Z/negative-inconsistent-snapshot/backup-copy/sql:/in:ro postgres:18-alpine pg_restore -h protomolt-rehearsal-f26732b32-2a500b89-rst-pg -U repo -d repo --exit-on-error --no-owner --no-privileges /in/ledger.dump
2026-10-08T12:23:26.685704289Z note: RepositoryBackupRehearsalRecoveredHost exit=0 log=recovered-host.log
2026-10-08T12:23:26.704393863Z exit=0 $ docker logs protomolt-rehearsal-f26732b32-2a500b89-rst-rustfs
  stdout: Initializing data directories: /data
          Initializing log directory: /logs
          Starting: /usr/bin/rustfs /data
2026-10-08T12:23:26.718005709Z exit=0 $ docker logs protomolt-rehearsal-f26732b32-2a500b89-rst-pg
  stdout: The files belonging to this database system will be owned by user "postgres".
          This user must also own the server process.
          
          The database cluster will be initialized with locale "en_US.utf8".
          The default database encoding has accordingly been set to "UTF8".
          The default text search configuration will be set to "english".
          
          Data page checksums are enabled.
          
          fixing permissions on existing directory /var/lib/postgresql/18/docker ... ok
          creating subdirectories ... ok
          selecting dynamic shared memory implementation ... posix
          selecting default "max_connections" ... 100
          selecting default "shared_buffers" ... 128MB
          selecting default time zone ... UTC
          creating configuration files ... ok
          running bootstrap script ... ok
          performing post-bootstrap initialization ... ok
          syncing data to disk ... ok
          
          
          Success. You can now start the database server using:
          
              pg_ctl -D /var/lib/postgresql/18/docker -l logfile start
          
          waiting for server to start....2026-10-08 12:23:20.899 UTC [52] LOG:  starting PostgreSQL 18.6 on x86_64-pc-linux-musl, compiled by gcc (Alpine 15.2.0) 15.2.0, 64-bit
          2026-10-08 12:23:20.905 UTC [52] LOG:  listening on Unix socket "/var/run/postgresql/.s.PGSQL.5432"
          2026-10-08 12:23:20.923 UTC [58] LOG:  database system was shut down at 2026-10-08 12:23:20 UTC
          2026-10-08 12:23:20.930 UTC [52] LOG:  database system is ready to accept connections
           done
          server started
          2026-10-08 12:23:21.013 UTC [73] FATAL:  database "repo" does not exist
          CREATE DATABASE
          
          
          /usr/local/bin/docker-entrypoint.sh: ignoring /docker-entrypoint-initdb.d/*
          
          waiting for server to shut down....2026-10-08 12:23:21.026 UTC [52] LOG:  received fast shutdown request
          2026-10-08 12:23:21.032 UTC [52] LOG:  aborting any active transactions
          2026-10-08 12:23:21.033 UTC [52] LOG:  background worker "logical replication launcher" (PID 61) exited with exit code 1
          2026-10-08 12:23:21.033 UTC [56] LOG:  shutting down
          2026-10-08 12:23:21.037 UTC [56] LOG:  checkpoint starting: shutdown immediate
          2026-10-08 12:23:21.112 UTC [56] LOG:  checkpoint complete: wrote 943 buffers (5.8%), wrote 3 SLRU buffers; 0 WAL file(s) added, 0 removed, 0 recycled; write=0.020 s, sync=0.033 s, total=0.080 s; sync files=303, longest=0.006 s, average=0.001 s; distance=4362 kB, estimate=4362 kB; lsn=0/1BA8858, redo lsn=0/1BA8858
          2026-10-08 12:23:21.133 UTC [52] LOG:  database system is shut down
           done
          server stopped
          
          PostgreSQL init process complete; ready for start up.
  stderr: sh: locale: not found
          2026-10-08 12:23:20.625 UTC [46] WARNING:  no usable system locales were found
          initdb: warning: enabling "trust" authentication for local connections
          initdb: hint: You can change this by editing pg_hba.conf or using the option -A, or --auth-local and --auth-host, the next time you run initdb.
          2026-10-08 12:23:21.247 UTC [1] LOG:  starting PostgreSQL 18.6 on x86_64-pc-linux-musl, compiled by gcc (Alpine 15.2.0) 15.2.0, 64-bit
          2026-10-08 12:23:21.247 UTC [1] LOG:  listening on IPv4 address "0.0.0.0", port 5432
          2026-10-08 12:23:21.248 UTC [1] LOG:  listening on IPv6 address "::", port 5432
          2026-10-08 12:23:21.258 UTC [1] LOG:  listening on Unix socket "/var/run/postgresql/.s.PGSQL.5432"
          2026-10-08 12:23:21.269 UTC [81] LOG:  database system was shut down at 2026-10-08 12:23:21 UTC
          2026-10-08 12:23:21.276 UTC [1] LOG:  database system is ready to accept connections
2026-10-08T12:23:27.100074564Z exit=0 $ docker rm -f protomolt-rehearsal-f26732b32-2a500b89-rst-pg
  stdout: protomolt-rehearsal-f26732b32-2a500b89-rst-pg
2026-10-08T12:23:27.503895619Z exit=0 $ docker rm -f protomolt-rehearsal-f26732b32-2a500b89-rst-rustfs
  stdout: protomolt-rehearsal-f26732b32-2a500b89-rst-rustfs
2026-10-08T12:23:27.522791363Z exit=0 $ docker volume rm -f protomolt-rehearsal-f26732b32-2a500b89-rst-rustfs-data
  stdout: protomolt-rehearsal-f26732b32-2a500b89-rst-rustfs-data
2026-10-08T12:23:27.567254929Z exit=0 $ docker volume rm -f protomolt-rehearsal-f26732b32-2a500b89-rst-pg-data
  stdout: protomolt-rehearsal-f26732b32-2a500b89-rst-pg-data
2026-10-08T12:23:27.698229032Z exit=0 $ docker network rm protomolt-rehearsal-f26732b32-2a500b89-net
  stdout: protomolt-rehearsal-f26732b32-2a500b89-net
