> Task :protomolt-kafka-serde:protobufDummy UP-TO-DATE
> Task :protomolt-protobuf-validation:protobufDummy UP-TO-DATE
> Task :protomolt-asset-proto:protobufDummy UP-TO-DATE
> Task :protomolt-http-jsonschema:protobufDummy UP-TO-DATE
> Task :protomolt-protobuf-metadata:protobufDummy UP-TO-DATE
> Task :protomolt-protobuf-quality:protobufDummy UP-TO-DATE
> Task :protomolt-compat:processResources NO-SOURCE
> Task :protomolt-mapper:processResources NO-SOURCE
> Task :protomolt-formats:processResources NO-SOURCE
> Task :protomolt-schema-confluent:processResources NO-SOURCE
> Task :protomolt-mapper-cel:processResources NO-SOURCE
> Task :protomolt-asset-proto:extractProto UP-TO-DATE
> Task :protomolt-repo-proto:protobufDummy UP-TO-DATE
> Task :protomolt-protobuf-quality:extractProto UP-TO-DATE
> Task :protomolt-kafka-serde:extractProto UP-TO-DATE
> Task :protomolt-protobuf-validation:extractProto UP-TO-DATE
> Task :protomolt-protobuf-validation-protovalidate:protobufDummy UP-TO-DATE
> Task :protomolt-http-jsonschema:extractProto UP-TO-DATE
> Task :protomolt-repo-blob-spi:compileJava UP-TO-DATE
> Task :protomolt-sources:processResources NO-SOURCE
> Task :protomolt-repo-codec:processResources NO-SOURCE
> Task :protomolt-helpers:processResources NO-SOURCE
> Task :protomolt-kafka-wire:processResources NO-SOURCE
> Task :protomolt-repo-proto:extractProto UP-TO-DATE
> Task :protomolt-formats:compileJava UP-TO-DATE
> Task :protomolt-cel:processResources NO-SOURCE
> Task :protomolt-asset-proto:processProtoResources UP-TO-DATE
> Task :protomolt-protobuf-validation-protovalidate:extractProto UP-TO-DATE
> Task :protomolt-protobuf-validation:processProtoResources UP-TO-DATE
> Task :protomolt-protobuf-quality:processProtoResources UP-TO-DATE
> Task :protomolt-formats:classes UP-TO-DATE
> Task :protomolt-asset-proto:processResources UP-TO-DATE
> Task :protomolt-http-jsonschema:processProtoResources UP-TO-DATE
> Task :protomolt-repo-proto:processProtoResources UP-TO-DATE
> Task :protomolt-formats:jar UP-TO-DATE
> Task :protomolt-protobuf-validation:processResources UP-TO-DATE
> Task :protomolt-http-jsonschema:processResources NO-SOURCE
> Task :protomolt-protobuf-validation-protovalidate:processProtoResources UP-TO-DATE
> Task :protomolt-protobuf-quality:processResources UP-TO-DATE
> Task :protomolt-protobuf-metadata:extractIncludeProto UP-TO-DATE
> Task :protomolt-descriptors:compileJava UP-TO-DATE
> Task :protomolt-protobuf-metadata:extractProto UP-TO-DATE
> Task :protomolt-repo-proto:processResources UP-TO-DATE
> Task :protomolt-kafka-wire:compileJava UP-TO-DATE
> Task :protomolt-repo-proto:extractTestProto UP-TO-DATE
> Task :protomolt-protobuf-metadata:generateProto UP-TO-DATE
> Task :protomolt-descriptors:processResources NO-SOURCE
> Task :protomolt-repo-proto:processTestProtoResources UP-TO-DATE
> Task :protomolt-descriptors:classes UP-TO-DATE
> Task :protomolt-repo-proto:processTestResources NO-SOURCE
> Task :protomolt-descriptors:jar UP-TO-DATE
> Task :protomolt-protobuf-metadata:compileJava UP-TO-DATE
> Task :protomolt-protobuf-metadata:processProtoResources UP-TO-DATE
> Task :protomolt-protobuf-metadata:processResources UP-TO-DATE
> Task :protomolt-protobuf-metadata:classes UP-TO-DATE
> Task :protomolt-protobuf-metadata:jar UP-TO-DATE
> Task :protomolt-helpers:compileJava UP-TO-DATE
> Task :protomolt-cel:compileJava UP-TO-DATE
> Task :protomolt-repo-admission:checkRuntimeBoundaries
> Task :protomolt-protobuf-quality:extractIncludeProto UP-TO-DATE
> Task :protomolt-protobuf-validation-protovalidate:extractIncludeProto UP-TO-DATE
> Task :protomolt-http-jsonschema:extractIncludeProto UP-TO-DATE
> Task :protomolt-protobuf-validation:extractIncludeProto UP-TO-DATE
> Task :protomolt-asset-proto:extractIncludeProto UP-TO-DATE
> Task :protomolt-cel:classes UP-TO-DATE
> Task :protomolt-repo-admission:processResources NO-SOURCE
> Task :protomolt-http-jsonschema:generateProto NO-SOURCE
> Task :protomolt-asset-proto:generateProto UP-TO-DATE
> Task :protomolt-protobuf-validation-protovalidate:generateProto UP-TO-DATE
> Task :protomolt-protobuf-validation:generateProto UP-TO-DATE
> Task :protomolt-repo-admission:processTestResources NO-SOURCE
> Task :protomolt-cel:jar UP-TO-DATE
> Task :protomolt-mapper:compileJava UP-TO-DATE
> Task :protomolt-repo-proto:extractIncludeProto UP-TO-DATE
> Task :protomolt-protobuf-quality:generateProto UP-TO-DATE
> Task :protomolt-protobuf-validation-protovalidate:processResources UP-TO-DATE
> Task :protomolt-repo-proto:generateProto UP-TO-DATE
> Task :protomolt-protobuf-validation:compileJava UP-TO-DATE
> Task :protomolt-protobuf-quality:compileJava UP-TO-DATE
> Task :protomolt-mapper-cel:compileJava UP-TO-DATE
> Task :protomolt-protobuf-validation:classes UP-TO-DATE
> Task :protomolt-protobuf-validation:jar UP-TO-DATE
> Task :protomolt-sources:compileJava UP-TO-DATE
> Task :protomolt-sources:classes UP-TO-DATE
> Task :protomolt-kafka-serde:extractIncludeProto UP-TO-DATE
> Task :protomolt-sources:jar UP-TO-DATE
> Task :protomolt-asset-proto:compileJava UP-TO-DATE
> Task :protomolt-repo-proto:extractIncludeTestProto UP-TO-DATE
> Task :protomolt-protobuf-validation-protovalidate:compileJava UP-TO-DATE
> Task :protomolt-http-jsonschema:compileJava UP-TO-DATE
> Task :protomolt-kafka-serde:generateProto NO-SOURCE
> Task :protomolt-repo-proto:generateTestProto NO-SOURCE
> Task :protomolt-asset-proto:classes UP-TO-DATE
> Task :protomolt-compat:compileJava UP-TO-DATE
> Task :protomolt-http-jsonschema:classes UP-TO-DATE
> Task :protomolt-schema-confluent:compileJava UP-TO-DATE
> Task :protomolt-asset-proto:jar UP-TO-DATE
> Task :protomolt-protobuf-validation-protovalidate:classes UP-TO-DATE
> Task :protomolt-http-jsonschema:jar UP-TO-DATE
> Task :protomolt-protobuf-validation-protovalidate:jar UP-TO-DATE
> Task :protomolt-kafka-serde:compileJava UP-TO-DATE
> Task :protomolt-asset-characterize:compileJava UP-TO-DATE
> Task :protomolt-repo-proto:compileJava UP-TO-DATE
> Task :protomolt-repo-proto:classes UP-TO-DATE
> Task :protomolt-repo-proto:jar UP-TO-DATE
> Task :protomolt-asset-bridge:compileJava UP-TO-DATE
> Task :protomolt-repo-codec:compileJava UP-TO-DATE
> Task :protomolt-repo-spi:compileJava UP-TO-DATE
> Task :protomolt-repo-codec:classes UP-TO-DATE
> Task :protomolt-repo-codec:jar UP-TO-DATE
> Task :protomolt-repo-admission:compileJava UP-TO-DATE
> Task :protomolt-repo-admission:classes UP-TO-DATE
> Task :protomolt-repo-admission:compileTestJava UP-TO-DATE
> Task :protomolt-repo-admission:testClasses UP-TO-DATE
> Task :protomolt-repo-container:compileJava UP-TO-DATE
> Task :protomolt-repo-engine:compileJava UP-TO-DATE
> Task :protomolt-repo-admission:test UP-TO-DATE
> Task :protomolt-repo-proto:compileTestJava
> Task :protomolt-repo-proto:testClasses
> Task :protomolt-repo-proto:test

[Incubating] Problems report is available at: file:///work/worktrees/protomolt/delegation-boundaries/build/reports/problems/problems-report.html

Deprecated Gradle features were used in this build, making it incompatible with Gradle 10.

You can use '--warning-mode all' to show the individual deprecation warnings and determine if they come from your own scripts or plugins.

For more on this, please refer to https://docs.gradle.org/9.6.1/userguide/command_line_interface.html#sec:command_line_warnings in the Gradle documentation.

BUILD SUCCESSFUL in 3s
80 actionable tasks: 3 executed, 77 up-to-date
