2026-10-09T19:39:05.788440960Z exit=0 $ id -u
  stdout: 1000
2026-10-09T19:39:05.790351382Z exit=0 $ id -g
  stdout: 1000
2026-10-09T19:39:05.805798331Z exit=0 $ docker version --format {{.Server.Version}}
  stdout: 29.8.1
2026-10-09T19:39:05.830767156Z exit=0 $ docker image inspect postgres:18-alpine --format {{.Id}}
  stdout: sha256:77f585114c32fbca283dc835b0596f4e52b51b4c6662d7810b2f4084f60a1873
2026-10-09T19:39:05.850502054Z exit=0 $ docker image inspect rustfs/rustfs:1.0.0-beta.11-preview.1 --format {{.Id}}
  stdout: sha256:ea50257bc5e281e83170f49b84a109432d930f93bf5051c77d09105c5a62746b
2026-10-09T19:39:05.902721559Z exit=0 $ docker network create protomolt-qualification-ba2388577-00a1df23-net
  stdout: 447491f5e51c74188284b6d9e8fc746ccd22d831d13b9170adb6b373a07074f0
2026-10-09T19:39:05.914724897Z exit=0 $ docker volume create protomolt-qualification-ba2388577-00a1df23-rst-pg-data
  stdout: protomolt-qualification-ba2388577-00a1df23-rst-pg-data
2026-10-09T19:39:05.927839927Z exit=0 $ docker volume create protomolt-qualification-ba2388577-00a1df23-rst-rustfs-data
  stdout: protomolt-qualification-ba2388577-00a1df23-rst-rustfs-data
2026-10-09T19:39:06.362378319Z exit=0 $ docker run --rm -v protomolt-qualification-ba2388577-00a1df23-rst-pg-data:/data:ro postgres:18-alpine sh -c find /data -mindepth 1 | head -1
2026-10-09T19:39:06.851655471Z exit=0 $ docker run --rm -v protomolt-qualification-ba2388577-00a1df23-rst-rustfs-data:/data:ro postgres:18-alpine sh -c find /data -mindepth 1 | head -1
2026-10-09T19:39:07.328326685Z exit=0 $ docker run --rm -v protomolt-qualification-ba2388577-00a1df23-rst-rustfs-data:/data -v /work/worktrees/protomolt/external-archive-recovery/repo/container/build/archive-backup-qualification/2026-10-09T19-38-04.404898323Z/negative-corrupt-payload/backup-copy/provider:/in:ro postgres:18-alpine sh -c set -e; cd /data && tar --numeric-owner -xf /in/rustfs-data.tar
2026-10-09T19:39:07.817095685Z exit=0 $ docker run --rm -v protomolt-qualification-ba2388577-00a1df23-rst-rustfs-data:/data postgres:18-alpine sh -c set -e; cd /data/qualification-abq-alpha-dfe4cbc7-qualification-archive/qualification-archive/archive/abq-alpha-dfe4cbc7/qualification-docs/620c363f-3bb2-3e01-8006-485c0c458b23/writes/ddf3f50b-2230-4c55-9296-d4f0ccd69120; files=$(find . -type f -size +524288c | sort); count=$(printf '%s\n' "$files" | grep -c . || true); if [ "$count" -ne 1 ]; then echo "expected exactly one data file, found $count"; find . -type f -exec ls -l {} +; exit 3; fi; f="$files"; echo before; sha256sum "$f"; v=$(dd if="$f" bs=1 skip=4096 count=1 status=none | od -An -tu1 | tr -d ' '); n=$(( (v ^ 1) & 255 )); printf "$(printf '\\%03o' $n)" | dd of="$f" bs=1 seek=4096 conv=notrunc status=none; echo after; sha256sum "$f"; echo "file=$f offset=4096 before=$v after=$n"
  stdout: before
          eafbb276716dca12153c8945b1ef8a35761ecf410bd19e3409e226dca9ea4f86  ./56096616-31bd-42bf-80d7-ab1be644bbf6/part.1
          after
          658337f3fb0cf435fd135d9ddae0dc25aa66f2fc6821b519cc6f496db2a347d2  ./56096616-31bd-42bf-80d7-ab1be644bbf6/part.1
          file=./56096616-31bd-42bf-80d7-ab1be644bbf6/part.1 offset=4096 before=92 after=93
2026-10-09T19:39:08.029131465Z exit=0 $ docker run -d --name protomolt-qualification-ba2388577-00a1df23-rst-rustfs --network protomolt-qualification-ba2388577-00a1df23-net -p 127.0.0.1:39883:9000 -v protomolt-qualification-ba2388577-00a1df23-rst-rustfs-data:/data -e RUSTFS_VOLUMES=/data -e RUSTFS_ADDRESS=:9000 -e RUSTFS_CONSOLE_ENABLE=false -e RUSTFS_ACCESS_KEY=qualification-b25ee378 -e RUSTFS_SECRET_KEY=<redacted> rustfs/rustfs:1.0.0-beta.11-preview.1 /data
  stdout: b831486680a12013789ff3c077271e39b7f07ace8e7ade1ebfcdad03cc132f2b
2026-10-09T19:39:08.248093022Z exit=0 $ docker run -d --name protomolt-qualification-ba2388577-00a1df23-rst-pg --network protomolt-qualification-ba2388577-00a1df23-net -p 127.0.0.1:0:5432 -v protomolt-qualification-ba2388577-00a1df23-rst-pg-data:/var/lib/postgresql -e POSTGRES_USER=repo -e POSTGRES_PASSWORD=<redacted> -e POSTGRES_DB=repo postgres:18-alpine -c fsync=on
  stdout: b920b0bbd472b8bbf0dd8af6cfc86eccec475b36ba55f7f758be7769eb1958fe
2026-10-09T19:39:08.260476529Z exit=0 $ docker port protomolt-qualification-ba2388577-00a1df23-rst-pg 5432/tcp
  stdout: 127.0.0.1:33159
2026-10-09T19:39:08.299426391Z exit=2 $ docker exec protomolt-qualification-ba2388577-00a1df23-rst-pg pg_isready -U repo -d repo
  stdout: /var/run/postgresql:5432 - no response
2026-10-09T19:39:08.846072284Z exit=0 $ docker exec protomolt-qualification-ba2388577-00a1df23-rst-pg pg_isready -U repo -d repo
  stdout: /var/run/postgresql:5432 - accepting connections
2026-10-09T19:39:09.382952330Z exit=0 $ docker exec protomolt-qualification-ba2388577-00a1df23-rst-pg pg_isready -U repo -d repo
  stdout: /var/run/postgresql:5432 - accepting connections
2026-10-09T19:39:11.247251146Z exit=0 $ docker run --rm --network protomolt-qualification-ba2388577-00a1df23-net --user 1000:1000 -e PGPASSWORD -v /work/worktrees/protomolt/external-archive-recovery/repo/container/build/archive-backup-qualification/2026-10-09T19-38-04.404898323Z/negative-corrupt-payload/backup-copy/sql:/in:ro postgres:18-alpine pg_restore -h protomolt-qualification-ba2388577-00a1df23-rst-pg -U repo -d repo --exit-on-error --no-owner --no-privileges /in/ledger.dump
2026-10-09T19:39:13.675783021Z note: ArchiveBackupQualificationRecoveredHost exit=0 log=recovered-host.log
2026-10-09T19:39:13.695048752Z exit=0 $ docker logs protomolt-qualification-ba2388577-00a1df23-rst-rustfs
  stdout: Initializing data directories: /data
          Initializing log directory: /logs
          Starting: /usr/bin/rustfs /data
2026-10-09T19:39:13.705734268Z exit=0 $ docker logs protomolt-qualification-ba2388577-00a1df23-rst-pg
  stdout: The files belonging to this database system will be owned by user "postgres".
          This user must also own the server process.
          
          The database cluster will be initialized with locale "en_US.utf8".
          The default database encoding has accordingly been set to "UTF8".
          The default text search configuration will be set to "english".
          
          Data page checksums are enabled.
          
          fixing permissions on existing directory /var/lib/postgresql/18/docker ... ok
          creating subdirectories ... ok
          selecting dynamic shared memory implementation ... posix
          selecting default "max_connections" ... 100
          selecting default "shared_buffers" ... 128MB
          selecting default time zone ... UTC
          creating configuration files ... ok
          running bootstrap script ... ok
          performing post-bootstrap initialization ... ok
          syncing data to disk ... ok
          
          
          Success. You can now start the database server using:
          
              pg_ctl -D /var/lib/postgresql/18/docker -l logfile start
          
          waiting for server to start....2026-10-09 19:39:08.729 UTC [52] LOG:  starting PostgreSQL 18.6 on x86_64-pc-linux-musl, compiled by gcc (Alpine 15.2.0) 15.2.0, 64-bit
          2026-10-09 19:39:08.735 UTC [52] LOG:  listening on Unix socket "/var/run/postgresql/.s.PGSQL.5432"
          2026-10-09 19:39:08.751 UTC [58] LOG:  database system was shut down at 2026-10-09 19:39:08 UTC
          2026-10-09 19:39:08.757 UTC [52] LOG:  database system is ready to accept connections
           done
          server started
          2026-10-09 19:39:08.842 UTC [73] FATAL:  database "repo" does not exist
          CREATE DATABASE
          
          
          /usr/local/bin/docker-entrypoint.sh: ignoring /docker-entrypoint-initdb.d/*
          
          waiting for server to shut down....2026-10-09 19:39:08.863 UTC [52] LOG:  received fast shutdown request
          2026-10-09 19:39:08.868 UTC [52] LOG:  aborting any active transactions
          2026-10-09 19:39:08.869 UTC [52] LOG:  background worker "logical replication launcher" (PID 61) exited with exit code 1
          2026-10-09 19:39:08.870 UTC [56] LOG:  shutting down
          2026-10-09 19:39:08.875 UTC [56] LOG:  checkpoint starting: shutdown immediate
          2026-10-09 19:39:08.952 UTC [56] LOG:  checkpoint complete: wrote 943 buffers (5.8%), wrote 3 SLRU buffers; 0 WAL file(s) added, 0 removed, 0 recycled; write=0.021 s, sync=0.032 s, total=0.083 s; sync files=303, longest=0.006 s, average=0.001 s; distance=4362 kB, estimate=4362 kB; lsn=0/1BA8858, redo lsn=0/1BA8858
          2026-10-09 19:39:08.972 UTC [52] LOG:  database system is shut down
           done
          server stopped
          
          PostgreSQL init process complete; ready for start up.
  stderr: sh: locale: not found
          2026-10-09 19:39:08.443 UTC [46] WARNING:  no usable system locales were found
          initdb: warning: enabling "trust" authentication for local connections
          initdb: hint: You can change this by editing pg_hba.conf or using the option -A, or --auth-local and --auth-host, the next time you run initdb.
          2026-10-09 19:39:09.083 UTC [1] LOG:  starting PostgreSQL 18.6 on x86_64-pc-linux-musl, compiled by gcc (Alpine 15.2.0) 15.2.0, 64-bit
          2026-10-09 19:39:09.083 UTC [1] LOG:  listening on IPv4 address "0.0.0.0", port 5432
          2026-10-09 19:39:09.083 UTC [1] LOG:  listening on IPv6 address "::", port 5432
          2026-10-09 19:39:09.093 UTC [1] LOG:  listening on Unix socket "/var/run/postgresql/.s.PGSQL.5432"
          2026-10-09 19:39:09.104 UTC [81] LOG:  database system was shut down at 2026-10-09 19:39:08 UTC
          2026-10-09 19:39:09.110 UTC [1] LOG:  database system is ready to accept connections
2026-10-09T19:39:14.090950775Z exit=0 $ docker rm -f protomolt-qualification-ba2388577-00a1df23-rst-pg
  stdout: protomolt-qualification-ba2388577-00a1df23-rst-pg
2026-10-09T19:39:14.456887064Z exit=0 $ docker rm -f protomolt-qualification-ba2388577-00a1df23-rst-rustfs
  stdout: protomolt-qualification-ba2388577-00a1df23-rst-rustfs
2026-10-09T19:39:14.473636567Z exit=0 $ docker volume rm -f protomolt-qualification-ba2388577-00a1df23-rst-rustfs-data
  stdout: protomolt-qualification-ba2388577-00a1df23-rst-rustfs-data
2026-10-09T19:39:14.502393515Z exit=0 $ docker volume rm -f protomolt-qualification-ba2388577-00a1df23-rst-pg-data
  stdout: protomolt-qualification-ba2388577-00a1df23-rst-pg-data
2026-10-09T19:39:14.659222983Z exit=0 $ docker network rm protomolt-qualification-ba2388577-00a1df23-net
  stdout: protomolt-qualification-ba2388577-00a1df23-net
