CHECK_OK restore.row_counts :: every base table's row count equals the seed record after close: tables=92
CHECK_OK restore.row_counts_manifest :: row counts equal the sealed manifest
CHECK_OK restore.reader_incarnations.active :: restored ACTIVE incarnations=0 (restored verbatim, none revived)
CHECK_OK restore.reader_incarnations.fenced :: restored FENCED incarnations=0 (restored verbatim, none revived)
CHECK_OK restore.reader_incarnations.unknown :: restored UNKNOWN incarnations=0 (restored verbatim, none revived)
CHECK_OK restore.reader_incarnations.quiesced :: restored QUIESCED incarnations=2 (restored verbatim, none revived)
CHECK_OK restore.backend_profile :: managed_backend_profiles row equals the recorded identity for generation qualification-gen-3a56f40a-fa9f-46ec-89b7-e46f6776bb8b
CHECK_OK restore.sequences :: sequence values={archive_mutation_revision_seq=31, document_mutation_revision_seq=0}
CHECK_OK restore.migration_level :: flyway level V119
CHECK_OK restore.xid_past_stored :: current=1619 maxStored=0
CHECK_OK restore.bindings.alpha-report :: 4 bindings equal the seed record: generation, realm, bucket, key, provider version, etag, digest, size, references, retention fence
CHECK_OK restore.rows.alpha-report :: entry cursor, mutation revisions, root checksums and byte totals equal the seed record
CHECK_OK restore.bindings.alpha-notes :: 1 bindings equal the seed record: generation, realm, bucket, key, provider version, etag, digest, size, references, retention fence
CHECK_OK restore.rows.alpha-notes :: entry cursor, mutation revisions, root checksums and byte totals equal the seed record
CHECK_OK restore.bindings.beta-subject :: 3 bindings equal the seed record: generation, realm, bucket, key, provider version, etag, digest, size, references, retention fence
CHECK_OK restore.rows.beta-subject :: entry cursor, mutation revisions, root checksums and byte totals equal the seed record
CHECK_OK restore.bindings.beta-draft :: 2 bindings equal the seed record: generation, realm, bucket, key, provider version, etag, digest, size, references, retention fence
CHECK_OK restore.rows.beta-draft :: entry cursor, mutation revisions, root checksums and byte totals equal the seed record
CHECK_OK restore.pending.admission_rows :: immutable admission, command bytes, receipt bytes, targets and observation revision equal the seed record: {commandSha256=3a2384ae87a92aab454f2549e9b412b083bd99a68d3a862aa0895a9ac8aab2b2, commandBytesSha256=3a2384ae87a92aab454f2549e9b412b083bd99a68d3a862aa0895a9ac8aab2b2, admissionReceiptSha256=cbe53d0357b10c5ada05f0f7f22942173606fe481f217a22cd63f3ad86183ee9, sampledRevision=19, observationRevision=1, targets=35bccee8-30a5-479f-b0b2-c21bdab71d7d,9989b507-5aba-469a-9d5a-265c28e15670}
CHECK_OK restore.cleanup_state :: no read pin; upload states equal the seed record: {LIVE=10}
CHECK_OK restore.provider.49eadb7fc0e3 :: LIVE bucket=qualification-abq-alpha-dfe4cbc7-qualification-archive key=qualification-archive/archive/abq-alpha-dfe4cbc7/qualification-docs/620c363f-3bb2-3e01-8006-485c0c458b23/markdown/writes/7f7a8c7d-cd10-40e6-a51b-98316fad97a9/5b24832a3cf4b122755c2548e94fc5b81f0ee977d51d988aa117f18e5ebfec5f version=26793116-4253-41a8-af93-6721adae1eb5 sha256=5b24832a3cf4b122755c2548e94fc5b81f0ee977d51d988aa117f18e5ebfec5f etag="a6f6a43006fba9b742bc977c2a3d412e"
CHECK_OK restore.provider.d09b494dbbeb :: LIVE bucket=qualification-abq-alpha-dfe4cbc7-qualification-archive key=qualification-archive/archive/abq-alpha-dfe4cbc7/qualification-docs/620c363f-3bb2-3e01-8006-485c0c458b23/markdown/writes/9b387ad8-b7fd-47b6-a165-0edd60f7d427/0b61ed7160d074897e6f4bb71b7f013c28b977b9c1f113d649901e402ea8dce3 version=5e351f0a-870f-4ebd-af83-11f64c286d8f sha256=0b61ed7160d074897e6f4bb71b7f013c28b977b9c1f113d649901e402ea8dce3 etag="6ce8784d5c9f8ff85aff70f77ac3416c"
CHECK_OK restore.provider.baf384bc68b2 :: LIVE bucket=qualification-abq-alpha-dfe4cbc7-qualification-archive key=qualification-archive/archive/abq-alpha-dfe4cbc7/qualification-docs/620c363f-3bb2-3e01-8006-485c0c458b23/original/writes/287eedd7-e688-46cb-b548-d639120af3cb/3d9a7260fe3fed7c866101cbb7e08ad2524a0f111905db271b18f15d1bc2b944 version=2f7b8183-59ef-4627-bcd8-20f7cea512ae sha256=3d9a7260fe3fed7c866101cbb7e08ad2524a0f111905db271b18f15d1bc2b944 etag="20cacf4858b088c849d9ae043f0c76d0"
CHECK_OK restore.provider.66968843a940 :: LIVE bucket=qualification-abq-alpha-dfe4cbc7-qualification-archive key=qualification-archive/archive/abq-alpha-dfe4cbc7/qualification-docs/620c363f-3bb2-3e01-8006-485c0c458b23/writes/ddf3f50b-2230-4c55-9296-d4f0ccd69120 version=9881c7b4-ee2a-48a4-b643-63cd30e1059c sha256=4d468aa08c6a9c30b1ce6970acf4a3ec01c6b64d2b98d6629d86242f6ac76f38 etag="388d3675ab92c81874766b5a75c539a8"
CHECK_OK restore.provider.c5512cc55e41 :: LIVE bucket=qualification-abq-alpha-dfe4cbc7-qualification-archive key=qualification-archive/archive/abq-alpha-dfe4cbc7/qualification-docs/1b2a3018-acc1-3ab3-88bd-aa1181ef6d04/original/writes/beddf878-e801-4a18-b87a-f4ad9ab99cc9/a7e68fec16c379812ebdea6cfb672ddb712d2c50302996f26bacee6829510a4b version=6c962d91-4823-4f3c-bc60-40c6cc823b32 sha256=a7e68fec16c379812ebdea6cfb672ddb712d2c50302996f26bacee6829510a4b etag="5ecdad92022d7c561a7ea5ecd98ec68c"
CHECK_OK restore.provider.547199d39d41 :: LIVE bucket=qualification-abq-beta-dfe4cbc7-qualification-archive key=qualification-archive/archive/abq-beta-dfe4cbc7/qualification-docs/7d6c2c0b-703e-370a-b9d3-9cf1586910fa/original/writes/a4813861-9c53-4495-ae2a-53f4d9a8ca66/e46c396df8b8d143196bdcdfef76ed6bc33be1126765281d36bb9cc53663cd2b version=40260b2b-1850-4df2-abc8-d79c6be6d835 sha256=e46c396df8b8d143196bdcdfef76ed6bc33be1126765281d36bb9cc53663cd2b etag="8e5836ae88382e6698b42f9290f44b0b"
CHECK_OK restore.provider.447a0d1d9ad5 :: LIVE bucket=qualification-abq-beta-dfe4cbc7-qualification-archive key=qualification-archive/archive/abq-beta-dfe4cbc7/qualification-docs/7d6c2c0b-703e-370a-b9d3-9cf1586910fa/scratch/writes/7a702ac9-8c39-493a-aa50-163a0682d5b7/9a90b090eb864fa0c82c468eccbc2cab06122b5cbf308b35e6ac59141a034e7a version=0ba90c09-e112-4a46-9fbb-f566df133527 sha256=9a90b090eb864fa0c82c468eccbc2cab06122b5cbf308b35e6ac59141a034e7a etag="1419bee1c5959d8da958079afd3235ab"
CHECK_OK restore.provider.a16c1c21758e :: LIVE bucket=qualification-abq-beta-dfe4cbc7-qualification-archive key=qualification-archive/archive/abq-beta-dfe4cbc7/qualification-docs/7d6c2c0b-703e-370a-b9d3-9cf1586910fa/scratch/writes/a5512f98-4c16-4aa2-be65-c1872d93a7e6/057d82a72ad9f069979440fc1d6ea35555fcbff6a87c2477e2800d23e41524ea version=77a81483-d2a0-4f4b-9694-cef05448878e sha256=057d82a72ad9f069979440fc1d6ea35555fcbff6a87c2477e2800d23e41524ea etag="6e6fde398a490806f80ede8d6dabb74a"
CHECK_OK restore.provider.0756490c2917 :: LIVE bucket=qualification-abq-beta-dfe4cbc7-qualification-archive key=qualification-archive/archive/abq-beta-dfe4cbc7/qualification-scratch/98b3a0dc-a69e-39ec-a85b-45c966b5701a/original/writes/2e07f667-7057-4fbd-96cf-9583334579e5/fb78e66e95fb5f477ce9361ac565cd54ac73f72cbd4c62775aa983007c859277 version=75b1f8cc-ceea-48ad-9b4b-7872939cec4e sha256=fb78e66e95fb5f477ce9361ac565cd54ac73f72cbd4c62775aa983007c859277 etag="d8750ef2035bfb1962fb8676e8c2a84c"
CHECK_OK restore.provider.25d46563b8dc :: LIVE bucket=qualification-abq-beta-dfe4cbc7-qualification-archive key=qualification-archive/archive/abq-beta-dfe4cbc7/qualification-scratch/98b3a0dc-a69e-39ec-a85b-45c966b5701a/original/writes/3ff6f74b-88bb-468c-becb-32cbd3e9a365/44379b91b417aca9703100a0590c7dfd838682c0c807cbd483a0e0e22b063c1f version=bd6d33d0-4fbf-44b3-b909-912af1347594 sha256=44379b91b417aca9703100a0590c7dfd838682c0c807cbd483a0e0e22b063c1f etag="22b2ddea2fc34916b16cec00fce7d4b1"
CHECK_OK restore.provider.count :: objects=10 live=10 reclaimed=0
[main] WARN com.zaxxer.hikari.HikariConfig - document-ledger - idleTimeout has been set but has no effect because the pool is operating as a fixed size pool.
[main] INFO com.zaxxer.hikari.HikariDataSource - document-ledger - Starting...
[main] INFO com.zaxxer.hikari.pool.HikariPool - document-ledger - Added connection org.postgresql.jdbc.PgConnection@50b8ae8d
[main] INFO com.zaxxer.hikari.HikariDataSource - document-ledger - Start completed.
[main] INFO org.flywaydb.core.FlywayExecutor - Database: jdbc:postgresql:******** (PostgreSQL 18.6)
[main] WARN org.flywaydb.core.internal.util.DeprecationUtils - initSql is deprecated and will be removed in a future release. Please use 'afterConnect' callback instead
[main] INFO org.flywaydb.core.internal.command.DbValidate - Successfully validated 119 migrations (execution time 00:00.041s)
[main] WARN org.flywaydb.core.internal.util.DeprecationUtils - initSql is deprecated and will be removed in a future release. Please use 'afterConnect' callback instead
[main] INFO org.flywaydb.core.internal.command.DbMigrate - Current version of schema "public": 119
[main] INFO org.flywaydb.core.internal.command.DbMigrate - Schema "public" is up to date. No migration necessary.
Oct 09, 2026 3:38:21 PM org.hibernate.jpa.internal.util.LogHelper logPersistenceUnitInformation
INFO: HHH008540: Processing PersistenceUnitInfo [name: document-ledger]
Oct 09, 2026 3:38:21 PM org.hibernate.Version logVersion
INFO: HHH000001: Hibernate ORM core version 7.4.10.Final
Oct 09, 2026 3:38:21 PM org.hibernate.engine.jdbc.dialect.internal.DialectFactoryImpl constructDialect
WARN: HHH90000025: PostgreSQLDialect does not need to be specified explicitly using 'hibernate.dialect' (remove the property setting and it will be selected by default)
Oct 09, 2026 3:38:21 PM org.hibernate.engine.jdbc.env.internal.JdbcEnvironmentInitiator logConnectionInfo
INFO: HHH10001005: Database info:
	Database JDBC URL [jdbc:postgresql://127.0.0.1:33154/repo]
	Database driver: PostgreSQL JDBC Driver
	Database dialect: PostgreSQLDialect
	Database version: 18.6
	Default catalog/schema: repo/public
	Autocommit mode: undefined/unknown
	Isolation level: READ_COMMITTED [default READ_COMMITTED]
	JDBC fetch size: none
	Pool: DataSourceConnectionProvider
	Minimum pool size: undefined/unknown
	Maximum pool size: undefined/unknown
Oct 09, 2026 3:38:22 PM org.hibernate.engine.transaction.jta.platform.internal.JtaPlatformInitiator initiateService
INFO: HHH000489: No JTA platform available (set 'hibernate.transaction.jta.platform' to enable JTA platform integration)
[main] INFO com.zaxxer.hikari.HikariDataSource - document-ledger - Shutdown initiated...
[main] INFO com.zaxxer.hikari.HikariDataSource - document-ledger - Shutdown completed.
CHECK_OK restore.pending.observation :: production observation before any host: still ADMITTED with 2 pending targets at status revision 1, equal to the recorded receipt
[main] WARN com.zaxxer.hikari.HikariConfig - document-ledger - idleTimeout has been set but has no effect because the pool is operating as a fixed size pool.
[main] INFO com.zaxxer.hikari.HikariDataSource - document-ledger - Starting...
[main] INFO com.zaxxer.hikari.pool.HikariPool - document-ledger - Added connection org.postgresql.jdbc.PgConnection@4607cbe2
[main] INFO com.zaxxer.hikari.HikariDataSource - document-ledger - Start completed.
[main] INFO org.flywaydb.core.FlywayExecutor - Database: jdbc:postgresql:******** (PostgreSQL 18.6)
[main] WARN org.flywaydb.core.internal.util.DeprecationUtils - initSql is deprecated and will be removed in a future release. Please use 'afterConnect' callback instead
[main] INFO org.flywaydb.core.internal.command.DbValidate - Successfully validated 119 migrations (execution time 00:00.015s)
[main] WARN org.flywaydb.core.internal.util.DeprecationUtils - initSql is deprecated and will be removed in a future release. Please use 'afterConnect' callback instead
[main] INFO org.flywaydb.core.internal.command.DbMigrate - Current version of schema "public": 119
[main] INFO org.flywaydb.core.internal.command.DbMigrate - Schema "public" is up to date. No migration necessary.
Oct 09, 2026 3:38:22 PM org.hibernate.jpa.internal.util.LogHelper logPersistenceUnitInformation
INFO: HHH008540: Processing PersistenceUnitInfo [name: document-ledger]
Oct 09, 2026 3:38:22 PM org.hibernate.engine.jdbc.dialect.internal.DialectFactoryImpl constructDialect
WARN: HHH90000025: PostgreSQLDialect does not need to be specified explicitly using 'hibernate.dialect' (remove the property setting and it will be selected by default)
Oct 09, 2026 3:38:22 PM org.hibernate.engine.jdbc.env.internal.JdbcEnvironmentInitiator logConnectionInfo
INFO: HHH10001005: Database info:
	Database JDBC URL [jdbc:postgresql://127.0.0.1:33154/repo]
	Database driver: PostgreSQL JDBC Driver
	Database dialect: PostgreSQLDialect
	Database version: 18.6
	Default catalog/schema: repo/public
	Autocommit mode: undefined/unknown
	Isolation level: READ_COMMITTED [default READ_COMMITTED]
	JDBC fetch size: none
	Pool: DataSourceConnectionProvider
	Minimum pool size: undefined/unknown
	Maximum pool size: undefined/unknown
Oct 09, 2026 3:38:22 PM org.hibernate.engine.transaction.jta.platform.internal.JtaPlatformInitiator initiateService
INFO: HHH000489: No JTA platform available (set 'hibernate.transaction.jta.platform' to enable JTA platform integration)
[main] INFO ai.protomolt.proto.repo.service.RepoServices - repo lifecycle loops started (purge interval 1000 ms, sweep interval 3600000 ms, reconcile disabled)
CHECK_OK restore.entry.alpha-report.v1.bytes :: renditions=2 byte-equal to the recorded read
CHECK_OK restore.entry.alpha-report.v1.manifest :: manifest equal; frozen snapshot title=Quarterly report
CHECK_OK restore.entry.alpha-report.v1.present :: every PRESENT manifest rendition delivered bytes: 2
CHECK_OK restore.entry.alpha-report.v1.info :: current metadata equal: title=Current label currentVersion=3 classification=CLASSIFICATION_STATE_UNCLASSIFIED
CHECK_OK restore.entry.alpha-report.v2.bytes :: renditions=2 byte-equal to the recorded read
CHECK_OK restore.entry.alpha-report.v2.manifest :: manifest equal; frozen snapshot title=Revised report
CHECK_OK restore.entry.alpha-report.v2.present :: every PRESENT manifest rendition delivered bytes: 2
CHECK_OK restore.entry.alpha-report.v2.info :: current metadata equal: title=Current label currentVersion=3 classification=CLASSIFICATION_STATE_UNCLASSIFIED
CHECK_OK restore.entry.alpha-report.v3.bytes :: renditions=3 byte-equal to the recorded read
CHECK_OK restore.entry.alpha-report.v3.manifest :: manifest equal; frozen snapshot title=Revised report
CHECK_OK restore.entry.alpha-report.v3.present :: every PRESENT manifest rendition delivered bytes: 3
CHECK_OK restore.entry.alpha-report.v3.info :: current metadata equal: title=Current label currentVersion=3 classification=CLASSIFICATION_STATE_UNCLASSIFIED
CHECK_OK restore.entry.alpha-notes.v1.bytes :: renditions=1 byte-equal to the recorded read
CHECK_OK restore.entry.alpha-notes.v1.manifest :: manifest equal; frozen snapshot title=Notes
CHECK_OK restore.entry.alpha-notes.v1.present :: every PRESENT manifest rendition delivered bytes: 1
CHECK_OK restore.entry.alpha-notes.v1.info :: current metadata equal: title=Notes currentVersion=1 classification=CLASSIFICATION_STATE_IDENTIFIED
CHECK_OK restore.entry.beta-subject.v1.bytes :: renditions=1 byte-equal to the recorded read
CHECK_OK restore.entry.beta-subject.v1.manifest :: manifest equal; frozen snapshot title=Subject record
CHECK_OK restore.entry.beta-subject.v1.present :: every PRESENT manifest rendition delivered bytes: 1
CHECK_OK restore.entry.beta-subject.v1.info :: current metadata equal: title=Subject record currentVersion=2 classification=CLASSIFICATION_STATE_IDENTIFIED
CHECK_OK restore.entry.beta-subject.v2.bytes :: renditions=1 byte-equal to the recorded read
CHECK_OK restore.entry.beta-subject.v2.manifest :: manifest equal; frozen snapshot title=Subject record
CHECK_OK restore.entry.beta-subject.v2.present :: every PRESENT manifest rendition delivered bytes: 1
CHECK_OK restore.entry.beta-subject.v2.info :: current metadata equal: title=Subject record currentVersion=2 classification=CLASSIFICATION_STATE_IDENTIFIED
CHECK_OK restore.entry.beta-draft.v2.bytes :: renditions=1 byte-equal to the recorded read
CHECK_OK restore.entry.beta-draft.v2.manifest :: manifest equal; frozen snapshot title=Draft
CHECK_OK restore.entry.beta-draft.v2.present :: every PRESENT manifest rendition delivered bytes: 1
CHECK_OK restore.entry.beta-draft.v2.info :: current metadata equal: title=Draft currentVersion=2 classification=CLASSIFICATION_STATE_IDENTIFIED
CHECK_OK restore.fresh_incarnation :: recovered host registered 2 new ACTIVE incarnation(s); restored states unchanged
CHECK_OK restore.versions.alpha-report :: listing equal: [3, 2, 1]
CHECK_OK restore.versions.alpha-notes :: listing equal: [1]
CHECK_OK restore.versions.beta-subject :: listing equal: [2, 1]
CHECK_OK restore.versions.beta-draft :: listing equal: [2]
CHECK_OK restore.stats.qualification-docs.dfe4cbc7 :: entries=2 versions=4 retainedBytes=1050766 currentBytes=1050710
CHECK_OK restore.stats.qualification-docs.dfe4cbc7 :: entries=1 versions=2 retainedBytes=25 currentBytes=25
CHECK_OK restore.stats.qualification-scratch.dfe4cbc7 :: entries=1 versions=1 retainedBytes=30 currentBytes=30
CHECK_OK restore.access.alpha-report.operator :: process authority reads alpha-report
CHECK_OK restore.access.alpha-report.member :: member without process authority: PERMISSION_DENIED
CHECK_OK restore.access.alpha-report.stranger :: stranger without process authority: PERMISSION_DENIED
CHECK_OK restore.access.alpha-report.outsider :: outsider without process authority: PERMISSION_DENIED
CHECK_OK restore.access.alpha-report.member_writes :: put=PERMISSION_DENIED mutation=PERMISSION_DENIED
CHECK_OK restore.access.alpha-report.cross_account :: the same entry id under the other account: NOT_FOUND
CHECK_OK restore.access.alpha-notes.operator :: process authority reads alpha-notes
CHECK_OK restore.access.alpha-notes.member :: member without process authority: PERMISSION_DENIED
CHECK_OK restore.access.alpha-notes.stranger :: stranger without process authority: PERMISSION_DENIED
CHECK_OK restore.access.alpha-notes.outsider :: outsider without process authority: PERMISSION_DENIED
CHECK_OK restore.access.alpha-notes.member_writes :: put=PERMISSION_DENIED mutation=PERMISSION_DENIED
CHECK_OK restore.access.alpha-notes.cross_account :: the same entry id under the other account: NOT_FOUND
CHECK_OK restore.access.beta-subject.operator :: process authority reads beta-subject
CHECK_OK restore.access.beta-subject.member :: member without process authority: PERMISSION_DENIED
CHECK_OK restore.access.beta-subject.stranger :: stranger without process authority: PERMISSION_DENIED
CHECK_OK restore.access.beta-subject.outsider :: outsider without process authority: PERMISSION_DENIED
CHECK_OK restore.access.beta-subject.member_writes :: put=PERMISSION_DENIED mutation=PERMISSION_DENIED
CHECK_OK restore.access.beta-subject.cross_account :: the same entry id under the other account: NOT_FOUND
CHECK_OK restore.access.beta-draft.operator :: process authority reads beta-draft
CHECK_OK restore.access.beta-draft.member :: member without process authority: PERMISSION_DENIED
CHECK_OK restore.access.beta-draft.stranger :: stranger without process authority: PERMISSION_DENIED
CHECK_OK restore.access.beta-draft.outsider :: outsider without process authority: PERMISSION_DENIED
CHECK_OK restore.access.beta-draft.member_writes :: put=PERMISSION_DENIED mutation=PERMISSION_DENIED
CHECK_OK restore.access.beta-draft.cross_account :: the same entry id under the other account: NOT_FOUND
CHECK_OK restore.access.mutation_lookup :: member=PERMISSION_DENIED other account=NOT_FOUND
CHECK_OK restore.access_matrix_unchanged :: matrix={operator.alpha-report=OK, member.alpha-report=PERMISSION_DENIED, stranger.alpha-report=PERMISSION_DENIED, outsider.alpha-report=PERMISSION_DENIED, member-write.alpha-report=PERMISSION_DENIED, member-mutation.alpha-report=PERMISSION_DENIED, cross-account.alpha-report=NOT_FOUND, operator.alpha-notes=OK, member.alpha-notes=PERMISSION_DENIED, stranger.alpha-notes=PERMISSION_DENIED, outsider.alpha-notes=PERMISSION_DENIED, member-write.alpha-notes=PERMISSION_DENIED, member-mutation.alpha-notes=PERMISSION_DENIED, cross-account.alpha-notes=NOT_FOUND, operator.beta-subject=OK, member.beta-subject=PERMISSION_DENIED, stranger.beta-subject=PERMISSION_DENIED, outsider.beta-subject=PERMISSION_DENIED, member-write.beta-subject=PERMISSION_DENIED, member-mutation.beta-subject=PERMISSION_DENIED, cross-account.beta-subject=NOT_FOUND, operator.beta-draft=OK, member.beta-draft=PERMISSION_DENIED, stranger.beta-draft=PERMISSION_DENIED, outsider.beta-draft=PERMISSION_DENIED, member-write.beta-draft=PERMISSION_DENIED, member-mutation.beta-draft=PERMISSION_DENIED, cross-account.beta-draft=NOT_FOUND, member-mutation-lookup=PERMISSION_DENIED, cross-account-mutation-lookup=NOT_FOUND}
CHECK_OK restore.transport.unauthenticated :: status=UNAUTHENTICATED
CHECK_OK restore.transport.entry :: authenticated read of alpha-report v1 equals the recorded response
CHECK_OK restore.transport.mutation_lookup :: authenticated receipt lookup carries the recorded logical admission; state=ARCHIVE_MUTATION_STATE_COMPLETED
CHECK_OK restore.pending.completed :: mutation recovery lane reclaimed every pending target after restore: state=ARCHIVE_MUTATION_STATE_COMPLETED pending=0 confirmedAbsent=2 statusRevision=2
CHECK_OK restore.pending.completed_receipt :: confirmedAbsent=2 statusRevision=2; logical admission unchanged
CHECK_OK restore.replay.put.alpha-report :: deduplicated=true version=3; retained manifest returned, no version landed
CHECK_OK restore.replay.mutation.beta-subject :: same operation id and command: logical admission equal, state=ARCHIVE_MUTATION_STATE_COMPLETED pending=0 statusRevision=2
CHECK_OK restore.pending.targets_reclaimed :: both targets DELETED after one cleanup attempt each; the shared original stays LIVE
CHECK_OK restore.after-cleanup.provider.547199d39d41 :: LIVE bucket=qualification-abq-beta-dfe4cbc7-qualification-archive key=qualification-archive/archive/abq-beta-dfe4cbc7/qualification-docs/7d6c2c0b-703e-370a-b9d3-9cf1586910fa/original/writes/a4813861-9c53-4495-ae2a-53f4d9a8ca66/e46c396df8b8d143196bdcdfef76ed6bc33be1126765281d36bb9cc53663cd2b version=40260b2b-1850-4df2-abc8-d79c6be6d835 sha256=e46c396df8b8d143196bdcdfef76ed6bc33be1126765281d36bb9cc53663cd2b etag="8e5836ae88382e6698b42f9290f44b0b"
CHECK_OK restore.after-cleanup.provider.447a0d1d9ad5 :: DELETED bucket=qualification-abq-beta-dfe4cbc7-qualification-archive key=qualification-archive/archive/abq-beta-dfe4cbc7/qualification-docs/7d6c2c0b-703e-370a-b9d3-9cf1586910fa/scratch/writes/7a702ac9-8c39-493a-aa50-163a0682d5b7/9a90b090eb864fa0c82c468eccbc2cab06122b5cbf308b35e6ac59141a034e7a: recorded version 0ba90c09-e112-4a46-9fbb-f566df133527 -> NoSuchKeyException: The specified key does not exist. (Service: S3, Status Code: 404, Request ID: null) (SDK Attempt Count: 1); versions left under the key=0
CHECK_OK restore.after-cleanup.provider.a16c1c21758e :: DELETED bucket=qualification-abq-beta-dfe4cbc7-qualification-archive key=qualification-archive/archive/abq-beta-dfe4cbc7/qualification-docs/7d6c2c0b-703e-370a-b9d3-9cf1586910fa/scratch/writes/a5512f98-4c16-4aa2-be65-c1872d93a7e6/057d82a72ad9f069979440fc1d6ea35555fcbff6a87c2477e2800d23e41524ea: recorded version 77a81483-d2a0-4f4b-9694-cef05448878e -> NoSuchKeyException: The specified key does not exist. (Service: S3, Status Code: 404, Request ID: null) (SDK Attempt Count: 1); versions left under the key=0
CHECK_OK restore.after-cleanup.provider.count :: objects=3 live=1 reclaimed=2
CHECK_OK after-cleanup.entry.alpha-report.v1.bytes :: renditions=2 byte-equal to the recorded read
CHECK_OK after-cleanup.entry.alpha-report.v1.manifest :: manifest equal; frozen snapshot title=Quarterly report
CHECK_OK after-cleanup.entry.alpha-report.v1.present :: every PRESENT manifest rendition delivered bytes: 2
CHECK_OK after-cleanup.entry.alpha-report.v2.bytes :: renditions=2 byte-equal to the recorded read
CHECK_OK after-cleanup.entry.alpha-report.v2.manifest :: manifest equal; frozen snapshot title=Revised report
CHECK_OK after-cleanup.entry.alpha-report.v2.present :: every PRESENT manifest rendition delivered bytes: 2
CHECK_OK after-cleanup.entry.alpha-report.v3.bytes :: renditions=3 byte-equal to the recorded read
CHECK_OK after-cleanup.entry.alpha-report.v3.manifest :: manifest equal; frozen snapshot title=Revised report
CHECK_OK after-cleanup.entry.alpha-report.v3.present :: every PRESENT manifest rendition delivered bytes: 3
CHECK_OK after-cleanup.entry.alpha-notes.v1.bytes :: renditions=1 byte-equal to the recorded read
CHECK_OK after-cleanup.entry.alpha-notes.v1.manifest :: manifest equal; frozen snapshot title=Notes
CHECK_OK after-cleanup.entry.alpha-notes.v1.present :: every PRESENT manifest rendition delivered bytes: 1
CHECK_OK after-cleanup.entry.beta-subject.v1.bytes :: renditions=1 byte-equal to the recorded read
CHECK_OK after-cleanup.entry.beta-subject.v1.manifest :: manifest equal; frozen snapshot title=Subject record
CHECK_OK after-cleanup.entry.beta-subject.v1.present :: every PRESENT manifest rendition delivered bytes: 1
CHECK_OK after-cleanup.entry.beta-subject.v2.bytes :: renditions=1 byte-equal to the recorded read
CHECK_OK after-cleanup.entry.beta-subject.v2.manifest :: manifest equal; frozen snapshot title=Subject record
CHECK_OK after-cleanup.entry.beta-subject.v2.present :: every PRESENT manifest rendition delivered bytes: 1
CHECK_OK after-cleanup.entry.beta-draft.v2.bytes :: renditions=1 byte-equal to the recorded read
CHECK_OK after-cleanup.entry.beta-draft.v2.manifest :: manifest equal; frozen snapshot title=Draft
CHECK_OK after-cleanup.entry.beta-draft.v2.present :: every PRESENT manifest rendition delivered bytes: 1
CHECK_OK after-write.new_version :: version 4 committed after restore; original and attachment re-referenced by the recorded bindings, new markdown object bound
CHECK_OK after-write.sequence_advanced :: archive_mutation_revision_seq 35 > restored 31; entry revision 35 > 31
CHECK_OK after-write.readable :: version 4 reads with the shared original, the shared attachment and the new markdown
CHECK_OK after-write.listing :: versions=[4, 3, 2, 1]
CHECK_OK after-write.entry.alpha-report.v1.bytes :: renditions=2 byte-equal to the recorded read
CHECK_OK after-write.entry.alpha-report.v1.manifest :: manifest equal; frozen snapshot title=Quarterly report
CHECK_OK after-write.entry.alpha-report.v1.present :: every PRESENT manifest rendition delivered bytes: 2
CHECK_OK after-write.entry.alpha-report.v2.bytes :: renditions=2 byte-equal to the recorded read
CHECK_OK after-write.entry.alpha-report.v2.manifest :: manifest equal; frozen snapshot title=Revised report
CHECK_OK after-write.entry.alpha-report.v2.present :: every PRESENT manifest rendition delivered bytes: 2
CHECK_OK after-write.entry.alpha-report.v3.bytes :: renditions=3 byte-equal to the recorded read
CHECK_OK after-write.entry.alpha-report.v3.manifest :: manifest equal; frozen snapshot title=Revised report
CHECK_OK after-write.entry.alpha-report.v3.present :: every PRESENT manifest rendition delivered bytes: 3
CHECK_OK after-write.entry.alpha-notes.v1.bytes :: renditions=1 byte-equal to the recorded read
CHECK_OK after-write.entry.alpha-notes.v1.manifest :: manifest equal; frozen snapshot title=Notes
CHECK_OK after-write.entry.alpha-notes.v1.present :: every PRESENT manifest rendition delivered bytes: 1
CHECK_OK after-write.entry.beta-subject.v1.bytes :: renditions=1 byte-equal to the recorded read
CHECK_OK after-write.entry.beta-subject.v1.manifest :: manifest equal; frozen snapshot title=Subject record
CHECK_OK after-write.entry.beta-subject.v1.present :: every PRESENT manifest rendition delivered bytes: 1
CHECK_OK after-write.entry.beta-subject.v2.bytes :: renditions=1 byte-equal to the recorded read
CHECK_OK after-write.entry.beta-subject.v2.manifest :: manifest equal; frozen snapshot title=Subject record
CHECK_OK after-write.entry.beta-subject.v2.present :: every PRESENT manifest rendition delivered bytes: 1
CHECK_OK after-write.entry.beta-draft.v2.bytes :: renditions=1 byte-equal to the recorded read
CHECK_OK after-write.entry.beta-draft.v2.manifest :: manifest equal; frozen snapshot title=Draft
CHECK_OK after-write.entry.beta-draft.v2.present :: every PRESENT manifest rendition delivered bytes: 1
CHECK_OK after-write.versions.alpha-report :: recorded manifests retained inside listing [4, 3, 2, 1]
CHECK_OK after-write.versions.alpha-notes :: recorded manifests retained inside listing [1]
CHECK_OK after-write.versions.beta-subject :: recorded manifests retained inside listing [2, 1]
CHECK_OK after-write.versions.beta-draft :: recorded manifests retained inside listing [2]
CHECK_OK after-write.lifecycle.admitted :: markdown deleted from four retained versions: three distinct objects targeted, state=ARCHIVE_MUTATION_STATE_ADMITTED
CHECK_OK after-write.lifecycle.completed :: retention cleanup completed at the original backend: state=ARCHIVE_MUTATION_STATE_COMPLETED pending=0 confirmedAbsent=3 statusRevision=3
CHECK_OK after-write.lifecycle.confirmed :: confirmedAbsent=3
CHECK_OK after-write.lifecycle.v1 :: markdown tombstoned with reason and provenance; 1 retained sibling rendition(s) byte-equal
CHECK_OK after-write.lifecycle.v2 :: markdown tombstoned with reason and provenance; 1 retained sibling rendition(s) byte-equal
CHECK_OK after-write.lifecycle.v3 :: markdown tombstoned with reason and provenance; 2 retained sibling rendition(s) byte-equal
CHECK_OK after-write.lifecycle.v4 :: markdown tombstoned with reason and provenance; 2 retained sibling rendition(s) byte-equal
CHECK_OK after-write.lifecycle.bindings :: the shared original (versions 1,2,3,4) and attachment (versions 3,4) stay LIVE; three markdown objects DELETED
CHECK_OK after-write.lifecycle.provider.7cc6bee52f2c :: DELETED bucket=qualification-abq-alpha-dfe4cbc7-qualification-archive key=qualification-archive/archive/abq-alpha-dfe4cbc7/qualification-docs/620c363f-3bb2-3e01-8006-485c0c458b23/markdown/writes/0eb9d41c-4d4f-41fe-9d90-18b5b2752ce7/70d0e3aaa7e836af5e7ec2849a26c17949e70db9ffb250bcf1196494df1ae64c: recorded version a99f2ad7-4a40-4f84-802a-61dfc83f6c4d -> NoSuchKeyException: The specified key does not exist. (Service: S3, Status Code: 404, Request ID: null) (SDK Attempt Count: 1); versions left under the key=0
CHECK_OK after-write.lifecycle.provider.49eadb7fc0e3 :: DELETED bucket=qualification-abq-alpha-dfe4cbc7-qualification-archive key=qualification-archive/archive/abq-alpha-dfe4cbc7/qualification-docs/620c363f-3bb2-3e01-8006-485c0c458b23/markdown/writes/7f7a8c7d-cd10-40e6-a51b-98316fad97a9/5b24832a3cf4b122755c2548e94fc5b81f0ee977d51d988aa117f18e5ebfec5f: recorded version 26793116-4253-41a8-af93-6721adae1eb5 -> NoSuchKeyException: The specified key does not exist. (Service: S3, Status Code: 404, Request ID: null) (SDK Attempt Count: 1); versions left under the key=0
CHECK_OK after-write.lifecycle.provider.d09b494dbbeb :: DELETED bucket=qualification-abq-alpha-dfe4cbc7-qualification-archive key=qualification-archive/archive/abq-alpha-dfe4cbc7/qualification-docs/620c363f-3bb2-3e01-8006-485c0c458b23/markdown/writes/9b387ad8-b7fd-47b6-a165-0edd60f7d427/0b61ed7160d074897e6f4bb71b7f013c28b977b9c1f113d649901e402ea8dce3: recorded version 5e351f0a-870f-4ebd-af83-11f64c286d8f -> NoSuchKeyException: The specified key does not exist. (Service: S3, Status Code: 404, Request ID: null) (SDK Attempt Count: 1); versions left under the key=0
CHECK_OK after-write.lifecycle.provider.baf384bc68b2 :: LIVE bucket=qualification-abq-alpha-dfe4cbc7-qualification-archive key=qualification-archive/archive/abq-alpha-dfe4cbc7/qualification-docs/620c363f-3bb2-3e01-8006-485c0c458b23/original/writes/287eedd7-e688-46cb-b548-d639120af3cb/3d9a7260fe3fed7c866101cbb7e08ad2524a0f111905db271b18f15d1bc2b944 version=2f7b8183-59ef-4627-bcd8-20f7cea512ae sha256=3d9a7260fe3fed7c866101cbb7e08ad2524a0f111905db271b18f15d1bc2b944 etag="20cacf4858b088c849d9ae043f0c76d0"
CHECK_OK after-write.lifecycle.provider.66968843a940 :: LIVE bucket=qualification-abq-alpha-dfe4cbc7-qualification-archive key=qualification-archive/archive/abq-alpha-dfe4cbc7/qualification-docs/620c363f-3bb2-3e01-8006-485c0c458b23/writes/ddf3f50b-2230-4c55-9296-d4f0ccd69120 version=9881c7b4-ee2a-48a4-b643-63cd30e1059c sha256=4d468aa08c6a9c30b1ce6970acf4a3ec01c6b64d2b98d6629d86242f6ac76f38 etag="388d3675ab92c81874766b5a75c539a8"
CHECK_OK after-write.lifecycle.provider.count :: objects=5 live=2 reclaimed=3
CHECK_OK after-write.lifecycle.stats :: entries=2 versions=5 retainedBytes=1050645 currentBytes=1050645
CHECK_OK after-lifecycle.entry.alpha-notes.v1.bytes :: renditions=1 byte-equal to the recorded read
CHECK_OK after-lifecycle.entry.alpha-notes.v1.manifest :: manifest equal; frozen snapshot title=Notes
CHECK_OK after-lifecycle.entry.alpha-notes.v1.present :: every PRESENT manifest rendition delivered bytes: 1
CHECK_OK after-lifecycle.entry.beta-subject.v1.bytes :: renditions=1 byte-equal to the recorded read
CHECK_OK after-lifecycle.entry.beta-subject.v1.manifest :: manifest equal; frozen snapshot title=Subject record
CHECK_OK after-lifecycle.entry.beta-subject.v1.present :: every PRESENT manifest rendition delivered bytes: 1
CHECK_OK after-lifecycle.entry.beta-subject.v2.bytes :: renditions=1 byte-equal to the recorded read
CHECK_OK after-lifecycle.entry.beta-subject.v2.manifest :: manifest equal; frozen snapshot title=Subject record
CHECK_OK after-lifecycle.entry.beta-subject.v2.present :: every PRESENT manifest rendition delivered bytes: 1
CHECK_OK after-lifecycle.entry.beta-draft.v2.bytes :: renditions=1 byte-equal to the recorded read
CHECK_OK after-lifecycle.entry.beta-draft.v2.manifest :: manifest equal; frozen snapshot title=Draft
CHECK_OK after-lifecycle.entry.beta-draft.v2.present :: every PRESENT manifest rendition delivered bytes: 1
CHECK_OK restore.ready :: recovered host advertised ready after verification, fresh write and lifecycle operation
[main] INFO com.zaxxer.hikari.HikariDataSource - document-ledger - Shutdown initiated...
[main] INFO com.zaxxer.hikari.HikariDataSource - document-ledger - Shutdown completed.
[main] INFO ai.protomolt.proto.repo.service.RepoServices - repo-service stopped
CHECK_OK verify.not_ready :: READY is only written by a fully verified host
ARCHIVE_BACKUP_QUALIFICATION_RECOVERED_VERIFY_OK
