[main] WARN com.zaxxer.hikari.HikariConfig - document-ledger - idleTimeout has been set but has no effect because the pool is operating as a fixed size pool.
[main] INFO com.zaxxer.hikari.HikariDataSource - document-ledger - Starting...
[main] INFO com.zaxxer.hikari.pool.HikariPool - document-ledger - Added connection org.postgresql.jdbc.PgConnection@b6b1987
[main] INFO com.zaxxer.hikari.HikariDataSource - document-ledger - Start completed.
[main] INFO org.flywaydb.core.FlywayExecutor - Database: jdbc:postgresql:******** (PostgreSQL 18.6)
[main] WARN org.flywaydb.core.internal.util.DeprecationUtils - initSql is deprecated and will be removed in a future release. Please use 'afterConnect' callback instead
[main] INFO org.flywaydb.core.internal.schemahistory.JdbcTableSchemaHistory - Schema history table "public"."flyway_schema_history" does not exist yet
[main] INFO org.flywaydb.core.internal.command.DbValidate - Successfully validated 111 migrations (execution time 00:00.031s)
[main] INFO org.flywaydb.core.internal.schemahistory.JdbcTableSchemaHistory - Creating Schema History table "public"."flyway_schema_history" ...
[main] WARN org.flywaydb.core.internal.util.DeprecationUtils - initSql is deprecated and will be removed in a future release. Please use 'afterConnect' callback instead
[main] INFO org.flywaydb.core.internal.command.DbMigrate - Current version of schema "public": << Empty Schema >>
[main] INFO org.flywaydb.core.internal.command.DbMigrate - Migrating schema "public" to version "1 - initial schema"
[main] INFO org.flywaydb.core.internal.command.DbMigrate - Migrating schema "public" to version "2 - drive provider config"
[main] INFO org.flywaydb.core.internal.command.DbMigrate - Migrating schema "public" to version "3 - document purges"
[main] INFO org.flywaydb.core.internal.command.DbMigrate - Migrating schema "public" to version "4 - document events outbox"
[main] INFO org.flywaydb.core.internal.command.DbMigrate - Migrating schema "public" to version "5 - document purges relayed at"
[main] INFO org.flywaydb.core.internal.command.DbMigrate - Migrating schema "public" to version "6 - archive"
[main] INFO org.flywaydb.core.internal.command.DbMigrate - Migrating schema "public" to version "7 - archive classification"
[main] INFO org.flywaydb.core.internal.command.DbMigrate - Migrating schema "public" to version "8 - document mutation revision"
[main] INFO org.flywaydb.core.internal.command.DbMigrate - Migrating schema "public" to version "9 - purge admission generation"
[main] INFO org.flywaydb.core.internal.command.DbMigrate - Migrating schema "public" to version "10 - managed raw objects"
[main] INFO org.flywaydb.core.internal.command.DbMigrate - Migrating schema "public" to version "11 - managed backend profiles"
[main] INFO org.flywaydb.core.internal.command.DbMigrate - Migrating schema "public" to version "12 - archive mutation revisions"
[main] INFO org.flywaydb.core.internal.command.DbMigrate - Migrating schema "public" to version "13 - archive retained set revision"
[main] INFO org.flywaydb.core.internal.command.DbMigrate - Migrating schema "public" to version "14 - archive object bindings"
[main] INFO org.flywaydb.core.internal.command.DbMigrate - Migrating schema "public" to version "15 - archive upload admission"
[main] INFO org.flywaydb.core.internal.command.DbMigrate - Migrating schema "public" to version "16 - archive version object references"
[main] INFO org.flywaydb.core.internal.command.DbMigrate - Migrating schema "public" to version "17 - provider backend identity"
[main] INFO org.flywaydb.core.internal.command.DbMigrate - Migrating schema "public" to version "18 - archive object recovery"
[main] INFO org.flywaydb.core.internal.command.DbMigrate - Migrating schema "public" to version "19 - archive mutation admission"
[main] INFO org.flywaydb.core.internal.command.DbMigrate - Migrating schema "public" to version "20 - archive mutation observations"
[main] INFO org.flywaydb.core.internal.command.DbMigrate - Migrating schema "public" to version "21 - document part attempt admission"
[main] INFO org.flywaydb.core.internal.command.DbMigrate - Migrating schema "public" to version "22 - document part publication"
[main] INFO org.flywaydb.core.internal.command.DbMigrate - Migrating schema "public" to version "23 - document key reservations"
[main] INFO org.flywaydb.core.internal.command.DbMigrate - Migrating schema "public" to version "24 - abandoned document attempt cleanup"
[main] INFO org.flywaydb.core.internal.command.DbMigrate - Migrating schema "public" to version "25 - repository physical locations"
[main] INFO org.flywaydb.core.internal.command.DbMigrate - Migrating schema "public" to version "26 - repository retention bridge"
[main] INFO org.flywaydb.core.internal.command.DbMigrate - Migrating schema "public" to version "27 - repository retirement"
[main] INFO org.flywaydb.core.internal.command.DbMigrate - Migrating schema "public" to version "28 - archive reader pins"
[main] INFO org.flywaydb.core.internal.command.DbMigrate - Migrating schema "public" to version "29 - shared archive reader locks"
[main] INFO org.flywaydb.core.internal.command.DbMigrate - Migrating schema "public" to version "30 - archive read calls"
[main] INFO org.flywaydb.core.internal.command.DbMigrate - Migrating schema "public" to version "31 - reader incarnation fence"
[main] INFO org.flywaydb.core.internal.command.DbMigrate - Migrating schema "public" to version "32 - reader local quiescence"
[main] INFO org.flywaydb.core.internal.command.DbMigrate - Migrating schema "public" to version "33 - archive reader recovery order"
[main] INFO org.flywaydb.core.internal.command.DbMigrate - Migrating schema "public" to version "34 - repository operation admission"
[main] INFO org.flywaydb.core.internal.command.DbMigrate - Migrating schema "public" to version "35 - repository operation write fence"
[main] INFO org.flywaydb.core.internal.command.DbMigrate - Migrating schema "public" to version "36 - operation bound document attempts"
[main] INFO org.flywaydb.core.internal.command.DbMigrate - Migrating schema "public" to version "37 - document revision lock batches"
[main] INFO org.flywaydb.core.internal.command.DbMigrate - Migrating schema "public" to version "38 - document revision projection"
[main] INFO org.flywaydb.core.internal.command.DbMigrate - Migrating schema "public" to version "39 - document revision retention"
[main] INFO org.flywaydb.core.internal.sqlscript.DefaultSqlScriptExecutor - +------------------------------------+
| assert_document_revision_retention |
+------------------------------------+
|                                    |
+------------------------------------+

[main] INFO org.flywaydb.core.internal.sqlscript.DefaultSqlScriptExecutor - +------------------------------------+
| assert_document_revision_retention |
+------------------------------------+
|                                    |
+------------------------------------+

[main] INFO org.flywaydb.core.internal.command.DbMigrate - Migrating schema "public" to version "40 - document operation selections"
[main] INFO org.flywaydb.core.internal.command.DbMigrate - Migrating schema "public" to version "41 - document admission lock modes"
[main] INFO org.flywaydb.core.internal.command.DbMigrate - Migrating schema "public" to version "42 - document operation selection history"
[main] INFO org.flywaydb.core.internal.command.DbMigrate - Migrating schema "public" to version "43 - selected document attempt writes"
[main] INFO org.flywaydb.core.internal.command.DbMigrate - Migrating schema "public" to version "44 - document reader pins"
[main] INFO org.flywaydb.core.internal.command.DbMigrate - Migrating schema "public" to version "45 - document reader batch release"
[main] INFO org.flywaydb.core.internal.command.DbMigrate - Migrating schema "public" to version "46 - document reader quiescent recovery"
[main] INFO org.flywaydb.core.internal.command.DbMigrate - Migrating schema "public" to version "47 - document reader recovery discovery"
[main] INFO org.flywaydb.core.internal.command.DbMigrate - Migrating schema "public" to version "48 - repository schema artifact staging"
[main] INFO org.flywaydb.core.internal.command.DbMigrate - Migrating schema "public" to version "49 - repository operation recovery fence"
[main] INFO org.flywaydb.core.internal.command.DbMigrate - Migrating schema "public" to version "50 - repository schema replaced claim release"
[main] INFO org.flywaydb.core.internal.command.DbMigrate - Migrating schema "public" to version "51 - document event recording"
[main] INFO org.flywaydb.core.internal.command.DbMigrate - Migrating schema "public" to version "52 - independent document publication"
[main] INFO org.flywaydb.core.internal.command.DbMigrate - Migrating schema "public" to version "53 - native document coordinates"
[main] INFO org.flywaydb.core.internal.command.DbMigrate - Migrating schema "public" to version "54 - revision physical lookup"
[main] INFO org.flywaydb.core.internal.command.DbMigrate - Migrating schema "public" to version "55 - document revision schema references"
[main] INFO org.flywaydb.core.internal.command.DbMigrate - Migrating schema "public" to version "56 - document revision schema evidence"
[main] INFO org.flywaydb.core.internal.command.DbMigrate - Migrating schema "public" to version "57 - document revision schema assets"
[main] INFO org.flywaydb.core.internal.command.DbMigrate - Migrating schema "public" to version "58 - document schema policy catalog"
[main] INFO org.flywaydb.core.internal.command.DbMigrate - Migrating schema "public" to version "59 - document schema policy publication fence"
[main] INFO org.flywaydb.core.internal.command.DbMigrate - Migrating schema "public" to version "60 - document schema retention manifest"
[main] INFO org.flywaydb.core.internal.command.DbMigrate - Migrating schema "public" to version "61 - document schema admission binding"
[main] INFO org.flywaydb.core.internal.command.DbMigrate - Migrating schema "public" to version "62 - document schema container role"
[main] INFO org.flywaydb.core.internal.command.DbMigrate - Migrating schema "public" to version "63 - document historical read pins"
[main] INFO org.flywaydb.core.internal.command.DbMigrate - Migrating schema "public" to version "64 - repository operation rejection"
[main] INFO org.flywaydb.core.internal.command.DbMigrate - Migrating schema "public" to version "65 - repository retention lock set"
[main] INFO org.flywaydb.core.internal.command.DbMigrate - Migrating schema "public" to version "66 - document assessment staging"
[main] INFO org.flywaydb.core.internal.command.DbMigrate - Migrating schema "public" to version "67 - document assessment artifacts"
[main] INFO org.flywaydb.core.internal.command.DbMigrate - Migrating schema "public" to version "68 - document assessment roots"
[main] INFO org.flywaydb.core.internal.command.DbMigrate - Migrating schema "public" to version "69 - document assessment slot snapshots"
[main] INFO org.flywaydb.core.internal.command.DbMigrate - Migrating schema "public" to version "70 - shared repository retention set"
[main] INFO org.flywaydb.core.internal.command.DbMigrate - Migrating schema "public" to version "71 - document assessment read sessions"
[main] INFO org.flywaydb.core.internal.command.DbMigrate - Migrating schema "public" to version "72 - document assessment read release"
[main] INFO org.flywaydb.core.internal.command.DbMigrate - Migrating schema "public" to version "73 - document assessment read identity"
[main] INFO org.flywaydb.core.internal.command.DbMigrate - Migrating schema "public" to version "74 - reader registration identity"
[main] INFO org.flywaydb.core.internal.command.DbMigrate - Migrating schema "public" to version "75 - nonnegative archive statistics"
[main] INFO org.flywaydb.core.internal.command.DbMigrate - Migrating schema "public" to version "76 - admission rejection assessment binding"
[main] INFO org.flywaydb.core.internal.command.DbMigrate - Migrating schema "public" to version "77 - rejected assessment read authority"
[main] INFO org.flywaydb.core.internal.command.DbMigrate - Migrating schema "public" to version "78 - repository execution claims"
[main] INFO org.flywaydb.core.internal.command.DbMigrate - Migrating schema "public" to version "79 - repository claim mutation fences"
[main] INFO org.flywaydb.core.internal.command.DbMigrate - Migrating schema "public" to version "80 - single call execution claim fence"
[main] INFO org.flywaydb.core.internal.command.DbMigrate - Migrating schema "public" to version "81 - private publication preparations"
[main] INFO org.flywaydb.core.internal.command.DbMigrate - Migrating schema "public" to version "82 - private publication modes"
[main] INFO org.flywaydb.core.internal.command.DbMigrate - Migrating schema "public" to version "83 - private assessment start"
[main] INFO org.flywaydb.core.internal.command.DbMigrate - Migrating schema "public" to version "84 - journaled owner mode guards"
[main] INFO org.flywaydb.core.internal.command.DbMigrate - Migrating schema "public" to version "85 - pre owner registration abandonment"
[main] INFO org.flywaydb.core.internal.command.DbMigrate - Migrating schema "public" to version "86 - historical assessment provenance"
[main] INFO org.flywaydb.core.internal.command.DbMigrate - Migrating schema "public" to version "87 - historical assessment snapshot version"
[main] INFO org.flywaydb.core.internal.command.DbMigrate - Migrating schema "public" to version "88 - revision retention inventory indexes"
[main] INFO org.flywaydb.core.internal.command.DbMigrate - Migrating schema "public" to version "89 - private coordinator bindings"
[main] INFO org.flywaydb.core.internal.command.DbMigrate - Migrating schema "public" to version "90 - coordinator admission drain"
[main] INFO org.flywaydb.core.internal.command.DbMigrate - Migrating schema "public" to version "91 - coordinator local drain"
[main] INFO org.flywaydb.core.internal.command.DbMigrate - Migrating schema "public" to version "92 - graceful coordinator handoff"
[main] INFO org.flywaydb.core.internal.command.DbMigrate - Migrating schema "public" to version "93 - atomic successor generation"
[main] INFO org.flywaydb.core.internal.command.DbMigrate - Migrating schema "public" to version "94 - successor execution identity"
[main] INFO org.flywaydb.core.internal.command.DbMigrate - Migrating schema "public" to version "95 - undrained coordinator execution fence"
[main] INFO org.flywaydb.core.internal.command.DbMigrate - Migrating schema "public" to version "96 - coordinator reservation identity"
[main] INFO org.flywaydb.core.internal.command.DbMigrate - Migrating schema "public" to version "97 - expired coordinator reservation"
[main] INFO org.flywaydb.core.internal.command.DbMigrate - Migrating schema "public" to version "98 - unactivated coordinator supersession"
[main] INFO org.flywaydb.core.internal.command.DbMigrate - Migrating schema "public" to version "99 - repository credential authority"
[main] INFO org.flywaydb.core.internal.command.DbMigrate - Migrating schema "public" to version "100 - repository creation grants"
[main] INFO org.flywaydb.core.internal.command.DbMigrate - Migrating schema "public" to version "101 - preserve successor publication modes"
[main] INFO org.flywaydb.core.internal.command.DbMigrate - Migrating schema "public" to version "102 - freeze archive version metadata"
[main] INFO org.flywaydb.core.internal.command.DbMigrate - Migrating schema "public" to version "103 - publication preparation history roots"
[main] INFO org.flywaydb.core.internal.command.DbMigrate - Migrating schema "public" to version "104 - preparation source pin batches"
[main] INFO org.flywaydb.core.internal.command.DbMigrate - Migrating schema "public" to version "105 - preparation pin capture owners"
[main] INFO org.flywaydb.core.internal.command.DbMigrate - Migrating schema "public" to version "106 - captured document pin identity"
[main] INFO org.flywaydb.core.internal.command.DbMigrate - Migrating schema "public" to version "107 - preparation capture drains"
[main] INFO org.flywaydb.core.internal.command.DbMigrate - Migrating schema "public" to version "108 - preparation capture admission closure"
[main] INFO org.flywaydb.core.internal.command.DbMigrate - Migrating schema "public" to version "109 - historical successor activation"
[main] INFO org.flywaydb.core.internal.command.DbMigrate - Migrating schema "public" to version "110 - historical recovery limit decisions"
[main] INFO org.flywaydb.core.internal.command.DbMigrate - Migrating schema "public" to version "111 - preparation root release"
[main] INFO org.flywaydb.core.internal.command.DbMigrate - Successfully applied 111 migrations to schema "public", now at version v111 (execution time 00:00.431s)
Oct 08, 2026 1:05:02 PM org.hibernate.jpa.internal.util.LogHelper logPersistenceUnitInformation
INFO: HHH008540: Processing PersistenceUnitInfo [name: document-ledger]
Oct 08, 2026 1:05:02 PM org.hibernate.Version logVersion
INFO: HHH000001: Hibernate ORM core version 7.4.10.Final
Oct 08, 2026 1:05:02 PM org.hibernate.engine.jdbc.dialect.internal.DialectFactoryImpl constructDialect
WARN: HHH90000025: PostgreSQLDialect does not need to be specified explicitly using 'hibernate.dialect' (remove the property setting and it will be selected by default)
Oct 08, 2026 1:05:02 PM org.hibernate.engine.jdbc.env.internal.JdbcEnvironmentInitiator logConnectionInfo
INFO: HHH10001005: Database info:
	Database JDBC URL [jdbc:postgresql://127.0.0.1:33104/repo]
	Database driver: PostgreSQL JDBC Driver
	Database dialect: PostgreSQLDialect
	Database version: 18.6
	Default catalog/schema: repo/public
	Autocommit mode: undefined/unknown
	Isolation level: READ_COMMITTED [default READ_COMMITTED]
	JDBC fetch size: none
	Pool: DataSourceConnectionProvider
	Minimum pool size: undefined/unknown
	Maximum pool size: undefined/unknown
Oct 08, 2026 1:05:03 PM org.hibernate.engine.transaction.jta.platform.internal.JtaPlatformInitiator initiateService
INFO: HHH000489: No JTA platform available (set 'hibernate.transaction.jta.platform' to enable JTA platform integration)
[main] WARN com.zaxxer.hikari.HikariConfig - document-ledger - idleTimeout has been set but has no effect because the pool is operating as a fixed size pool.
[main] INFO com.zaxxer.hikari.HikariDataSource - document-ledger - Starting...
[main] INFO com.zaxxer.hikari.pool.HikariPool - document-ledger - Added connection org.postgresql.jdbc.PgConnection@66456506
[main] INFO com.zaxxer.hikari.HikariDataSource - document-ledger - Start completed.
[main] INFO org.flywaydb.core.FlywayExecutor - Database: jdbc:postgresql:******** (PostgreSQL 18.6)
[main] WARN org.flywaydb.core.internal.util.DeprecationUtils - initSql is deprecated and will be removed in a future release. Please use 'afterConnect' callback instead
[main] INFO org.flywaydb.core.internal.command.DbValidate - Successfully validated 111 migrations (execution time 00:00.023s)
[main] WARN org.flywaydb.core.internal.util.DeprecationUtils - initSql is deprecated and will be removed in a future release. Please use 'afterConnect' callback instead
[main] INFO org.flywaydb.core.internal.command.DbMigrate - Current version of schema "public": 111
[main] INFO org.flywaydb.core.internal.command.DbMigrate - Schema "public" is up to date. No migration necessary.
Oct 08, 2026 1:05:03 PM org.hibernate.jpa.internal.util.LogHelper logPersistenceUnitInformation
INFO: HHH008540: Processing PersistenceUnitInfo [name: document-ledger]
Oct 08, 2026 1:05:03 PM org.hibernate.engine.jdbc.dialect.internal.DialectFactoryImpl constructDialect
WARN: HHH90000025: PostgreSQLDialect does not need to be specified explicitly using 'hibernate.dialect' (remove the property setting and it will be selected by default)
Oct 08, 2026 1:05:03 PM org.hibernate.engine.jdbc.env.internal.JdbcEnvironmentInitiator logConnectionInfo
INFO: HHH10001005: Database info:
	Database JDBC URL [jdbc:postgresql://127.0.0.1:33104/repo]
	Database driver: PostgreSQL JDBC Driver
	Database dialect: PostgreSQLDialect
	Database version: 18.6
	Default catalog/schema: repo/public
	Autocommit mode: undefined/unknown
	Isolation level: READ_COMMITTED [default READ_COMMITTED]
	JDBC fetch size: none
	Pool: DataSourceConnectionProvider
	Minimum pool size: undefined/unknown
	Maximum pool size: undefined/unknown
Oct 08, 2026 1:05:03 PM org.hibernate.engine.transaction.jta.platform.internal.JtaPlatformInitiator initiateService
INFO: HHH000489: No JTA platform available (set 'hibernate.transaction.jta.platform' to enable JTA platform integration)
[main] INFO ai.protomolt.proto.repo.engine.DriveProvisioner - Created drive recovery-account-53095bec-6908-43db-b112-aa6c9f4a944e/recovery-pipeline (id=9994fd25-54ce-352c-b713-f6c45479aec1, bucket=recovery-recovery-account-53095bec-6908-43db-b112-aa6c9f4a944e, prefix='recovery-pipeline')
[main] INFO ai.protomolt.proto.repo.engine.DriveProvisioner - Created drive recovery-account-53095bec-6908-43db-b112-aa6c9f4a944e/recovery-archive (id=aa07c036-a16a-3b5c-908c-05ccac63ad70, bucket=recovery-recovery-account-53095bec-6908-43db-b112-aa6c9f4a944e, prefix='recovery-archive')
CHECK_OK seed.drive :: drive=9994fd25-54ce-352c-b713-f6c45479aec1 bucket=recovery-recovery-account-53095bec-6908-43db-b112-aa6c9f4a944e
CHECK_OK seed.drive.provisioned_versioned :: host-provisioned buckets report versioning ENABLED: recovery-recovery-account-53095bec-6908-43db-b112-aa6c9f4a944e, recovery-recovery-account-53095bec-6908-43db-b112-aa6c9f4a944e
[main] INFO ai.protomolt.proto.repo.service.RepoServices - repo lifecycle loops started (purge interval 5000 ms, sweep interval 60000 ms, reconcile disabled)
CHECK_OK seed.publish.v1 :: committed revision 95dcf320-f0cf-406b-9960-1b083ec66649
CHECK_OK seed.replay.v1.live :: receipt replay while live
CHECK_OK seed.publish.v2 :: committed revision 91bd7b6f-a85e-4442-85e8-4eab83e7f790
CHECK_OK seed.publish.v2.identity :: same address, new revision, mutation 1 -> 2
CHECK_OK seed.publish.distinct_data :: revision payloads differ
CHECK_OK seed.schema.live_resolution_used :: registry resolutions=2
CHECK_OK seed.archive.versions :: versions 1 and 2 committed
CHECK_OK seed.archive.shared_object :: shared key=recovery-archive/archive/recovery-account-53095bec-6908-43db-b112-aa6c9f4a944e/recovery-docs/b0ccef99-5979-3f76-8bf5-6807a3e4faaf/original/writes/71727070-1d02-4b81-a867-4366aff28367/6f384ac5960c98d7deef8d6f5cdd72c1c52478b9fe90c5446da9bb65a3e86506
CHECK_OK seed.archive.dedup :: identical content did not create a version
CHECK_OK seed.ledger.provider_versions :: document objects=2 archive objects=4
CHECK_OK seed.ledger.archive_sharing :: three physical objects across four version references
CHECK_OK seed.ledger.catalog :: catalog holds the retained descriptor artifact; entries=4
CHECK_OK seed.ledger.evidence_artifact :: evidence references the retained artifact
CHECK_OK seed.schema.resolver_drained :: live resolver closed before historical verification
CHECK_OK seed.raw.v1.fragment_count :: fragments=1 expected=1
CHECK_OK seed.raw.v1.fragment0 :: ordinal=0 sha256=f7d8f5034559173a494e282051db3df804115362784ef1a6d33f722f5d238f4e size=239
CHECK_OK seed.raw.v1.publication_revision :: publicationRevision=1
CHECK_OK seed.validated.v1.document :: document bytes equal recorded, sha256=f7d8f5034559173a494e282051db3df804115362784ef1a6d33f722f5d238f4e
CHECK_OK seed.validated.v1.bindings :: policy=c80ee3667751ba4f56c831a1c72218f16d1fc74dc734f3e9177543c4585e8232 profile=protomolt-retained-schema-admission/v1
CHECK_OK seed.validated.v1.metadata :: recorded metadata and manifest snapshot
CHECK_OK seed.raw.v2.fragment_count :: fragments=1 expected=1
CHECK_OK seed.raw.v2.fragment0 :: ordinal=0 sha256=39cf4e3002a16b1001f02a35e912d06e428fae8d24fb8926db4dea17d82c4e39 size=246
CHECK_OK seed.raw.v2.publication_revision :: publicationRevision=2
CHECK_OK seed.validated.v2.document :: document bytes equal recorded, sha256=39cf4e3002a16b1001f02a35e912d06e428fae8d24fb8926db4dea17d82c4e39
CHECK_OK seed.validated.v2.bindings :: policy=c80ee3667751ba4f56c831a1c72218f16d1fc74dc734f3e9177543c4585e8232 profile=protomolt-retained-schema-admission/v1
CHECK_OK seed.validated.v2.metadata :: recorded metadata and manifest snapshot
CHECK_OK seed.materialized.descriptor_identity :: retained descriptor artifact sha256=40c626818e37d61acd667c0dd3a9155eb070f64a5698fa42e57a484455944588
CHECK_OK seed.materialized.tool_identity :: admission runtime repository-recovery-rehearsal/1
CHECK_OK seed.materialized.offline_decode :: label=rehearsal-v1 files=5 imports retained
CHECK_OK seed.materialized.selection_identity :: ordinal=0
CHECK_OK seed.archive.v1.bytes :: renditions=2 byte-equal to recorded
CHECK_OK seed.archive.v1.manifest :: frozen metadata snapshot title=Quarterly report
CHECK_OK seed.archive.v2.bytes :: renditions=2 byte-equal to recorded
CHECK_OK seed.archive.v2.manifest :: frozen metadata snapshot title=Revised report
CHECK_OK seed.archive.versions :: versions=[2, 1]
CHECK_OK seed.archive.shared_object :: shared key=recovery-archive/archive/recovery-account-53095bec-6908-43db-b112-aa6c9f4a944e/recovery-docs/b0ccef99-5979-3f76-8bf5-6807a3e4faaf/original/writes/71727070-1d02-4b81-a867-4366aff28367/6f384ac5960c98d7deef8d6f5cdd72c1c52478b9fe90c5446da9bb65a3e86506
CHECK_OK seed.archive.stats :: entries=1 versions=2 retainedBytes=92
CHECK_OK seed.replay.v1 :: receipt byte-equal, revision=95dcf320-f0cf-406b-9960-1b083ec66649
CHECK_OK seed.replay.v2 :: receipt byte-equal, revision=91bd7b6f-a85e-4442-85e8-4eab83e7f790
CHECK_OK seed.replay.archive_dedup :: deduplicated=true version=2
CHECK_OK seed.access.member :: member reads both revisions
CHECK_OK seed.access.revoked_public :: public grant revoked by revision 2 applies to revision 1: NOT_FOUND
CHECK_OK seed.access.outsider :: foreign account denied
CHECK_OK seed.transport.unauthenticated :: status=UNAUTHENTICATED
CHECK_OK seed.transport.validated :: authenticated validated read equals recorded document
CHECK_OK seed.provider.8f5cd6201668 :: bucket=recovery-recovery-account-53095bec-6908-43db-b112-aa6c9f4a944e key=recovery-pipeline/documents/recovery-account-53095bec-6908-43db-b112-aa6c9f4a944e/17f69be0-bd23-3c63-a3eb-87473a23a87f/attempts/6d91bac1-fb48-4e2b-af1c-a17cefcd0939/part-0 version=7ec11e77-0c03-4390-9922-b9a97018ea3d sha256=f7d8f5034559173a494e282051db3df804115362784ef1a6d33f722f5d238f4e etag="bc32af01b407b9a9db7935f02c709001"
CHECK_OK seed.provider.c650aa2bd6a0 :: bucket=recovery-recovery-account-53095bec-6908-43db-b112-aa6c9f4a944e key=recovery-pipeline/documents/recovery-account-53095bec-6908-43db-b112-aa6c9f4a944e/17f69be0-bd23-3c63-a3eb-87473a23a87f/attempts/d8c19d70-7aa7-4d25-b5cf-198f6527b7f1/part-0 version=286d2799-f010-4a4f-ac45-bebc6a397792 sha256=39cf4e3002a16b1001f02a35e912d06e428fae8d24fb8926db4dea17d82c4e39 etag="a73ed3a3e00e8e3d4d46caf44600ab33"
CHECK_OK seed.provider.0d35cdc882f7 :: bucket=recovery-recovery-account-53095bec-6908-43db-b112-aa6c9f4a944e key=recovery-archive/archive/recovery-account-53095bec-6908-43db-b112-aa6c9f4a944e/recovery-docs/b0ccef99-5979-3f76-8bf5-6807a3e4faaf/markdown/writes/5b883651-8524-43db-ae10-23969097055d/04e1d1467e73933d8841c0c22eca9710ee72d020f5d494b091d68d4d2efea89d version=dd7dc5f2-c72e-4631-b356-5eb93faca3c1 sha256=04e1d1467e73933d8841c0c22eca9710ee72d020f5d494b091d68d4d2efea89d etag="a4d1c5ae1e2b525dc20dc6cafe2055fa"
CHECK_OK seed.provider.21316760b204 :: bucket=recovery-recovery-account-53095bec-6908-43db-b112-aa6c9f4a944e key=recovery-archive/archive/recovery-account-53095bec-6908-43db-b112-aa6c9f4a944e/recovery-docs/b0ccef99-5979-3f76-8bf5-6807a3e4faaf/original/writes/71727070-1d02-4b81-a867-4366aff28367/6f384ac5960c98d7deef8d6f5cdd72c1c52478b9fe90c5446da9bb65a3e86506 version=b787b4ab-49d4-46dc-ac61-9279617178dc sha256=6f384ac5960c98d7deef8d6f5cdd72c1c52478b9fe90c5446da9bb65a3e86506 etag="dc4f8e913786a7b91d3bdaf9ba22af43"
CHECK_OK seed.provider.8c754c34fb60 :: bucket=recovery-recovery-account-53095bec-6908-43db-b112-aa6c9f4a944e key=recovery-archive/archive/recovery-account-53095bec-6908-43db-b112-aa6c9f4a944e/recovery-docs/b0ccef99-5979-3f76-8bf5-6807a3e4faaf/markdown/writes/1393afed-45f2-42e3-882c-154a33c1d04b/0e0f52ab217372a6f6698af3b0a1dc35c51c5293abf5ad23887f7898a79347fc version=900e4e49-21e2-40ca-b4cf-1ed30f113ccb sha256=0e0f52ab217372a6f6698af3b0a1dc35c51c5293abf5ad23887f7898a79347fc etag="ab8d98c564c09941a815b7e52495cf77"
CHECK_OK seed.provider.21316760b204 :: bucket=recovery-recovery-account-53095bec-6908-43db-b112-aa6c9f4a944e key=recovery-archive/archive/recovery-account-53095bec-6908-43db-b112-aa6c9f4a944e/recovery-docs/b0ccef99-5979-3f76-8bf5-6807a3e4faaf/original/writes/71727070-1d02-4b81-a867-4366aff28367/6f384ac5960c98d7deef8d6f5cdd72c1c52478b9fe90c5446da9bb65a3e86506 version=b787b4ab-49d4-46dc-ac61-9279617178dc sha256=6f384ac5960c98d7deef8d6f5cdd72c1c52478b9fe90c5446da9bb65a3e86506 etag="dc4f8e913786a7b91d3bdaf9ba22af43"
CHECK_OK seed.provider.count :: objects=6
CHECK_OK seed.schema.no_live_lookup_for_history :: registry resolutions unchanged at 2
[main] INFO com.zaxxer.hikari.HikariDataSource - document-ledger - Shutdown initiated...
[main] INFO com.zaxxer.hikari.HikariDataSource - document-ledger - Shutdown completed.
[main] INFO ai.protomolt.proto.repo.service.RepoServices - repo-service stopped
[main] INFO com.zaxxer.hikari.HikariDataSource - document-ledger - Shutdown initiated...
[main] INFO com.zaxxer.hikari.HikariDataSource - document-ledger - Shutdown completed.
CHECK_OK seed.registry_deleted :: git schema registry directory removed: /tmp/recovery-seed-registry-16955987522879678169
RECOVERY_SEED_OK
