2026-10-08T12:22:49.585222038Z exit=0 $ id -u
  stdout: 1000
2026-10-08T12:22:49.586851458Z exit=0 $ id -g
  stdout: 1000
2026-10-08T12:22:49.600502779Z exit=0 $ docker version --format {{.Server.Version}}
  stdout: 29.8.1
2026-10-08T12:22:49.629080251Z exit=0 $ docker image inspect postgres:18-alpine --format {{.Id}}
  stdout: sha256:77f585114c32fbca283dc835b0596f4e52b51b4c6662d7810b2f4084f60a1873
2026-10-08T12:22:49.651715452Z exit=0 $ docker image inspect rustfs/rustfs:1.0.0-beta.11-preview.1 --format {{.Id}}
  stdout: sha256:ea50257bc5e281e83170f49b84a109432d930f93bf5051c77d09105c5a62746b
2026-10-08T12:22:49.692454008Z exit=0 $ docker network create protomolt-rehearsal-871a9cdb8-5ce26995-net
  stdout: c02404a5b7ba2c11c3e9a7a35b0a84371501b1408d46c492ac2551578448bd00
2026-10-08T12:22:49.707561010Z exit=0 $ docker volume create protomolt-rehearsal-871a9cdb8-5ce26995-src-pg-data
  stdout: protomolt-rehearsal-871a9cdb8-5ce26995-src-pg-data
2026-10-08T12:22:49.720184699Z exit=0 $ docker volume create protomolt-rehearsal-871a9cdb8-5ce26995-src-rustfs-data
  stdout: protomolt-rehearsal-871a9cdb8-5ce26995-src-rustfs-data
2026-10-08T12:22:49.912232772Z exit=0 $ docker run -d --name protomolt-rehearsal-871a9cdb8-5ce26995-src-pg --network protomolt-rehearsal-871a9cdb8-5ce26995-net -p 127.0.0.1:0:5432 -v protomolt-rehearsal-871a9cdb8-5ce26995-src-pg-data:/var/lib/postgresql -e POSTGRES_USER=repo -e POSTGRES_PASSWORD=<redacted> -e POSTGRES_DB=repo postgres:18-alpine -c fsync=on
  stdout: 404c43287c4bf7c52b715dcf85830d19e998ea6e6bc4b2f8e290c7ab3a06c908
2026-10-08T12:22:49.928942233Z exit=0 $ docker port protomolt-rehearsal-871a9cdb8-5ce26995-src-pg 5432/tcp
  stdout: 127.0.0.1:33027
2026-10-08T12:22:49.967379119Z exit=2 $ docker exec protomolt-rehearsal-871a9cdb8-5ce26995-src-pg pg_isready -U repo -d repo
  stdout: /var/run/postgresql:5432 - no response
2026-10-08T12:22:50.501394263Z exit=0 $ docker exec protomolt-rehearsal-871a9cdb8-5ce26995-src-pg pg_isready -U repo -d repo
  stdout: /var/run/postgresql:5432 - accepting connections
2026-10-08T12:22:51.036342441Z exit=0 $ docker exec protomolt-rehearsal-871a9cdb8-5ce26995-src-pg pg_isready -U repo -d repo
  stdout: /var/run/postgresql:5432 - accepting connections
2026-10-08T12:22:51.258274906Z exit=0 $ docker run -d --name protomolt-rehearsal-871a9cdb8-5ce26995-src-rustfs --network protomolt-rehearsal-871a9cdb8-5ce26995-net -p 127.0.0.1:44867:9000 -v protomolt-rehearsal-871a9cdb8-5ce26995-src-rustfs-data:/data -e RUSTFS_VOLUMES=/data -e RUSTFS_ADDRESS=:9000 -e RUSTFS_CONSOLE_ENABLE=false -e RUSTFS_ACCESS_KEY=rehearsal-74b985f0 -e RUSTFS_SECRET_KEY=<redacted> rustfs/rustfs:1.0.0-beta.11-preview.1 /data
  stdout: 92b864949176f3906f855c37e8c2e01b65f69c1e86ef94084a15c967349af6c0
2026-10-08T12:22:51.304790110Z exit=0 $ docker image inspect postgres:18-alpine --format {{.Id}}
  stdout: sha256:77f585114c32fbca283dc835b0596f4e52b51b4c6662d7810b2f4084f60a1873
2026-10-08T12:22:51.334698628Z exit=0 $ docker image inspect rustfs/rustfs:1.0.0-beta.11-preview.1 --format {{.Id}}
  stdout: sha256:ea50257bc5e281e83170f49b84a109432d930f93bf5051c77d09105c5a62746b
2026-10-08T12:23:02.379725955Z note: RepositoryBackupRehearsalSeedHost exit=0 log=seed-host.log
2026-10-08T12:23:03.074839577Z exit=0 $ docker run --rm --network protomolt-rehearsal-871a9cdb8-5ce26995-net --user 1000:1000 -e PGPASSWORD -v /work/worktrees/protomolt/external-backup-rehearsal-fix/repo/container/build/backup-rehearsal/2026-10-08T12-22-20.696520057Z/run-2/backup/sql:/out postgres:18-alpine pg_dump -h protomolt-rehearsal-871a9cdb8-5ce26995-src-pg -U repo -d repo --format=custom --no-owner --no-privileges -f /out/ledger.dump
2026-10-08T12:23:03.455647598Z exit=0 $ docker stop -t 60 protomolt-rehearsal-871a9cdb8-5ce26995-src-pg
  stdout: protomolt-rehearsal-871a9cdb8-5ce26995-src-pg
2026-10-08T12:23:03.470617381Z exit=0 $ docker inspect protomolt-rehearsal-871a9cdb8-5ce26995-src-pg --format {{.State.Status}} {{.State.ExitCode}} {{.State.FinishedAt}}
  stdout: exited 0 2026-10-08T12:23:03.263090714Z
2026-10-08T12:23:03.697970150Z exit=0 $ docker stop -t 60 protomolt-rehearsal-871a9cdb8-5ce26995-src-rustfs
  stdout: protomolt-rehearsal-871a9cdb8-5ce26995-src-rustfs
2026-10-08T12:23:03.711752098Z exit=0 $ docker inspect protomolt-rehearsal-871a9cdb8-5ce26995-src-rustfs --format {{.State.Status}} {{.State.ExitCode}} {{.State.FinishedAt}}
  stdout: exited 0 2026-10-08T12:23:03.502679519Z
2026-10-08T12:23:04.185725774Z exit=0 $ docker run --rm -v protomolt-rehearsal-871a9cdb8-5ce26995-src-rustfs-data:/data:ro -v /work/worktrees/protomolt/external-backup-rehearsal-fix/repo/container/build/backup-rehearsal/2026-10-08T12-22-20.696520057Z/run-2/backup/provider:/out postgres:18-alpine sh -c set -e; cd /data && tar --numeric-owner -cf /out/rustfs-data.tar . && chown 1000:1000 /out/rustfs-data.tar
2026-10-08T12:23:04.224978913Z exit=0 $ docker image inspect postgres:18-alpine --format {{.Id}}
  stdout: sha256:77f585114c32fbca283dc835b0596f4e52b51b4c6662d7810b2f4084f60a1873
2026-10-08T12:23:04.246995013Z exit=0 $ docker image inspect rustfs/rustfs:1.0.0-beta.11-preview.1 --format {{.Id}}
  stdout: sha256:ea50257bc5e281e83170f49b84a109432d930f93bf5051c77d09105c5a62746b
2026-10-08T12:23:04.384260867Z exit=0 $ docker rm -f protomolt-rehearsal-871a9cdb8-5ce26995-src-pg
  stdout: protomolt-rehearsal-871a9cdb8-5ce26995-src-pg
2026-10-08T12:23:04.403694677Z exit=1 $ docker inspect protomolt-rehearsal-871a9cdb8-5ce26995-src-pg
  stdout: []
  stderr: error: no such object: protomolt-rehearsal-871a9cdb8-5ce26995-src-pg
2026-10-08T12:23:04.529665333Z exit=0 $ docker rm -f protomolt-rehearsal-871a9cdb8-5ce26995-src-rustfs
  stdout: protomolt-rehearsal-871a9cdb8-5ce26995-src-rustfs
2026-10-08T12:23:04.547858799Z exit=1 $ docker inspect protomolt-rehearsal-871a9cdb8-5ce26995-src-rustfs
  stdout: []
  stderr: error: no such object: protomolt-rehearsal-871a9cdb8-5ce26995-src-rustfs
2026-10-08T12:23:04.565824865Z exit=1 $ docker inspect protomolt-rehearsal-871a9cdb8-5ce26995-src-pg --format {{.Id}}
  stderr: error: no such object: protomolt-rehearsal-871a9cdb8-5ce26995-src-pg
2026-10-08T12:23:04.584217036Z exit=1 $ docker inspect protomolt-rehearsal-871a9cdb8-5ce26995-src-rustfs --format {{.Id}}
  stderr: error: no such object: protomolt-rehearsal-871a9cdb8-5ce26995-src-rustfs
2026-10-08T12:23:05.030377845Z exit=0 $ docker run --rm -v protomolt-rehearsal-871a9cdb8-5ce26995-src-rustfs-data:/data:ro postgres:18-alpine sh -c cd /data && find . -type f | LC_ALL=C sort | xargs -r sha256sum | sha256sum | cut -d' ' -f1
  stdout: e83541efbf9a5fe56926117f14203fd2d4fda920e9685139e49b1653757fab3c
2026-10-08T12:23:05.047966858Z exit=0 $ docker volume create protomolt-rehearsal-871a9cdb8-5ce26995-rst-pg-data
  stdout: protomolt-rehearsal-871a9cdb8-5ce26995-rst-pg-data
2026-10-08T12:23:05.065853815Z exit=0 $ docker volume create protomolt-rehearsal-871a9cdb8-5ce26995-rst-rustfs-data
  stdout: protomolt-rehearsal-871a9cdb8-5ce26995-rst-rustfs-data
2026-10-08T12:23:05.529214491Z exit=0 $ docker run --rm -v protomolt-rehearsal-871a9cdb8-5ce26995-rst-pg-data:/data:ro postgres:18-alpine sh -c find /data -mindepth 1 | head -1
2026-10-08T12:23:05.996629721Z exit=0 $ docker run --rm -v protomolt-rehearsal-871a9cdb8-5ce26995-rst-rustfs-data:/data:ro postgres:18-alpine sh -c find /data -mindepth 1 | head -1
2026-10-08T12:23:06.463244067Z exit=0 $ docker run --rm -v protomolt-rehearsal-871a9cdb8-5ce26995-rst-rustfs-data:/data -v /work/worktrees/protomolt/external-backup-rehearsal-fix/repo/container/build/backup-rehearsal/2026-10-08T12-22-20.696520057Z/run-2/backup/provider:/in:ro postgres:18-alpine sh -c set -e; cd /data && tar --numeric-owner -xf /in/rustfs-data.tar
2026-10-08T12:23:06.680191039Z exit=0 $ docker run -d --name protomolt-rehearsal-871a9cdb8-5ce26995-rst-rustfs --network protomolt-rehearsal-871a9cdb8-5ce26995-net -p 127.0.0.1:44867:9000 -v protomolt-rehearsal-871a9cdb8-5ce26995-rst-rustfs-data:/data -e RUSTFS_VOLUMES=/data -e RUSTFS_ADDRESS=:9000 -e RUSTFS_CONSOLE_ENABLE=false -e RUSTFS_ACCESS_KEY=rehearsal-74b985f0 -e RUSTFS_SECRET_KEY=<redacted> rustfs/rustfs:1.0.0-beta.11-preview.1 /data
  stdout: faafa635f6bbeec18ba541703008093dfb4c4bb7189866522d501a371f9e6151
2026-10-08T12:23:06.906069472Z exit=0 $ docker run -d --name protomolt-rehearsal-871a9cdb8-5ce26995-rst-pg --network protomolt-rehearsal-871a9cdb8-5ce26995-net -p 127.0.0.1:0:5432 -v protomolt-rehearsal-871a9cdb8-5ce26995-rst-pg-data:/var/lib/postgresql -e POSTGRES_USER=repo -e POSTGRES_PASSWORD=<redacted> -e POSTGRES_DB=repo postgres:18-alpine -c fsync=on
  stdout: 996b75a1ec27e754ef8c0383c2062e13aaaff288b7e32c6343aa717d8e4d8c27
2026-10-08T12:23:06.920994340Z exit=0 $ docker port protomolt-rehearsal-871a9cdb8-5ce26995-rst-pg 5432/tcp
  stdout: 127.0.0.1:33028
2026-10-08T12:23:06.958839788Z exit=2 $ docker exec protomolt-rehearsal-871a9cdb8-5ce26995-rst-pg pg_isready -U repo -d repo
  stdout: /var/run/postgresql:5432 - no response
2026-10-08T12:23:07.490165720Z exit=0 $ docker exec protomolt-rehearsal-871a9cdb8-5ce26995-rst-pg pg_isready -U repo -d repo
  stdout: /var/run/postgresql:5432 - accepting connections
2026-10-08T12:23:08.031461755Z exit=0 $ docker exec protomolt-rehearsal-871a9cdb8-5ce26995-rst-pg pg_isready -U repo -d repo
  stdout: /var/run/postgresql:5432 - accepting connections
2026-10-08T12:23:10.032978352Z exit=0 $ docker run --rm --network protomolt-rehearsal-871a9cdb8-5ce26995-net --user 1000:1000 -e PGPASSWORD -v /work/worktrees/protomolt/external-backup-rehearsal-fix/repo/container/build/backup-rehearsal/2026-10-08T12-22-20.696520057Z/run-2/backup/sql:/in:ro postgres:18-alpine pg_restore -h protomolt-rehearsal-871a9cdb8-5ce26995-rst-pg -U repo -d repo --exit-on-error --no-owner --no-privileges /in/ledger.dump
2026-10-08T12:23:15.529756791Z note: RepositoryBackupRehearsalRecoveredHost exit=0 log=recovered-host.log
2026-10-08T12:23:15.989416493Z exit=0 $ docker run --rm -v protomolt-rehearsal-871a9cdb8-5ce26995-src-rustfs-data:/data:ro postgres:18-alpine sh -c cd /data && find . -type f | LC_ALL=C sort | xargs -r sha256sum | sha256sum | cut -d' ' -f1
  stdout: e83541efbf9a5fe56926117f14203fd2d4fda920e9685139e49b1653757fab3c
2026-10-08T12:23:16.008375245Z exit=0 $ docker logs protomolt-rehearsal-871a9cdb8-5ce26995-rst-rustfs
  stdout: Initializing data directories: /data
          Initializing log directory: /logs
          Starting: /usr/bin/rustfs /data
2026-10-08T12:23:16.022602225Z exit=0 $ docker logs protomolt-rehearsal-871a9cdb8-5ce26995-rst-pg
  stdout: The files belonging to this database system will be owned by user "postgres".
          This user must also own the server process.
          
          The database cluster will be initialized with locale "en_US.utf8".
          The default database encoding has accordingly been set to "UTF8".
          The default text search configuration will be set to "english".
          
          Data page checksums are enabled.
          
          fixing permissions on existing directory /var/lib/postgresql/18/docker ... ok
          creating subdirectories ... ok
          selecting dynamic shared memory implementation ... posix
          selecting default "max_connections" ... 100
          selecting default "shared_buffers" ... 128MB
          selecting default time zone ... UTC
          creating configuration files ... ok
          running bootstrap script ... ok
          performing post-bootstrap initialization ... ok
          syncing data to disk ... ok
          
          
          Success. You can now start the database server using:
          
              pg_ctl -D /var/lib/postgresql/18/docker -l logfile start
          
          waiting for server to start....2026-10-08 12:23:07.397 UTC [52] LOG:  starting PostgreSQL 18.6 on x86_64-pc-linux-musl, compiled by gcc (Alpine 15.2.0) 15.2.0, 64-bit
          2026-10-08 12:23:07.403 UTC [52] LOG:  listening on Unix socket "/var/run/postgresql/.s.PGSQL.5432"
          2026-10-08 12:23:07.419 UTC [58] LOG:  database system was shut down at 2026-10-08 12:23:07 UTC
          2026-10-08 12:23:07.427 UTC [52] LOG:  database system is ready to accept connections
           done
          server started
          2026-10-08 12:23:07.488 UTC [73] FATAL:  database "repo" does not exist
          CREATE DATABASE
          
          
          /usr/local/bin/docker-entrypoint.sh: ignoring /docker-entrypoint-initdb.d/*
          
          waiting for server to shut down....2026-10-08 12:23:07.524 UTC [52] LOG:  received fast shutdown request
          2026-10-08 12:23:07.530 UTC [52] LOG:  aborting any active transactions
          2026-10-08 12:23:07.531 UTC [52] LOG:  background worker "logical replication launcher" (PID 61) exited with exit code 1
          2026-10-08 12:23:07.531 UTC [56] LOG:  shutting down
          2026-10-08 12:23:07.536 UTC [56] LOG:  checkpoint starting: shutdown immediate
          2026-10-08 12:23:07.606 UTC [56] LOG:  checkpoint complete: wrote 943 buffers (5.8%), wrote 3 SLRU buffers; 0 WAL file(s) added, 0 removed, 0 recycled; write=0.017 s, sync=0.031 s, total=0.076 s; sync files=303, longest=0.006 s, average=0.001 s; distance=4362 kB, estimate=4362 kB; lsn=0/1BA8858, redo lsn=0/1BA8858
          2026-10-08 12:23:07.623 UTC [52] LOG:  database system is shut down
           done
          server stopped
          
          PostgreSQL init process complete; ready for start up.
  stderr: sh: locale: not found
          2026-10-08 12:23:07.106 UTC [46] WARNING:  no usable system locales were found
          initdb: warning: enabling "trust" authentication for local connections
          initdb: hint: You can change this by editing pg_hba.conf or using the option -A, or --auth-local and --auth-host, the next time you run initdb.
          2026-10-08 12:23:07.644 UTC [1] LOG:  starting PostgreSQL 18.6 on x86_64-pc-linux-musl, compiled by gcc (Alpine 15.2.0) 15.2.0, 64-bit
          2026-10-08 12:23:07.644 UTC [1] LOG:  listening on IPv4 address "0.0.0.0", port 5432
          2026-10-08 12:23:07.644 UTC [1] LOG:  listening on IPv6 address "::", port 5432
          2026-10-08 12:23:07.655 UTC [1] LOG:  listening on Unix socket "/var/run/postgresql/.s.PGSQL.5432"
          2026-10-08 12:23:07.666 UTC [81] LOG:  database system was shut down at 2026-10-08 12:23:07 UTC
          2026-10-08 12:23:07.672 UTC [1] LOG:  database system is ready to accept connections
2026-10-08T12:23:16.413362185Z exit=0 $ docker rm -f protomolt-rehearsal-871a9cdb8-5ce26995-rst-pg
  stdout: protomolt-rehearsal-871a9cdb8-5ce26995-rst-pg
2026-10-08T12:23:16.798343784Z exit=0 $ docker rm -f protomolt-rehearsal-871a9cdb8-5ce26995-rst-rustfs
  stdout: protomolt-rehearsal-871a9cdb8-5ce26995-rst-rustfs
2026-10-08T12:23:16.814776602Z exit=0 $ docker volume rm -f protomolt-rehearsal-871a9cdb8-5ce26995-rst-rustfs-data
  stdout: protomolt-rehearsal-871a9cdb8-5ce26995-rst-rustfs-data
2026-10-08T12:23:16.846054859Z exit=0 $ docker volume rm -f protomolt-rehearsal-871a9cdb8-5ce26995-rst-pg-data
  stdout: protomolt-rehearsal-871a9cdb8-5ce26995-rst-pg-data
2026-10-08T12:23:16.859232094Z exit=0 $ docker volume rm -f protomolt-rehearsal-871a9cdb8-5ce26995-src-rustfs-data
  stdout: protomolt-rehearsal-871a9cdb8-5ce26995-src-rustfs-data
2026-10-08T12:23:16.893680812Z exit=0 $ docker volume rm -f protomolt-rehearsal-871a9cdb8-5ce26995-src-pg-data
  stdout: protomolt-rehearsal-871a9cdb8-5ce26995-src-pg-data
2026-10-08T12:23:17.061496325Z exit=0 $ docker network rm protomolt-rehearsal-871a9cdb8-5ce26995-net
  stdout: protomolt-rehearsal-871a9cdb8-5ce26995-net
