CHECK_OK seed.drive.rehearsal-alpha-d8525a9c :: drive=5fe1af03-9573-3e7e-bf8a-a164add601db bucket=rehearsal-alpha-d8525a9c
CHECK_OK seed.drive.rehearsal-beta-d8525a9c :: drive=c65faf5b-b37c-3d00-9772-164d06a4a239 bucket=rehearsal-beta-d8525a9c
CHECK_OK seed.publish.alpha-v1 :: committed revision 61cd5137-4965-4cd4-bcdd-0af7b3bfea60
CHECK_OK seed.replay.alpha-v1.live :: receipt replay while live
CHECK_OK seed.publish.alpha-v2 :: committed revision a9e3f4b0-59a9-4d48-a92b-2149249e2c62
CHECK_OK seed.publish.alpha-v2.identity :: same address, new revision, distinct data, mutation 1 -> 2
CHECK_OK seed.publish.beta-v1 :: committed revision 82fda98a-60f4-4ee5-85d3-041d72ec32bd
CHECK_OK seed.schema.live_resolution_used :: registry resolutions=3
CHECK_OK seed.ledger.evidence_artifact.alpha-v1.Record :: evidence references the retained artifact ba05e0e2dbc07edbac083c1be97100c9b58280235d4c124715af628a6286a9ce for type.test/protomolt.rehearsal.Record
CHECK_OK seed.ledger.evidence_artifact.alpha-v1.Attachment :: evidence references the retained artifact d3c36ba5f98a0f7e178ff0e046753a20d6f4e2e1dc974a5e956750b7bd552412 for type.test/protomolt.rehearsal.Attachment
CHECK_OK seed.ledger.occurrences.alpha-v1 :: root and nested Any occurrences retained: 2
CHECK_OK seed.ledger.evidence_artifact.alpha-v2.Record :: evidence references the retained artifact ba05e0e2dbc07edbac083c1be97100c9b58280235d4c124715af628a6286a9ce for type.test/protomolt.rehearsal.Record
CHECK_OK seed.ledger.evidence_artifact.alpha-v2.Attachment :: evidence references the retained artifact d3c36ba5f98a0f7e178ff0e046753a20d6f4e2e1dc974a5e956750b7bd552412 for type.test/protomolt.rehearsal.Attachment
CHECK_OK seed.ledger.occurrences.alpha-v2 :: root and nested Any occurrences retained: 2
CHECK_OK seed.ledger.evidence_artifact.beta-v1.Record :: evidence references the retained artifact ba05e0e2dbc07edbac083c1be97100c9b58280235d4c124715af628a6286a9ce for type.test/protomolt.rehearsal.Record
CHECK_OK seed.ledger.evidence_artifact.beta-v1.Attachment :: evidence references the retained artifact d3c36ba5f98a0f7e178ff0e046753a20d6f4e2e1dc974a5e956750b7bd552412 for type.test/protomolt.rehearsal.Attachment
CHECK_OK seed.ledger.occurrences.beta-v1 :: root and nested Any occurrences retained: 2
CHECK_OK seed.pending.initial_certified :: journal preparation generation 0 certified atomically (V118), unresolved cleared
CHECK_OK seed.pending.first_successor_lineage :: generation 1 install edge verified by V119 lineage: VERIFIED_SUCCESSOR
CHECK_OK seed.pending.chain :: certificate@0, lineage@1, unresolved@2, installs@1,2, no execution, no success: publication_preparations=[0, 1, 2] preparation_coverage_certificates=[0] preparation_coverage_lineage=[1] preparation_coverage_unresolved=[2] successor_installs=[1, 2] successor_executions=[] operation_success=[]
CHECK_OK seed.pending.budget_released :: preparation reservations released
CHECK_OK seed.pending.replay_pending :: exact replay observes PENDING
CHECK_OK seed.ledger.provider_versions :: document objects=3, every one verified with a provider version id
CHECK_OK seed.ledger.catalog.Record :: catalog holds the retained descriptor artifact ba05e0e2dbc07edbac083c1be97100c9b58280235d4c124715af628a6286a9ce; entries=12
CHECK_OK seed.ledger.catalog.Attachment :: catalog holds the retained descriptor artifact d3c36ba5f98a0f7e178ff0e046753a20d6f4e2e1dc974a5e956750b7bd552412; entries=12
CHECK_OK seed.schema.resolver_drained :: live resolver closed before historical verification
CHECK_OK seed.raw.alpha-v1.fragment_count :: fragments=1 expected=1
CHECK_OK seed.raw.alpha-v1.fragment0 :: ordinal=0 sha256=7bb3bc9b88ba10e8e8484789806403774dff3c98a1c5732a198e5dce7d8a8816 size=319
CHECK_OK seed.raw.alpha-v1.publication_revision :: publicationRevision=1
CHECK_OK seed.validated.alpha-v1.document :: document bytes equal recorded, sha256=7bb3bc9b88ba10e8e8484789806403774dff3c98a1c5732a198e5dce7d8a8816
CHECK_OK seed.validated.alpha-v1.bindings :: policy=8f1a0f35db3ec756bc6ab86b2d5d857e550125c318c7d97b186e393eeff8ab5e profile=protomolt-retained-schema-admission/v1
CHECK_OK seed.validated.alpha-v1.metadata :: recorded metadata and manifest snapshot
CHECK_OK seed.raw.alpha-v2.fragment_count :: fragments=1 expected=1
CHECK_OK seed.raw.alpha-v2.fragment0 :: ordinal=0 sha256=bee32ed7c95033d2de2b803d6729eee3e6a2af0200195d922c112960d3280108 size=326
CHECK_OK seed.raw.alpha-v2.publication_revision :: publicationRevision=2
CHECK_OK seed.validated.alpha-v2.document :: document bytes equal recorded, sha256=bee32ed7c95033d2de2b803d6729eee3e6a2af0200195d922c112960d3280108
CHECK_OK seed.validated.alpha-v2.bindings :: policy=8f1a0f35db3ec756bc6ab86b2d5d857e550125c318c7d97b186e393eeff8ab5e profile=protomolt-retained-schema-admission/v1
CHECK_OK seed.validated.alpha-v2.metadata :: recorded metadata and manifest snapshot
CHECK_OK seed.raw.beta-v1.fragment_count :: fragments=1 expected=1
CHECK_OK seed.raw.beta-v1.fragment0 :: ordinal=0 sha256=cc59fb38ad933304dd465b704628184fed03950e8ccba54bfd2ba51d0457b0d9 size=291
CHECK_OK seed.raw.beta-v1.publication_revision :: publicationRevision=3
CHECK_OK seed.validated.beta-v1.document :: document bytes equal recorded, sha256=cc59fb38ad933304dd465b704628184fed03950e8ccba54bfd2ba51d0457b0d9
CHECK_OK seed.validated.beta-v1.bindings :: policy=1d60f0d120e75ef2b240fc8c958485249c369abc0e788401306af7abddb02ed0 profile=protomolt-retained-schema-admission/v1
CHECK_OK seed.validated.beta-v1.metadata :: recorded metadata and manifest snapshot
CHECK_OK seed.materialized.alpha-v1.root.descriptor_identity :: retained descriptor artifact sha256=ba05e0e2dbc07edbac083c1be97100c9b58280235d4c124715af628a6286a9ce type=type.test/protomolt.rehearsal.Record
CHECK_OK seed.materialized.alpha-v1.root.tool_identity :: admission runtime repository-backup-rehearsal/1
CHECK_OK seed.materialized.alpha-v1.root.offline_decode :: decoded=alpha-v1 files=6 steps=1
CHECK_OK seed.materialized.alpha-v1.root.selection_identity :: ordinal=0
CHECK_OK seed.materialized.alpha-v1.nested.descriptor_identity :: retained descriptor artifact sha256=d3c36ba5f98a0f7e178ff0e046753a20d6f4e2e1dc974a5e956750b7bd552412 type=type.test/protomolt.rehearsal.Attachment
CHECK_OK seed.materialized.alpha-v1.nested.tool_identity :: admission runtime repository-backup-rehearsal/1
CHECK_OK seed.materialized.alpha-v1.nested.offline_decode :: decoded=attachment-one files=1 steps=3
CHECK_OK seed.materialized.alpha-v1.nested.selection_identity :: ordinal=0
CHECK_OK seed.materialized.alpha-v2.root.descriptor_identity :: retained descriptor artifact sha256=ba05e0e2dbc07edbac083c1be97100c9b58280235d4c124715af628a6286a9ce type=type.test/protomolt.rehearsal.Record
CHECK_OK seed.materialized.alpha-v2.root.tool_identity :: admission runtime repository-backup-rehearsal/1
CHECK_OK seed.materialized.alpha-v2.root.offline_decode :: decoded=alpha-v2 files=6 steps=1
CHECK_OK seed.materialized.alpha-v2.root.selection_identity :: ordinal=0
CHECK_OK seed.materialized.alpha-v2.nested.descriptor_identity :: retained descriptor artifact sha256=d3c36ba5f98a0f7e178ff0e046753a20d6f4e2e1dc974a5e956750b7bd552412 type=type.test/protomolt.rehearsal.Attachment
CHECK_OK seed.materialized.alpha-v2.nested.tool_identity :: admission runtime repository-backup-rehearsal/1
CHECK_OK seed.materialized.alpha-v2.nested.offline_decode :: decoded=attachment-two files=1 steps=3
CHECK_OK seed.materialized.alpha-v2.nested.selection_identity :: ordinal=0
CHECK_OK seed.materialized.beta-v1.root.descriptor_identity :: retained descriptor artifact sha256=ba05e0e2dbc07edbac083c1be97100c9b58280235d4c124715af628a6286a9ce type=type.test/protomolt.rehearsal.Record
CHECK_OK seed.materialized.beta-v1.root.tool_identity :: admission runtime repository-backup-rehearsal/1
CHECK_OK seed.materialized.beta-v1.root.offline_decode :: decoded=beta-v1 files=6 steps=1
CHECK_OK seed.materialized.beta-v1.root.selection_identity :: ordinal=0
CHECK_OK seed.materialized.beta-v1.nested.descriptor_identity :: retained descriptor artifact sha256=d3c36ba5f98a0f7e178ff0e046753a20d6f4e2e1dc974a5e956750b7bd552412 type=type.test/protomolt.rehearsal.Attachment
CHECK_OK seed.materialized.beta-v1.nested.tool_identity :: admission runtime repository-backup-rehearsal/1
CHECK_OK seed.materialized.beta-v1.nested.offline_decode :: decoded=attachment-beta files=1 steps=3
CHECK_OK seed.materialized.beta-v1.nested.selection_identity :: ordinal=0
CHECK_OK seed.replay.alpha-v1 :: receipt byte-equal, revision=61cd5137-4965-4cd4-bcdd-0af7b3bfea60
CHECK_OK seed.replay.alpha-v2 :: receipt byte-equal, revision=a9e3f4b0-59a9-4d48-a92b-2149249e2c62
CHECK_OK seed.replay.beta-v1 :: receipt byte-equal, revision=82fda98a-60f4-4ee5-85d3-041d72ec32bd
CHECK_OK seed.access.alpha-v1.member :: granted member reads alpha-v1
CHECK_OK seed.access.alpha-v1.stranger :: same-account caller without the granted identity: NOT_FOUND
CHECK_OK seed.access.alpha-v1.outsider :: foreign account denied
CHECK_OK seed.access.alpha-v1.cross_account :: the other account's member denied: NOT_FOUND
CHECK_OK seed.access.alpha-v2.member :: granted member reads alpha-v2
CHECK_OK seed.access.alpha-v2.stranger :: same-account caller without the granted identity: NOT_FOUND
CHECK_OK seed.access.alpha-v2.outsider :: foreign account denied
CHECK_OK seed.access.alpha-v2.cross_account :: the other account's member denied: NOT_FOUND
CHECK_OK seed.access.beta-v1.member :: granted member reads beta-v1
CHECK_OK seed.access.beta-v1.stranger :: same-account caller without the granted identity: NOT_FOUND
CHECK_OK seed.access.beta-v1.outsider :: foreign account denied
CHECK_OK seed.access.beta-v1.cross_account :: the other account's member denied: NOT_FOUND
CHECK_OK seed.transport.unauthenticated :: status=UNAUTHENTICATED
CHECK_OK seed.transport.validated :: authenticated validated read equals recorded document
CHECK_OK seed.provider.ffe668dff5e6 :: bucket=rehearsal-alpha-d8525a9c key=rehearsal-pipeline/documents/rehearsal-alpha-d8525a9c/194f18ce-ebe3-3fac-82ba-63131cc7948c/attempts/0876fba4-d928-43bd-b481-7b6edd359284/part-0 version=1a09dbb4-e020-475b-91e0-9d7f2da59ba4 sha256=7bb3bc9b88ba10e8e8484789806403774dff3c98a1c5732a198e5dce7d8a8816 etag="12b47ea5b64b53815c4a51e557ef8fe5"
CHECK_OK seed.provider.ee6e0d5f9833 :: bucket=rehearsal-alpha-d8525a9c key=rehearsal-pipeline/documents/rehearsal-alpha-d8525a9c/194f18ce-ebe3-3fac-82ba-63131cc7948c/attempts/03794775-0832-498e-a392-ec507f9aa615/part-0 version=c6308780-d365-45ac-902a-0e409b2e4a1e sha256=bee32ed7c95033d2de2b803d6729eee3e6a2af0200195d922c112960d3280108 etag="91938f6a3c4310ddcb16958b4ee2859f"
CHECK_OK seed.provider.f83f5c9a61bc :: bucket=rehearsal-beta-d8525a9c key=rehearsal-pipeline/documents/rehearsal-beta-d8525a9c/b651b6a4-c74a-37f2-b750-09a62d3f006c/attempts/413eee14-5ed5-4629-8413-dd466687794c/part-0 version=a497dd65-8113-42d2-8062-cadcce8700e4 sha256=cc59fb38ad933304dd465b704628184fed03950e8ccba54bfd2ba51d0457b0d9 etag="e9a8a43fa2814bc6e263b7b9f730c246"
CHECK_OK seed.provider.count :: objects=3
CHECK_OK seed.schema.no_live_lookup_for_history :: registry resolutions unchanged at 3
CHECK_OK seed.registry_deleted :: git schema registry directory removed: /tmp/rehearsal-seed-registry-6485553988791245494
CHECK_OK seed.host.incarnations_closed :: no ACTIVE reader incarnation after close: {ACTIVE=0, FENCED=0, UNKNOWN=0, QUIESCED=2}
