CHECK_OK restore.row_counts :: every base table's row count equals the seed record after close: tables=92
CHECK_OK restore.row_counts_manifest :: row counts equal the sealed manifest
CHECK_OK restore.reader_incarnations.active :: restored ACTIVE incarnations=0 (restored verbatim, none revived)
CHECK_OK restore.reader_incarnations.fenced :: restored FENCED incarnations=0 (restored verbatim, none revived)
CHECK_OK restore.reader_incarnations.unknown :: restored UNKNOWN incarnations=0 (restored verbatim, none revived)
CHECK_OK restore.reader_incarnations.quiesced :: restored QUIESCED incarnations=2 (restored verbatim, none revived)
CHECK_OK restore.backend_profile :: managed_backend_profiles row equals recorded identity for generation rehearsal-gen-42496076-a520-4d51-bd36-b70ccf75de6b
CHECK_OK restore.sequences :: sequence values={archive_mutation_revision_seq=0, document_mutation_revision_seq=3}
CHECK_OK restore.schema_catalog :: catalog digests=12
CHECK_OK restore.migration_level :: flyway level V119
CHECK_OK restore.xid_past_stored :: current=1647 maxStored=1083
CHECK_OK restore.fresh_incarnation :: recovered host registered 2 new ACTIVE incarnation(s); restored states unchanged
CHECK_OK restore.raw.alpha-v1.fragment_count :: fragments=1 expected=1
CHECK_OK restore.raw.alpha-v1.fragment0 :: ordinal=0 sha256=6e5cfa1735271dd327a676678be4d0c320db956e7483358952ce587a061476c4 size=319
CHECK_OK restore.raw.alpha-v1.publication_revision :: publicationRevision=1
CHECK_OK restore.validated.alpha-v1.document :: document bytes equal recorded, sha256=6e5cfa1735271dd327a676678be4d0c320db956e7483358952ce587a061476c4
CHECK_OK restore.validated.alpha-v1.bindings :: policy=7e9e1fd9671fb3abd6838a08d44080c654d7eb67281c0c938e1160b75af9ccd5 profile=protomolt-retained-schema-admission/v1
CHECK_OK restore.validated.alpha-v1.metadata :: recorded metadata and manifest snapshot
CHECK_OK restore.raw.alpha-v2.fragment_count :: fragments=1 expected=1
CHECK_OK restore.raw.alpha-v2.fragment0 :: ordinal=0 sha256=57e760a1e74e10c6ddddb0e9108274d1e21e8cf32fc650f87627b88cb235a4ac size=326
CHECK_OK restore.raw.alpha-v2.publication_revision :: publicationRevision=2
CHECK_OK restore.validated.alpha-v2.document :: document bytes equal recorded, sha256=57e760a1e74e10c6ddddb0e9108274d1e21e8cf32fc650f87627b88cb235a4ac
CHECK_OK restore.validated.alpha-v2.bindings :: policy=7e9e1fd9671fb3abd6838a08d44080c654d7eb67281c0c938e1160b75af9ccd5 profile=protomolt-retained-schema-admission/v1
CHECK_OK restore.validated.alpha-v2.metadata :: recorded metadata and manifest snapshot
CHECK_OK restore.raw.beta-v1.fragment_count :: fragments=1 expected=1
CHECK_OK restore.raw.beta-v1.fragment0 :: ordinal=0 sha256=203a0466c24bcb74e26c602fdaa998676bdfb33c8dd88a8e436420411b375685 size=291
CHECK_OK restore.raw.beta-v1.publication_revision :: publicationRevision=3
CHECK_OK restore.validated.beta-v1.document :: document bytes equal recorded, sha256=203a0466c24bcb74e26c602fdaa998676bdfb33c8dd88a8e436420411b375685
CHECK_OK restore.validated.beta-v1.bindings :: policy=21cc239fb48b9bbb98198b7027bb5b1d6d21f956c4062bbe8b859c957bd53228 profile=protomolt-retained-schema-admission/v1
CHECK_OK restore.validated.beta-v1.metadata :: recorded metadata and manifest snapshot
CHECK_OK restore.materialized.alpha-v1.root.descriptor_identity :: retained descriptor artifact sha256=ba05e0e2dbc07edbac083c1be97100c9b58280235d4c124715af628a6286a9ce type=type.test/protomolt.rehearsal.Record
CHECK_OK restore.materialized.alpha-v1.root.tool_identity :: admission runtime repository-backup-rehearsal/1
CHECK_OK restore.materialized.alpha-v1.root.offline_decode :: decoded=alpha-v1 files=6 steps=1
CHECK_OK restore.materialized.alpha-v1.root.selection_identity :: ordinal=0
CHECK_OK restore.materialized.alpha-v1.nested.descriptor_identity :: retained descriptor artifact sha256=d3c36ba5f98a0f7e178ff0e046753a20d6f4e2e1dc974a5e956750b7bd552412 type=type.test/protomolt.rehearsal.Attachment
CHECK_OK restore.materialized.alpha-v1.nested.tool_identity :: admission runtime repository-backup-rehearsal/1
CHECK_OK restore.materialized.alpha-v1.nested.offline_decode :: decoded=attachment-one files=1 steps=3
CHECK_OK restore.materialized.alpha-v1.nested.selection_identity :: ordinal=0
CHECK_OK restore.materialized.alpha-v2.root.descriptor_identity :: retained descriptor artifact sha256=ba05e0e2dbc07edbac083c1be97100c9b58280235d4c124715af628a6286a9ce type=type.test/protomolt.rehearsal.Record
CHECK_OK restore.materialized.alpha-v2.root.tool_identity :: admission runtime repository-backup-rehearsal/1
CHECK_OK restore.materialized.alpha-v2.root.offline_decode :: decoded=alpha-v2 files=6 steps=1
CHECK_OK restore.materialized.alpha-v2.root.selection_identity :: ordinal=0
CHECK_OK restore.materialized.alpha-v2.nested.descriptor_identity :: retained descriptor artifact sha256=d3c36ba5f98a0f7e178ff0e046753a20d6f4e2e1dc974a5e956750b7bd552412 type=type.test/protomolt.rehearsal.Attachment
CHECK_OK restore.materialized.alpha-v2.nested.tool_identity :: admission runtime repository-backup-rehearsal/1
CHECK_OK restore.materialized.alpha-v2.nested.offline_decode :: decoded=attachment-two files=1 steps=3
CHECK_OK restore.materialized.alpha-v2.nested.selection_identity :: ordinal=0
CHECK_OK restore.materialized.beta-v1.root.descriptor_identity :: retained descriptor artifact sha256=ba05e0e2dbc07edbac083c1be97100c9b58280235d4c124715af628a6286a9ce type=type.test/protomolt.rehearsal.Record
CHECK_OK restore.materialized.beta-v1.root.tool_identity :: admission runtime repository-backup-rehearsal/1
CHECK_OK restore.materialized.beta-v1.root.offline_decode :: decoded=beta-v1 files=6 steps=1
CHECK_OK restore.materialized.beta-v1.root.selection_identity :: ordinal=0
CHECK_OK restore.materialized.beta-v1.nested.descriptor_identity :: retained descriptor artifact sha256=d3c36ba5f98a0f7e178ff0e046753a20d6f4e2e1dc974a5e956750b7bd552412 type=type.test/protomolt.rehearsal.Attachment
CHECK_OK restore.materialized.beta-v1.nested.tool_identity :: admission runtime repository-backup-rehearsal/1
CHECK_OK restore.materialized.beta-v1.nested.offline_decode :: decoded=attachment-beta files=1 steps=3
CHECK_OK restore.materialized.beta-v1.nested.selection_identity :: ordinal=0
CHECK_OK restore.provider.ab478d894820 :: bucket=rehearsal-alpha-61cddf1c key=rehearsal-pipeline/documents/rehearsal-alpha-61cddf1c/108524ce-4c53-309f-b56b-c7eab90ce620/attempts/c57ee2ee-f9ac-47bf-9c33-b1a22c5bb37a/part-0 version=312f4c08-171e-41c6-9417-5baab68a1019 sha256=6e5cfa1735271dd327a676678be4d0c320db956e7483358952ce587a061476c4 etag="0792a809b1187fe919ac36760c796835"
CHECK_OK restore.provider.97ae6bd252e7 :: bucket=rehearsal-alpha-61cddf1c key=rehearsal-pipeline/documents/rehearsal-alpha-61cddf1c/108524ce-4c53-309f-b56b-c7eab90ce620/attempts/92ab366c-72ba-453c-9a39-b8ac8c32ba41/part-0 version=1e7eddb5-4ad1-4a0f-bcfa-19dd038e4624 sha256=57e760a1e74e10c6ddddb0e9108274d1e21e8cf32fc650f87627b88cb235a4ac etag="481efa2b7f00fdae9504015a21a1cbc6"
CHECK_OK restore.provider.d1bf1f3ca380 :: bucket=rehearsal-beta-61cddf1c key=rehearsal-pipeline/documents/rehearsal-beta-61cddf1c/52694ba3-49f5-3a69-a828-b41dfa31dc3e/attempts/d2959964-26f5-40d1-b809-9f56bb9194a1/part-0 version=ba878fde-7e9e-45e7-9414-3f0e986bff22 sha256=203a0466c24bcb74e26c602fdaa998676bdfb33c8dd88a8e436420411b375685 etag="6c1b9c6d6b7c7974c79e016bc7e6d03b"
CHECK_OK restore.provider.count :: objects=3
CHECK_OK restore.replay.alpha-v1 :: receipt byte-equal, revision=130cff64-f95d-43bd-ab50-d60adacbd76d
CHECK_OK restore.replay.alpha-v2 :: receipt byte-equal, revision=0867a6cf-eda7-403b-8910-160c1547bbf3
CHECK_OK restore.replay.beta-v1 :: receipt byte-equal, revision=47526413-a77d-4c94-8248-7a093fd3f35e
CHECK_OK restore.access.alpha-v1.member :: granted member reads alpha-v1
CHECK_OK restore.access.alpha-v1.stranger :: same-account caller without the granted identity: NOT_FOUND
CHECK_OK restore.access.alpha-v1.outsider :: foreign account denied
CHECK_OK restore.access.alpha-v1.cross_account :: the other account's member denied: NOT_FOUND
CHECK_OK restore.access.alpha-v2.member :: granted member reads alpha-v2
CHECK_OK restore.access.alpha-v2.stranger :: same-account caller without the granted identity: NOT_FOUND
CHECK_OK restore.access.alpha-v2.outsider :: foreign account denied
CHECK_OK restore.access.alpha-v2.cross_account :: the other account's member denied: NOT_FOUND
CHECK_OK restore.access.beta-v1.member :: granted member reads beta-v1
CHECK_OK restore.access.beta-v1.stranger :: same-account caller without the granted identity: NOT_FOUND
CHECK_OK restore.access.beta-v1.outsider :: foreign account denied
CHECK_OK restore.access.beta-v1.cross_account :: the other account's member denied: NOT_FOUND
CHECK_OK restore.access_matrix_unchanged :: matrix={member.alpha-v1=OK, stranger.alpha-v1=NOT_FOUND, outsider.alpha-v1=NOT_FOUND, cross-account-member.alpha-v1=NOT_FOUND, member.alpha-v2=OK, stranger.alpha-v2=NOT_FOUND, outsider.alpha-v2=NOT_FOUND, cross-account-member.alpha-v2=NOT_FOUND, member.beta-v1=OK, stranger.beta-v1=NOT_FOUND, outsider.beta-v1=NOT_FOUND, cross-account-member.beta-v1=NOT_FOUND}
CHECK_OK restore.transport.unauthenticated :: status=UNAUTHENTICATED
CHECK_OK restore.transport.validated :: authenticated validated read equals recorded document
CHECK_OK restore.pending.command_identity :: recorded command digest reproduced from the persisted intent
CHECK_OK restore.pending.chain_identity :: V118/V119 rows, install edges (including install_xid) and generations equal the seed record: publication_preparations=[0, 1, 2] preparation_coverage_certificates=[0] preparation_coverage_lineage=[1] preparation_coverage_unresolved=[2] successor_installs=[1, 2] successor_executions=[] operation_success=[]
CHECK_OK restore.pending.replay_pending :: exact replay still observes PENDING; no result was invented
CHECK_OK restore.pending.discovery :: recovery discovery observes INSTALLED_NOT_ACTIVATED with the installed successor; leases restored verbatim and expired
CHECK_OK restore.pending.lineage_verifiable :: generation 2 verified against the restored install edge (VERIFIED_SUCCESSOR): depth 2, no header, no execution; a new transaction never equals a restored install_xid
CHECK_OK restore.pending.recoverable_not_executed :: a third successor installed on the restored catalog; still unresolved, unexecuted and PENDING
CHECK_OK restore.pending.budget_released :: verification released its reservations
CHECK_OK restore.schema.no_live_lookup :: live schema resolution attempts during historical verification=0
CHECK_OK after-write.typed_without_registry_refused :: typed publication with no registry -> IllegalStateException: Recovered host attempted live schema resolution; no registry is configured
CHECK_OK after-write.registry_rebuilt_from_retained_bytes.Record :: artifact sha256=ba05e0e2dbc07edbac083c1be97100c9b58280235d4c124715af628a6286a9ce
CHECK_OK after-write.registry_rebuilt_from_retained_bytes.Attachment :: artifact sha256=d3c36ba5f98a0f7e178ff0e046753a20d6f4e2e1dc974a5e956750b7bd552412
CHECK_OK after-write.registry_definitions :: two retained definitions rebuilt: [type.test/protomolt.rehearsal.Record, type.test/protomolt.rehearsal.Attachment]
CHECK_OK after-write.new_revision :: revision=0be99ed5-bfd7-4efa-96cf-089cfad4c6af mutation=4 > restored sequence 3
CHECK_OK after-write.rebuilt_registry_used :: resolutions=1
CHECK_OK after-write.readable :: new revision readable
CHECK_OK after-write.sequences_advanced :: document sequence 4 > restored 3
CHECK_OK after-write.old_bindings_intact :: restored object bindings unchanged by the new revision
CHECK_OK after-write.raw.alpha-v1.fragment_count :: fragments=1 expected=1
CHECK_OK after-write.raw.alpha-v1.fragment0 :: ordinal=0 sha256=6e5cfa1735271dd327a676678be4d0c320db956e7483358952ce587a061476c4 size=319
CHECK_OK after-write.raw.alpha-v1.publication_revision :: publicationRevision=1
CHECK_OK after-write.validated.alpha-v1.document :: document bytes equal recorded, sha256=6e5cfa1735271dd327a676678be4d0c320db956e7483358952ce587a061476c4
CHECK_OK after-write.validated.alpha-v1.bindings :: policy=7e9e1fd9671fb3abd6838a08d44080c654d7eb67281c0c938e1160b75af9ccd5 profile=protomolt-retained-schema-admission/v1
CHECK_OK after-write.validated.alpha-v1.metadata :: recorded metadata and manifest snapshot
CHECK_OK after-write.raw.alpha-v2.fragment_count :: fragments=1 expected=1
CHECK_OK after-write.raw.alpha-v2.fragment0 :: ordinal=0 sha256=57e760a1e74e10c6ddddb0e9108274d1e21e8cf32fc650f87627b88cb235a4ac size=326
CHECK_OK after-write.raw.alpha-v2.publication_revision :: publicationRevision=2
CHECK_OK after-write.validated.alpha-v2.document :: document bytes equal recorded, sha256=57e760a1e74e10c6ddddb0e9108274d1e21e8cf32fc650f87627b88cb235a4ac
CHECK_OK after-write.validated.alpha-v2.bindings :: policy=7e9e1fd9671fb3abd6838a08d44080c654d7eb67281c0c938e1160b75af9ccd5 profile=protomolt-retained-schema-admission/v1
CHECK_OK after-write.validated.alpha-v2.metadata :: recorded metadata and manifest snapshot
CHECK_OK after-write.raw.beta-v1.fragment_count :: fragments=1 expected=1
CHECK_OK after-write.raw.beta-v1.fragment0 :: ordinal=0 sha256=203a0466c24bcb74e26c602fdaa998676bdfb33c8dd88a8e436420411b375685 size=291
CHECK_OK after-write.raw.beta-v1.publication_revision :: publicationRevision=3
CHECK_OK after-write.validated.beta-v1.document :: document bytes equal recorded, sha256=203a0466c24bcb74e26c602fdaa998676bdfb33c8dd88a8e436420411b375685
CHECK_OK after-write.validated.beta-v1.bindings :: policy=21cc239fb48b9bbb98198b7027bb5b1d6d21f956c4062bbe8b859c957bd53228 profile=protomolt-retained-schema-admission/v1
CHECK_OK after-write.validated.beta-v1.metadata :: recorded metadata and manifest snapshot
CHECK_OK after-write.materialized.alpha-v1.root.descriptor_identity :: retained descriptor artifact sha256=ba05e0e2dbc07edbac083c1be97100c9b58280235d4c124715af628a6286a9ce type=type.test/protomolt.rehearsal.Record
CHECK_OK after-write.materialized.alpha-v1.root.tool_identity :: admission runtime repository-backup-rehearsal/1
CHECK_OK after-write.materialized.alpha-v1.root.offline_decode :: decoded=alpha-v1 files=6 steps=1
CHECK_OK after-write.materialized.alpha-v1.root.selection_identity :: ordinal=0
CHECK_OK after-write.materialized.alpha-v1.nested.descriptor_identity :: retained descriptor artifact sha256=d3c36ba5f98a0f7e178ff0e046753a20d6f4e2e1dc974a5e956750b7bd552412 type=type.test/protomolt.rehearsal.Attachment
CHECK_OK after-write.materialized.alpha-v1.nested.tool_identity :: admission runtime repository-backup-rehearsal/1
CHECK_OK after-write.materialized.alpha-v1.nested.offline_decode :: decoded=attachment-one files=1 steps=3
CHECK_OK after-write.materialized.alpha-v1.nested.selection_identity :: ordinal=0
CHECK_OK after-write.materialized.alpha-v2.root.descriptor_identity :: retained descriptor artifact sha256=ba05e0e2dbc07edbac083c1be97100c9b58280235d4c124715af628a6286a9ce type=type.test/protomolt.rehearsal.Record
CHECK_OK after-write.materialized.alpha-v2.root.tool_identity :: admission runtime repository-backup-rehearsal/1
CHECK_OK after-write.materialized.alpha-v2.root.offline_decode :: decoded=alpha-v2 files=6 steps=1
CHECK_OK after-write.materialized.alpha-v2.root.selection_identity :: ordinal=0
CHECK_OK after-write.materialized.alpha-v2.nested.descriptor_identity :: retained descriptor artifact sha256=d3c36ba5f98a0f7e178ff0e046753a20d6f4e2e1dc974a5e956750b7bd552412 type=type.test/protomolt.rehearsal.Attachment
CHECK_OK after-write.materialized.alpha-v2.nested.tool_identity :: admission runtime repository-backup-rehearsal/1
CHECK_OK after-write.materialized.alpha-v2.nested.offline_decode :: decoded=attachment-two files=1 steps=3
CHECK_OK after-write.materialized.alpha-v2.nested.selection_identity :: ordinal=0
CHECK_OK after-write.materialized.beta-v1.root.descriptor_identity :: retained descriptor artifact sha256=ba05e0e2dbc07edbac083c1be97100c9b58280235d4c124715af628a6286a9ce type=type.test/protomolt.rehearsal.Record
CHECK_OK after-write.materialized.beta-v1.root.tool_identity :: admission runtime repository-backup-rehearsal/1
CHECK_OK after-write.materialized.beta-v1.root.offline_decode :: decoded=beta-v1 files=6 steps=1
CHECK_OK after-write.materialized.beta-v1.root.selection_identity :: ordinal=0
CHECK_OK after-write.materialized.beta-v1.nested.descriptor_identity :: retained descriptor artifact sha256=d3c36ba5f98a0f7e178ff0e046753a20d6f4e2e1dc974a5e956750b7bd552412 type=type.test/protomolt.rehearsal.Attachment
CHECK_OK after-write.materialized.beta-v1.nested.tool_identity :: admission runtime repository-backup-rehearsal/1
CHECK_OK after-write.materialized.beta-v1.nested.offline_decode :: decoded=attachment-beta files=1 steps=3
CHECK_OK after-write.materialized.beta-v1.nested.selection_identity :: ordinal=0
CHECK_OK restore.ready :: recovered host advertised ready after verification
CHECK_OK verify.not_ready :: READY is only written by a fully verified host
