2026-10-09T23:30:38.171005993Z exit=0 $ id -u
  stdout: 1000
2026-10-09T23:30:38.172871730Z exit=0 $ id -g
  stdout: 1000
2026-10-09T23:30:38.192839788Z exit=0 $ docker version --format {{.Server.Version}}
  stdout: 29.8.1
2026-10-09T23:30:38.216266485Z exit=0 $ docker image inspect postgres:18-alpine --format {{.Id}}
  stdout: sha256:77f585114c32fbca283dc835b0596f4e52b51b4c6662d7810b2f4084f60a1873
2026-10-09T23:30:38.235569284Z exit=0 $ docker image inspect rustfs/rustfs:1.0.0-beta.11-preview.1 --format {{.Id}}
  stdout: sha256:ea50257bc5e281e83170f49b84a109432d930f93bf5051c77d09105c5a62746b
2026-10-09T23:30:38.295735702Z exit=0 $ docker network create protomolt-qualification-e34ceabcd-a5cd3a2f-net
  stdout: 4a7469670e89e302379b072e588b389d5b75f4cea23ef69a2a08f9386ecee77d
2026-10-09T23:30:38.309025431Z exit=0 $ docker volume create protomolt-qualification-e34ceabcd-a5cd3a2f-rst-pg-data
  stdout: protomolt-qualification-e34ceabcd-a5cd3a2f-rst-pg-data
2026-10-09T23:30:38.319617249Z exit=0 $ docker volume create protomolt-qualification-e34ceabcd-a5cd3a2f-rst-rustfs-data
  stdout: protomolt-qualification-e34ceabcd-a5cd3a2f-rst-rustfs-data
2026-10-09T23:30:38.784238814Z exit=0 $ docker run --rm -v protomolt-qualification-e34ceabcd-a5cd3a2f-rst-pg-data:/data:ro postgres:18-alpine sh -c find /data -mindepth 1 | head -1
2026-10-09T23:30:39.258462817Z exit=0 $ docker run --rm -v protomolt-qualification-e34ceabcd-a5cd3a2f-rst-rustfs-data:/data:ro postgres:18-alpine sh -c find /data -mindepth 1 | head -1
2026-10-09T23:30:39.764731020Z exit=0 $ docker run --rm -v protomolt-qualification-e34ceabcd-a5cd3a2f-rst-rustfs-data:/data -v /work/worktrees/protomolt/external-train-followups/repo/container/build/archive-backup-qualification/2026-10-09T23-29-07.913317468Z/negative-wrong-credentials/backup-copy/provider:/in:ro postgres:18-alpine sh -c set -e; cd /data && tar --numeric-owner -xf /in/rustfs-data.tar
2026-10-09T23:30:39.974706640Z exit=0 $ docker run -d --name protomolt-qualification-e34ceabcd-a5cd3a2f-rst-rustfs --network protomolt-qualification-e34ceabcd-a5cd3a2f-net -p 127.0.0.1:40363:9000 -v protomolt-qualification-e34ceabcd-a5cd3a2f-rst-rustfs-data:/data -e RUSTFS_VOLUMES=/data -e RUSTFS_ADDRESS=:9000 -e RUSTFS_CONSOLE_ENABLE=false -e RUSTFS_ACCESS_KEY=qualification-cb55ef9b -e RUSTFS_SECRET_KEY=<redacted> rustfs/rustfs:1.0.0-beta.11-preview.1 /data
  stdout: 1042403ce673ed823ca3405e3c3eae29ea37a5295c4db575cf78cdaab4dd3e8b
2026-10-09T23:30:40.212779658Z exit=0 $ docker run -d --name protomolt-qualification-e34ceabcd-a5cd3a2f-rst-pg --network protomolt-qualification-e34ceabcd-a5cd3a2f-net -p 127.0.0.1:0:5432 -v protomolt-qualification-e34ceabcd-a5cd3a2f-rst-pg-data:/var/lib/postgresql -e POSTGRES_USER=repo -e POSTGRES_PASSWORD=<redacted> -e POSTGRES_DB=repo postgres:18-alpine -c fsync=on
  stdout: 673af4bec25a039ce52f13aceb05cbb4b811877a5f76e1ba5e2561f81f9e304c
2026-10-09T23:30:40.231148972Z exit=0 $ docker port protomolt-qualification-e34ceabcd-a5cd3a2f-rst-pg 5432/tcp
  stdout: 127.0.0.1:33214
2026-10-09T23:30:40.270272010Z exit=2 $ docker exec protomolt-qualification-e34ceabcd-a5cd3a2f-rst-pg pg_isready -U repo -d repo
  stdout: /var/run/postgresql:5432 - no response
2026-10-09T23:30:40.798528952Z exit=0 $ docker exec protomolt-qualification-e34ceabcd-a5cd3a2f-rst-pg pg_isready -U repo -d repo
  stdout: /var/run/postgresql:5432 - accepting connections
2026-10-09T23:30:41.334887924Z exit=0 $ docker exec protomolt-qualification-e34ceabcd-a5cd3a2f-rst-pg pg_isready -U repo -d repo
  stdout: /var/run/postgresql:5432 - accepting connections
2026-10-09T23:30:43.307304494Z exit=0 $ docker run --rm --network protomolt-qualification-e34ceabcd-a5cd3a2f-net --user 1000:1000 -e PGPASSWORD -v /work/worktrees/protomolt/external-train-followups/repo/container/build/archive-backup-qualification/2026-10-09T23-29-07.913317468Z/negative-wrong-credentials/backup-copy/sql:/in:ro postgres:18-alpine pg_restore -h protomolt-qualification-e34ceabcd-a5cd3a2f-rst-pg -U repo -d repo --exit-on-error --no-owner --no-privileges /in/ledger.dump
2026-10-09T23:30:46.011079246Z note: ArchiveBackupQualificationRecoveredHost exit=0 log=recovered-host.log
2026-10-09T23:30:46.027600676Z exit=0 $ docker logs protomolt-qualification-e34ceabcd-a5cd3a2f-rst-rustfs
  stdout: Initializing data directories: /data
          Initializing log directory: /logs
          Starting: /usr/bin/rustfs /data
2026-10-09T23:30:46.045738453Z exit=0 $ docker logs protomolt-qualification-e34ceabcd-a5cd3a2f-rst-pg
  stdout: The files belonging to this database system will be owned by user "postgres".
          This user must also own the server process.
          
          The database cluster will be initialized with locale "en_US.utf8".
          The default database encoding has accordingly been set to "UTF8".
          The default text search configuration will be set to "english".
          
          Data page checksums are enabled.
          
          fixing permissions on existing directory /var/lib/postgresql/18/docker ... ok
          creating subdirectories ... ok
          selecting dynamic shared memory implementation ... posix
          selecting default "max_connections" ... 100
          selecting default "shared_buffers" ... 128MB
          selecting default time zone ... UTC
          creating configuration files ... ok
          running bootstrap script ... ok
          performing post-bootstrap initialization ... ok
          syncing data to disk ... ok
          
          
          Success. You can now start the database server using:
          
              pg_ctl -D /var/lib/postgresql/18/docker -l logfile start
          
          waiting for server to start....2026-10-09 23:30:40.724 UTC [52] LOG:  starting PostgreSQL 18.6 on x86_64-pc-linux-musl, compiled by gcc (Alpine 15.2.0) 15.2.0, 64-bit
          2026-10-09 23:30:40.728 UTC [52] LOG:  listening on Unix socket "/var/run/postgresql/.s.PGSQL.5432"
          2026-10-09 23:30:40.745 UTC [58] LOG:  database system was shut down at 2026-10-09 23:30:40 UTC
          2026-10-09 23:30:40.751 UTC [52] LOG:  database system is ready to accept connections
          2026-10-09 23:30:40.797 UTC [68] FATAL:  database "repo" does not exist
           done
          server started
          CREATE DATABASE
          
          
          /usr/local/bin/docker-entrypoint.sh: ignoring /docker-entrypoint-initdb.d/*
          
          waiting for server to shut down....2026-10-09 23:30:40.847 UTC [52] LOG:  received fast shutdown request
          2026-10-09 23:30:40.851 UTC [52] LOG:  aborting any active transactions
          2026-10-09 23:30:40.852 UTC [52] LOG:  background worker "logical replication launcher" (PID 61) exited with exit code 1
          2026-10-09 23:30:40.852 UTC [56] LOG:  shutting down
          2026-10-09 23:30:40.858 UTC [56] LOG:  checkpoint starting: shutdown immediate
          2026-10-09 23:30:40.925 UTC [56] LOG:  checkpoint complete: wrote 943 buffers (5.8%), wrote 3 SLRU buffers; 0 WAL file(s) added, 0 removed, 0 recycled; write=0.015 s, sync=0.032 s, total=0.073 s; sync files=303, longest=0.006 s, average=0.001 s; distance=4362 kB, estimate=4362 kB; lsn=0/1BA8858, redo lsn=0/1BA8858
          2026-10-09 23:30:40.939 UTC [52] LOG:  database system is shut down
           done
          server stopped
          
          PostgreSQL init process complete; ready for start up.
  stderr: sh: locale: not found
          2026-10-09 23:30:40.426 UTC [46] WARNING:  no usable system locales were found
          initdb: warning: enabling "trust" authentication for local connections
          initdb: hint: You can change this by editing pg_hba.conf or using the option -A, or --auth-local and --auth-host, the next time you run initdb.
          2026-10-09 23:30:40.965 UTC [1] LOG:  starting PostgreSQL 18.6 on x86_64-pc-linux-musl, compiled by gcc (Alpine 15.2.0) 15.2.0, 64-bit
          2026-10-09 23:30:40.965 UTC [1] LOG:  listening on IPv4 address "0.0.0.0", port 5432
          2026-10-09 23:30:40.965 UTC [1] LOG:  listening on IPv6 address "::", port 5432
          2026-10-09 23:30:40.975 UTC [1] LOG:  listening on Unix socket "/var/run/postgresql/.s.PGSQL.5432"
          2026-10-09 23:30:40.986 UTC [81] LOG:  database system was shut down at 2026-10-09 23:30:40 UTC
          2026-10-09 23:30:40.992 UTC [1] LOG:  database system is ready to accept connections
2026-10-09T23:30:46.478509472Z exit=0 $ docker rm -f protomolt-qualification-e34ceabcd-a5cd3a2f-rst-pg
  stdout: protomolt-qualification-e34ceabcd-a5cd3a2f-rst-pg
2026-10-09T23:30:46.876657333Z exit=0 $ docker rm -f protomolt-qualification-e34ceabcd-a5cd3a2f-rst-rustfs
  stdout: protomolt-qualification-e34ceabcd-a5cd3a2f-rst-rustfs
2026-10-09T23:30:46.893677266Z exit=0 $ docker volume rm -f protomolt-qualification-e34ceabcd-a5cd3a2f-rst-rustfs-data
  stdout: protomolt-qualification-e34ceabcd-a5cd3a2f-rst-rustfs-data
2026-10-09T23:30:46.923602572Z exit=0 $ docker volume rm -f protomolt-qualification-e34ceabcd-a5cd3a2f-rst-pg-data
  stdout: protomolt-qualification-e34ceabcd-a5cd3a2f-rst-pg-data
2026-10-09T23:30:47.103086675Z exit=0 $ docker network rm protomolt-qualification-e34ceabcd-a5cd3a2f-net
  stdout: protomolt-qualification-e34ceabcd-a5cd3a2f-net
