CHECK_OK restore.row_counts :: identity table counts equal the sealed manifest: {archive_entries=1, archive_object_bindings=3, archive_object_uploads=3, archive_version_object_refs=4, archive_versions=2, archives=1, document_part_attempt_cleanup=0, document_part_attempts=2, document_revision_commits=2, document_revision_parts=2, document_revision_publications=2, document_revision_schema_artifacts=8, document_revision_schema_assets=4, document_revision_schema_evidence=2, documents=1, flyway_schema_history=111, managed_backend_profiles=1, repository_execution_claims=2, repository_operation_success=2, repository_operations=2, repository_physical_locations=5, repository_reader_incarnations=2, repository_schema_artifacts=4}
CHECK_OK restore.reader_incarnations_restored :: restored reader incarnations=2 (the seed host's registration, restored verbatim, never reused)
CHECK_OK restore.backend_profile :: managed_backend_profiles row equals recorded identity for generation recovery-gen-6b1af841-97a9-402b-a5d5-9c8e41bfc1c7
CHECK_OK restore.sequences :: sequence values={archive_mutation_revision_seq=8, document_mutation_revision_seq=2}
CHECK_OK restore.schema_catalog :: catalog digests=4
CHECK_OK restore.migration_level :: flyway level V111
CHECK_OK restore.xid_past_stored :: current=1582 maxStored=1012
CHECK_OK restore.fresh_incarnation :: restored incarnations=2 all QUIESCED; recovered host registered 2 new ACTIVE incarnation(s); none restored revived
CHECK_OK restore.raw.v1.fragment_count :: fragments=1 expected=1
CHECK_OK restore.raw.v1.fragment0 :: ordinal=0 sha256=c623e3be0b0584afdea3689223d849ff8c71fffb18c0af552eb3978c78143fde size=239
CHECK_OK restore.raw.v1.publication_revision :: publicationRevision=1
CHECK_OK restore.validated.v1.document :: document bytes equal recorded, sha256=c623e3be0b0584afdea3689223d849ff8c71fffb18c0af552eb3978c78143fde
CHECK_OK restore.validated.v1.bindings :: policy=c02531a04257b22d8a8745eb10794a15d9dca614fa9108ceb14c370e4b7e90cf profile=protomolt-retained-schema-admission/v1
CHECK_OK restore.validated.v1.metadata :: recorded metadata and manifest snapshot
CHECK_OK restore.raw.v2.fragment_count :: fragments=1 expected=1
CHECK_OK restore.raw.v2.fragment0 :: ordinal=0 sha256=f8a173e31cdd9488a275d7d829a42d6c35d210259f400d05476a2d3f1b7ae372 size=246
CHECK_OK restore.raw.v2.publication_revision :: publicationRevision=2
CHECK_OK restore.validated.v2.document :: document bytes equal recorded, sha256=f8a173e31cdd9488a275d7d829a42d6c35d210259f400d05476a2d3f1b7ae372
CHECK_OK restore.validated.v2.bindings :: policy=c02531a04257b22d8a8745eb10794a15d9dca614fa9108ceb14c370e4b7e90cf profile=protomolt-retained-schema-admission/v1
CHECK_OK restore.validated.v2.metadata :: recorded metadata and manifest snapshot
CHECK_OK restore.materialized.descriptor_identity :: retained descriptor artifact sha256=40c626818e37d61acd667c0dd3a9155eb070f64a5698fa42e57a484455944588
CHECK_OK restore.materialized.tool_identity :: admission runtime repository-recovery-rehearsal/1
CHECK_OK restore.materialized.offline_decode :: label=rehearsal-v1 files=5 imports retained
CHECK_OK restore.materialized.selection_identity :: ordinal=0
CHECK_OK restore.archive.v1.bytes :: renditions=2 byte-equal to recorded
CHECK_OK restore.archive.v1.manifest :: frozen metadata snapshot title=Quarterly report
CHECK_OK restore.archive.v2.bytes :: renditions=2 byte-equal to recorded
CHECK_OK restore.archive.v2.manifest :: frozen metadata snapshot title=Revised report
CHECK_OK restore.archive.versions :: versions=[2, 1]
CHECK_OK restore.archive.shared_object :: shared key=recovery-archive/archive/recovery-account-ec69732f-e1b1-4280-92bf-0002446d69bd/recovery-docs/084a73dc-3c87-3c3b-bea0-ffcc48a419a6/original/writes/58d5a36b-acb4-461f-99d4-ac85d36066e9/3717c538f246d28f9e9265a791f6d13e976bf7c1de15aa3764802569aea1b10b
CHECK_OK restore.archive.stats :: entries=1 versions=2 retainedBytes=92
CHECK_OK restore.provider.dd346ab450d7 :: bucket=recovery-recovery-account-ec69732f-e1b1-4280-92bf-0002446d69bd key=recovery-pipeline/documents/recovery-account-ec69732f-e1b1-4280-92bf-0002446d69bd/321e78e3-0058-3ed3-8f65-98cb7ad589b2/attempts/fc45e5b6-32a4-41af-96fc-6ae4b38b0ef7/part-0 version=e691966c-0832-462b-8eb1-15686f38fcd9 sha256=c623e3be0b0584afdea3689223d849ff8c71fffb18c0af552eb3978c78143fde etag="ebc1742a1053d202ed2c558fd504d47d"
CHECK_OK restore.provider.56cf14898fa5 :: bucket=recovery-recovery-account-ec69732f-e1b1-4280-92bf-0002446d69bd key=recovery-pipeline/documents/recovery-account-ec69732f-e1b1-4280-92bf-0002446d69bd/321e78e3-0058-3ed3-8f65-98cb7ad589b2/attempts/c2ec0346-00f0-406c-b022-b2d8a8467a0d/part-0 version=db7f8227-c92e-4773-975f-097add38f18c sha256=f8a173e31cdd9488a275d7d829a42d6c35d210259f400d05476a2d3f1b7ae372 etag="8f60db819f87072b7b7310019d538b1d"
CHECK_OK restore.provider.ab3dbadbf37b :: bucket=recovery-recovery-account-ec69732f-e1b1-4280-92bf-0002446d69bd key=recovery-archive/archive/recovery-account-ec69732f-e1b1-4280-92bf-0002446d69bd/recovery-docs/084a73dc-3c87-3c3b-bea0-ffcc48a419a6/markdown/writes/56ac57d3-f7c6-435f-8aec-52a9131ed0d8/04e1d1467e73933d8841c0c22eca9710ee72d020f5d494b091d68d4d2efea89d version=92aa05fc-19d7-40dd-8660-4687e7ba9b31 sha256=04e1d1467e73933d8841c0c22eca9710ee72d020f5d494b091d68d4d2efea89d etag="a4d1c5ae1e2b525dc20dc6cafe2055fa"
CHECK_OK restore.provider.fd40174334a9 :: bucket=recovery-recovery-account-ec69732f-e1b1-4280-92bf-0002446d69bd key=recovery-archive/archive/recovery-account-ec69732f-e1b1-4280-92bf-0002446d69bd/recovery-docs/084a73dc-3c87-3c3b-bea0-ffcc48a419a6/original/writes/58d5a36b-acb4-461f-99d4-ac85d36066e9/3717c538f246d28f9e9265a791f6d13e976bf7c1de15aa3764802569aea1b10b version=d9a90f70-5707-4719-ab1d-aea736b4fcfb sha256=3717c538f246d28f9e9265a791f6d13e976bf7c1de15aa3764802569aea1b10b etag="71646b6a4ab2f1caffeed02c562dfcad"
CHECK_OK restore.provider.938d5b1fa33c :: bucket=recovery-recovery-account-ec69732f-e1b1-4280-92bf-0002446d69bd key=recovery-archive/archive/recovery-account-ec69732f-e1b1-4280-92bf-0002446d69bd/recovery-docs/084a73dc-3c87-3c3b-bea0-ffcc48a419a6/markdown/writes/2127cf5f-e8ff-4a3e-96cd-2e8cc9dd7b89/0e0f52ab217372a6f6698af3b0a1dc35c51c5293abf5ad23887f7898a79347fc version=f2f84e71-a191-46fe-96ba-8bcd9582a07d sha256=0e0f52ab217372a6f6698af3b0a1dc35c51c5293abf5ad23887f7898a79347fc etag="ab8d98c564c09941a815b7e52495cf77"
CHECK_OK restore.provider.fd40174334a9 :: bucket=recovery-recovery-account-ec69732f-e1b1-4280-92bf-0002446d69bd key=recovery-archive/archive/recovery-account-ec69732f-e1b1-4280-92bf-0002446d69bd/recovery-docs/084a73dc-3c87-3c3b-bea0-ffcc48a419a6/original/writes/58d5a36b-acb4-461f-99d4-ac85d36066e9/3717c538f246d28f9e9265a791f6d13e976bf7c1de15aa3764802569aea1b10b version=d9a90f70-5707-4719-ab1d-aea736b4fcfb sha256=3717c538f246d28f9e9265a791f6d13e976bf7c1de15aa3764802569aea1b10b etag="71646b6a4ab2f1caffeed02c562dfcad"
CHECK_OK restore.provider.count :: objects=6
CHECK_OK restore.replay.v1 :: receipt byte-equal, revision=60501730-9f89-4508-808e-2b2b368f10fc
CHECK_OK restore.replay.v2 :: receipt byte-equal, revision=4ffc4400-73c0-459b-9191-890d9f21d458
CHECK_OK restore.replay.archive_dedup :: deduplicated=true version=2
CHECK_OK restore.access.member :: member reads both revisions
CHECK_OK restore.access.revoked_public :: public grant revoked by revision 2 applies to revision 1: NOT_FOUND
CHECK_OK restore.access.outsider :: foreign account denied
CHECK_OK restore.access_matrix_unchanged :: matrix={member.v1=OK, member.v2=OK, stranger.v1=NOT_FOUND, stranger.v2=NOT_FOUND, outsider.v1=NOT_FOUND, outsider.v2=NOT_FOUND}
CHECK_OK restore.transport.unauthenticated :: status=UNAUTHENTICATED
CHECK_OK restore.transport.validated :: authenticated validated read equals recorded document
CHECK_OK restore.schema.no_live_lookup :: live schema resolution attempts during historical verification=0
CHECK_OK after-write.document.typed_without_registry_refused :: typed publication with no registry -> IllegalStateException: Recovered host attempted live schema resolution; no registry is configured
CHECK_OK after-write.registry_rebuilt_from_retained_bytes :: artifact sha256=40c626818e37d61acd667c0dd3a9155eb070f64a5698fa42e57a484455944588
CHECK_OK after-write.document.new_revision :: revision=68fda096-29e2-4feb-8b9d-39c2b1a5f730 mutation=3 > restored sequence 2
CHECK_OK after-write.document.rebuilt_registry_used :: resolutions=1
CHECK_OK after-write.document.readable :: new revision readable
CHECK_OK after-write.archive.new_version :: archive version 3 committed after restore
CHECK_OK after-write.sequences_advanced :: sequences={archive_mutation_revision_seq=12, document_mutation_revision_seq=3} restored=2/8
CHECK_OK after-write.archive.old_bindings_intact :: restored bindings unchanged, new version bound two objects (shared original, new markdown)
CHECK_OK after-write.raw.v1.fragment_count :: fragments=1 expected=1
CHECK_OK after-write.raw.v1.fragment0 :: ordinal=0 sha256=c623e3be0b0584afdea3689223d849ff8c71fffb18c0af552eb3978c78143fde size=239
CHECK_OK after-write.raw.v1.publication_revision :: publicationRevision=1
CHECK_OK after-write.validated.v1.document :: document bytes equal recorded, sha256=c623e3be0b0584afdea3689223d849ff8c71fffb18c0af552eb3978c78143fde
CHECK_OK after-write.validated.v1.bindings :: policy=c02531a04257b22d8a8745eb10794a15d9dca614fa9108ceb14c370e4b7e90cf profile=protomolt-retained-schema-admission/v1
CHECK_OK after-write.validated.v1.metadata :: recorded metadata and manifest snapshot
CHECK_OK after-write.raw.v2.fragment_count :: fragments=1 expected=1
CHECK_OK after-write.raw.v2.fragment0 :: ordinal=0 sha256=f8a173e31cdd9488a275d7d829a42d6c35d210259f400d05476a2d3f1b7ae372 size=246
CHECK_OK after-write.raw.v2.publication_revision :: publicationRevision=2
CHECK_OK after-write.validated.v2.document :: document bytes equal recorded, sha256=f8a173e31cdd9488a275d7d829a42d6c35d210259f400d05476a2d3f1b7ae372
CHECK_OK after-write.validated.v2.bindings :: policy=c02531a04257b22d8a8745eb10794a15d9dca614fa9108ceb14c370e4b7e90cf profile=protomolt-retained-schema-admission/v1
CHECK_OK after-write.validated.v2.metadata :: recorded metadata and manifest snapshot
CHECK_OK after-write.materialized.descriptor_identity :: retained descriptor artifact sha256=40c626818e37d61acd667c0dd3a9155eb070f64a5698fa42e57a484455944588
CHECK_OK after-write.materialized.tool_identity :: admission runtime repository-recovery-rehearsal/1
CHECK_OK after-write.materialized.offline_decode :: label=rehearsal-v1 files=5 imports retained
CHECK_OK after-write.materialized.selection_identity :: ordinal=0
CHECK_OK after-write.archive.v1.bytes :: renditions=2 byte-equal to recorded
CHECK_OK after-write.archive.v1.manifest :: frozen metadata snapshot title=Quarterly report
CHECK_OK after-write.archive.v2.bytes :: renditions=2 byte-equal to recorded
CHECK_OK after-write.archive.v2.manifest :: frozen metadata snapshot title=Revised report
CHECK_OK after-write.archive.versions :: versions=[3, 2, 1]
CHECK_OK after-write.archive.shared_object :: shared key=recovery-archive/archive/recovery-account-ec69732f-e1b1-4280-92bf-0002446d69bd/recovery-docs/084a73dc-3c87-3c3b-bea0-ffcc48a419a6/original/writes/58d5a36b-acb4-461f-99d4-ac85d36066e9/3717c538f246d28f9e9265a791f6d13e976bf7c1de15aa3764802569aea1b10b
CHECK_OK after-write.archive.stats :: entries=1 versions=3 retainedBytes=110
CHECK_OK restore.ready :: recovered host advertised ready after verification
