CHECK_OK seed.drive :: drive=b0260032-828a-3bd0-a044-328c26a30931 bucket=recovery-pipeline-17e0f907
CHECK_OK seed.publish.v1 :: committed revision eddfee88-3397-4459-b546-77dab63f444e
CHECK_OK seed.replay.v1.live :: receipt replay while live
CHECK_OK seed.publish.v2 :: committed revision 9dcedbcd-4bb4-4988-b6d6-83d842e4fed9
CHECK_OK seed.publish.v2.identity :: same address, new revision, mutation 1 -> 2
CHECK_OK seed.publish.distinct_data :: revision payloads differ
CHECK_OK seed.schema.live_resolution_used :: registry resolutions=2
CHECK_OK seed.archive.versions :: versions 1 and 2 committed
CHECK_OK seed.archive.shared_object :: shared key=recovery-archive/archive/recovery-account-7ae36775-dcc7-4194-9079-0ef017e0f907/recovery-docs/9cf1dd32-7801-3c4d-abe2-e580ed154b45/original/writes/94330bf0-99e4-4eee-9ca7-6043838a7ade/369a65e74af7e4d877620fbebfee4063a308cc17e86b13766c2b8a9df8484073
CHECK_OK seed.archive.dedup :: identical content did not create a version
CHECK_OK seed.ledger.provider_versions :: document objects=2 archive objects=4
CHECK_OK seed.ledger.archive_sharing :: three physical objects across four version references
CHECK_OK seed.ledger.catalog :: catalog holds the retained descriptor artifact; entries=4
CHECK_OK seed.ledger.evidence_artifact :: evidence references the retained artifact
CHECK_OK seed.schema.resolver_drained :: live resolver closed before historical verification
CHECK_OK seed.raw.v1.fragment_count :: fragments=1 expected=1
CHECK_OK seed.raw.v1.fragment0 :: ordinal=0 sha256=ea3a363f2bb9c069c60eb451eceb402da93e8dd57cd57d239f302431eea17372 size=239
CHECK_OK seed.raw.v1.publication_revision :: publicationRevision=1
CHECK_OK seed.validated.v1.document :: document bytes equal recorded, sha256=ea3a363f2bb9c069c60eb451eceb402da93e8dd57cd57d239f302431eea17372
CHECK_OK seed.validated.v1.bindings :: policy=de5c03671a80d60e24066efd73686d72cbe1e2d0050d9125fd9668b9922b0556 profile=protomolt-retained-schema-admission/v1
CHECK_OK seed.validated.v1.metadata :: recorded metadata and manifest snapshot
CHECK_OK seed.raw.v2.fragment_count :: fragments=1 expected=1
CHECK_OK seed.raw.v2.fragment0 :: ordinal=0 sha256=07f4acc3bcbdc558551f2e98f5b4271d418d31cbf1a0a00e9baafec6b47bdd66 size=246
CHECK_OK seed.raw.v2.publication_revision :: publicationRevision=2
CHECK_OK seed.validated.v2.document :: document bytes equal recorded, sha256=07f4acc3bcbdc558551f2e98f5b4271d418d31cbf1a0a00e9baafec6b47bdd66
CHECK_OK seed.validated.v2.bindings :: policy=de5c03671a80d60e24066efd73686d72cbe1e2d0050d9125fd9668b9922b0556 profile=protomolt-retained-schema-admission/v1
CHECK_OK seed.validated.v2.metadata :: recorded metadata and manifest snapshot
CHECK_OK seed.materialized.descriptor_identity :: retained descriptor artifact sha256=40c626818e37d61acd667c0dd3a9155eb070f64a5698fa42e57a484455944588
CHECK_OK seed.materialized.tool_identity :: admission runtime repository-recovery-rehearsal/1
CHECK_OK seed.materialized.offline_decode :: label=rehearsal-v1 files=5 imports retained
CHECK_OK seed.materialized.selection_identity :: ordinal=0
CHECK_OK seed.archive.v1.bytes :: renditions=2 byte-equal to recorded
CHECK_OK seed.archive.v1.manifest :: frozen metadata snapshot title=Quarterly report
CHECK_OK seed.archive.v2.bytes :: renditions=2 byte-equal to recorded
CHECK_OK seed.archive.v2.manifest :: frozen metadata snapshot title=Revised report
CHECK_OK seed.archive.versions :: versions=[2, 1]
CHECK_OK seed.archive.shared_object :: shared key=recovery-archive/archive/recovery-account-7ae36775-dcc7-4194-9079-0ef017e0f907/recovery-docs/9cf1dd32-7801-3c4d-abe2-e580ed154b45/original/writes/94330bf0-99e4-4eee-9ca7-6043838a7ade/369a65e74af7e4d877620fbebfee4063a308cc17e86b13766c2b8a9df8484073
CHECK_OK seed.archive.stats :: entries=1 versions=2 retainedBytes=92
CHECK_OK seed.replay.v1 :: receipt byte-equal, revision=eddfee88-3397-4459-b546-77dab63f444e
CHECK_OK seed.replay.v2 :: receipt byte-equal, revision=9dcedbcd-4bb4-4988-b6d6-83d842e4fed9
CHECK_OK seed.replay.archive_dedup :: deduplicated=true version=2
CHECK_OK seed.access.member :: member reads both revisions
CHECK_OK seed.access.revoked_public :: public grant revoked by revision 2 applies to revision 1: NOT_FOUND
CHECK_OK seed.access.outsider :: foreign account denied
CHECK_OK seed.transport.unauthenticated :: status=UNAUTHENTICATED
CHECK_OK seed.transport.validated :: authenticated validated read equals recorded document
CHECK_OK seed.provider.bf2d92dd03d3 :: bucket=recovery-pipeline-17e0f907 key=recovery-pipeline/documents/recovery-account-7ae36775-dcc7-4194-9079-0ef017e0f907/a275cb55-f625-3149-8df6-628f85e512d8/attempts/3a69d61a-11f1-4be7-a4fa-844e66d6d6da/part-0 version=e08bed67-2c9b-491d-bf11-396290b0cd28 sha256=ea3a363f2bb9c069c60eb451eceb402da93e8dd57cd57d239f302431eea17372 etag="e48d25451af0fceab0658d002474f2d3"
CHECK_OK seed.provider.47b427323b6f :: bucket=recovery-pipeline-17e0f907 key=recovery-pipeline/documents/recovery-account-7ae36775-dcc7-4194-9079-0ef017e0f907/a275cb55-f625-3149-8df6-628f85e512d8/attempts/9105e057-c120-4de3-99da-14647596e8b5/part-0 version=caaf6b7d-89ff-4045-a455-3be3ed45af74 sha256=07f4acc3bcbdc558551f2e98f5b4271d418d31cbf1a0a00e9baafec6b47bdd66 etag="9e3d61fed9f417c177b64f9da512ee59"
CHECK_OK seed.provider.b440f35091b7 :: bucket=recovery-archive-17e0f907 key=recovery-archive/archive/recovery-account-7ae36775-dcc7-4194-9079-0ef017e0f907/recovery-docs/9cf1dd32-7801-3c4d-abe2-e580ed154b45/markdown/writes/ca50eecc-4eb8-4bff-b243-cfa37e96ec80/04e1d1467e73933d8841c0c22eca9710ee72d020f5d494b091d68d4d2efea89d version=f5f4df9e-ef93-4e58-9110-f62b3e250276 sha256=04e1d1467e73933d8841c0c22eca9710ee72d020f5d494b091d68d4d2efea89d etag="a4d1c5ae1e2b525dc20dc6cafe2055fa"
CHECK_OK seed.provider.f9560953f27b :: bucket=recovery-archive-17e0f907 key=recovery-archive/archive/recovery-account-7ae36775-dcc7-4194-9079-0ef017e0f907/recovery-docs/9cf1dd32-7801-3c4d-abe2-e580ed154b45/original/writes/94330bf0-99e4-4eee-9ca7-6043838a7ade/369a65e74af7e4d877620fbebfee4063a308cc17e86b13766c2b8a9df8484073 version=6a406000-42c7-494a-9f95-47b29fb64151 sha256=369a65e74af7e4d877620fbebfee4063a308cc17e86b13766c2b8a9df8484073 etag="bd4303656e1e6e7e72068fe62ea36ae9"
CHECK_OK seed.provider.f43d0d818bee :: bucket=recovery-archive-17e0f907 key=recovery-archive/archive/recovery-account-7ae36775-dcc7-4194-9079-0ef017e0f907/recovery-docs/9cf1dd32-7801-3c4d-abe2-e580ed154b45/markdown/writes/60e42a9e-c409-454f-9f15-cb326bb151b9/0e0f52ab217372a6f6698af3b0a1dc35c51c5293abf5ad23887f7898a79347fc version=d246edf6-230e-4676-90e0-bf45de6c67b3 sha256=0e0f52ab217372a6f6698af3b0a1dc35c51c5293abf5ad23887f7898a79347fc etag="ab8d98c564c09941a815b7e52495cf77"
CHECK_OK seed.provider.f9560953f27b :: bucket=recovery-archive-17e0f907 key=recovery-archive/archive/recovery-account-7ae36775-dcc7-4194-9079-0ef017e0f907/recovery-docs/9cf1dd32-7801-3c4d-abe2-e580ed154b45/original/writes/94330bf0-99e4-4eee-9ca7-6043838a7ade/369a65e74af7e4d877620fbebfee4063a308cc17e86b13766c2b8a9df8484073 version=6a406000-42c7-494a-9f95-47b29fb64151 sha256=369a65e74af7e4d877620fbebfee4063a308cc17e86b13766c2b8a9df8484073 etag="bd4303656e1e6e7e72068fe62ea36ae9"
CHECK_OK seed.provider.count :: objects=6
CHECK_OK seed.schema.no_live_lookup_for_history :: registry resolutions unchanged at 2
CHECK_OK seed.registry_deleted :: git schema registry directory removed: /tmp/recovery-seed-registry-11221624224920677124
