2026-10-09T19:39:14.663372439Z exit=0 $ id -u
  stdout: 1000
2026-10-09T19:39:14.664884819Z exit=0 $ id -g
  stdout: 1000
2026-10-09T19:39:14.680380170Z exit=0 $ docker version --format {{.Server.Version}}
  stdout: 29.8.1
2026-10-09T19:39:14.699941259Z exit=0 $ docker image inspect postgres:18-alpine --format {{.Id}}
  stdout: sha256:77f585114c32fbca283dc835b0596f4e52b51b4c6662d7810b2f4084f60a1873
2026-10-09T19:39:14.718004286Z exit=0 $ docker image inspect rustfs/rustfs:1.0.0-beta.11-preview.1 --format {{.Id}}
  stdout: sha256:ea50257bc5e281e83170f49b84a109432d930f93bf5051c77d09105c5a62746b
2026-10-09T19:39:14.853953840Z exit=0 $ docker network create protomolt-qualification-db33bdf8c-556c9de3-net
  stdout: 42154cf5f1f907e11f053095a3d237f152a32589b08d2cc142ccc429f0e9e072
2026-10-09T19:39:14.867370470Z exit=0 $ docker volume create protomolt-qualification-db33bdf8c-556c9de3-rst-pg-data
  stdout: protomolt-qualification-db33bdf8c-556c9de3-rst-pg-data
2026-10-09T19:39:14.879323493Z exit=0 $ docker volume create protomolt-qualification-db33bdf8c-556c9de3-rst-rustfs-data
  stdout: protomolt-qualification-db33bdf8c-556c9de3-rst-rustfs-data
2026-10-09T19:39:15.321431620Z exit=0 $ docker run --rm -v protomolt-qualification-db33bdf8c-556c9de3-rst-pg-data:/data:ro postgres:18-alpine sh -c find /data -mindepth 1 | head -1
2026-10-09T19:39:15.815201978Z exit=0 $ docker run --rm -v protomolt-qualification-db33bdf8c-556c9de3-rst-rustfs-data:/data:ro postgres:18-alpine sh -c find /data -mindepth 1 | head -1
2026-10-09T19:39:16.294071880Z exit=0 $ docker run --rm -v protomolt-qualification-db33bdf8c-556c9de3-rst-rustfs-data:/data -v /work/worktrees/protomolt/external-archive-recovery/repo/container/build/archive-backup-qualification/2026-10-09T19-38-04.404898323Z/negative-wrong-endpoint/backup-copy/provider:/in:ro postgres:18-alpine sh -c set -e; cd /data && tar --numeric-owner -xf /in/rustfs-data.tar
2026-10-09T19:39:16.510764556Z exit=0 $ docker run -d --name protomolt-qualification-db33bdf8c-556c9de3-rst-rustfs --network protomolt-qualification-db33bdf8c-556c9de3-net -p 127.0.0.1:39883:9000 -v protomolt-qualification-db33bdf8c-556c9de3-rst-rustfs-data:/data -e RUSTFS_VOLUMES=/data -e RUSTFS_ADDRESS=:9000 -e RUSTFS_CONSOLE_ENABLE=false -e RUSTFS_ACCESS_KEY=qualification-e8e965d5 -e RUSTFS_SECRET_KEY=<redacted> rustfs/rustfs:1.0.0-beta.11-preview.1 /data
  stdout: 96a10820f065ca95b7e83d30e615cbc9b15ab1dedc264bb5e7d8d4820c19f8d8
2026-10-09T19:39:16.733127304Z exit=0 $ docker run -d --name protomolt-qualification-db33bdf8c-556c9de3-rst-pg --network protomolt-qualification-db33bdf8c-556c9de3-net -p 127.0.0.1:0:5432 -v protomolt-qualification-db33bdf8c-556c9de3-rst-pg-data:/var/lib/postgresql -e POSTGRES_USER=repo -e POSTGRES_PASSWORD=<redacted> -e POSTGRES_DB=repo postgres:18-alpine -c fsync=on
  stdout: 854319024c9e73a127fa7dd4b0307d0860e1b1fc8922e955128561caba0934d5
2026-10-09T19:39:16.746467539Z exit=0 $ docker port protomolt-qualification-db33bdf8c-556c9de3-rst-pg 5432/tcp
  stdout: 127.0.0.1:33160
2026-10-09T19:39:16.782568785Z exit=2 $ docker exec protomolt-qualification-db33bdf8c-556c9de3-rst-pg pg_isready -U repo -d repo
  stdout: /var/run/postgresql:5432 - no response
2026-10-09T19:39:17.330151119Z exit=0 $ docker exec protomolt-qualification-db33bdf8c-556c9de3-rst-pg pg_isready -U repo -d repo
  stdout: /var/run/postgresql:5432 - accepting connections
2026-10-09T19:39:17.866949571Z exit=0 $ docker exec protomolt-qualification-db33bdf8c-556c9de3-rst-pg pg_isready -U repo -d repo
  stdout: /var/run/postgresql:5432 - accepting connections
2026-10-09T19:39:19.811441078Z exit=0 $ docker run --rm --network protomolt-qualification-db33bdf8c-556c9de3-net --user 1000:1000 -e PGPASSWORD -v /work/worktrees/protomolt/external-archive-recovery/repo/container/build/archive-backup-qualification/2026-10-09T19-38-04.404898323Z/negative-wrong-endpoint/backup-copy/sql:/in:ro postgres:18-alpine pg_restore -h protomolt-qualification-db33bdf8c-556c9de3-rst-pg -U repo -d repo --exit-on-error --no-owner --no-privileges /in/ledger.dump
2026-10-09T19:39:21.480181842Z note: ArchiveBackupQualificationRecoveredHost exit=0 log=recovered-host.log
2026-10-09T19:39:21.494006895Z exit=0 $ docker logs protomolt-qualification-db33bdf8c-556c9de3-rst-rustfs
  stdout: Initializing data directories: /data
          Initializing log directory: /logs
          Starting: /usr/bin/rustfs /data
2026-10-09T19:39:21.504094350Z exit=0 $ docker logs protomolt-qualification-db33bdf8c-556c9de3-rst-pg
  stdout: The files belonging to this database system will be owned by user "postgres".
          This user must also own the server process.
          
          The database cluster will be initialized with locale "en_US.utf8".
          The default database encoding has accordingly been set to "UTF8".
          The default text search configuration will be set to "english".
          
          Data page checksums are enabled.
          
          fixing permissions on existing directory /var/lib/postgresql/18/docker ... ok
          creating subdirectories ... ok
          selecting dynamic shared memory implementation ... posix
          selecting default "max_connections" ... 100
          selecting default "shared_buffers" ... 128MB
          selecting default time zone ... UTC
          creating configuration files ... ok
          running bootstrap script ... ok
          performing post-bootstrap initialization ... ok
          syncing data to disk ... ok
          
          
          Success. You can now start the database server using:
          
              pg_ctl -D /var/lib/postgresql/18/docker -l logfile start
          
          waiting for server to start....2026-10-09 19:39:17.212 UTC [53] LOG:  starting PostgreSQL 18.6 on x86_64-pc-linux-musl, compiled by gcc (Alpine 15.2.0) 15.2.0, 64-bit
          2026-10-09 19:39:17.216 UTC [53] LOG:  listening on Unix socket "/var/run/postgresql/.s.PGSQL.5432"
          2026-10-09 19:39:17.233 UTC [59] LOG:  database system was shut down at 2026-10-09 19:39:17 UTC
          2026-10-09 19:39:17.239 UTC [53] LOG:  database system is ready to accept connections
           done
          server started
          2026-10-09 19:39:17.326 UTC [75] FATAL:  database "repo" does not exist
          CREATE DATABASE
          
          
          /usr/local/bin/docker-entrypoint.sh: ignoring /docker-entrypoint-initdb.d/*
          
          waiting for server to shut down....2026-10-09 19:39:17.345 UTC [53] LOG:  received fast shutdown request
          2026-10-09 19:39:17.351 UTC [53] LOG:  aborting any active transactions
          2026-10-09 19:39:17.352 UTC [53] LOG:  background worker "logical replication launcher" (PID 62) exited with exit code 1
          2026-10-09 19:39:17.352 UTC [57] LOG:  shutting down
          2026-10-09 19:39:17.357 UTC [57] LOG:  checkpoint starting: shutdown immediate
          2026-10-09 19:39:17.429 UTC [57] LOG:  checkpoint complete: wrote 943 buffers (5.8%), wrote 3 SLRU buffers; 0 WAL file(s) added, 0 removed, 0 recycled; write=0.015 s, sync=0.031 s, total=0.077 s; sync files=303, longest=0.006 s, average=0.001 s; distance=4362 kB, estimate=4362 kB; lsn=0/1BA8858, redo lsn=0/1BA8858
          2026-10-09 19:39:17.445 UTC [53] LOG:  database system is shut down
           done
          server stopped
          
          PostgreSQL init process complete; ready for start up.
  stderr: sh: locale: not found
          2026-10-09 19:39:16.939 UTC [47] WARNING:  no usable system locales were found
          initdb: warning: enabling "trust" authentication for local connections
          initdb: hint: You can change this by editing pg_hba.conf or using the option -A, or --auth-local and --auth-host, the next time you run initdb.
          2026-10-09 19:39:17.465 UTC [1] LOG:  starting PostgreSQL 18.6 on x86_64-pc-linux-musl, compiled by gcc (Alpine 15.2.0) 15.2.0, 64-bit
          2026-10-09 19:39:17.465 UTC [1] LOG:  listening on IPv4 address "0.0.0.0", port 5432
          2026-10-09 19:39:17.465 UTC [1] LOG:  listening on IPv6 address "::", port 5432
          2026-10-09 19:39:17.475 UTC [1] LOG:  listening on Unix socket "/var/run/postgresql/.s.PGSQL.5432"
          2026-10-09 19:39:17.486 UTC [83] LOG:  database system was shut down at 2026-10-09 19:39:17 UTC
          2026-10-09 19:39:17.492 UTC [1] LOG:  database system is ready to accept connections
2026-10-09T19:39:21.872913019Z exit=0 $ docker rm -f protomolt-qualification-db33bdf8c-556c9de3-rst-pg
  stdout: protomolt-qualification-db33bdf8c-556c9de3-rst-pg
2026-10-09T19:39:22.249988492Z exit=0 $ docker rm -f protomolt-qualification-db33bdf8c-556c9de3-rst-rustfs
  stdout: protomolt-qualification-db33bdf8c-556c9de3-rst-rustfs
2026-10-09T19:39:22.264626892Z exit=0 $ docker volume rm -f protomolt-qualification-db33bdf8c-556c9de3-rst-rustfs-data
  stdout: protomolt-qualification-db33bdf8c-556c9de3-rst-rustfs-data
2026-10-09T19:39:22.293087039Z exit=0 $ docker volume rm -f protomolt-qualification-db33bdf8c-556c9de3-rst-pg-data
  stdout: protomolt-qualification-db33bdf8c-556c9de3-rst-pg-data
2026-10-09T19:39:22.455656421Z exit=0 $ docker network rm protomolt-qualification-db33bdf8c-556c9de3-net
  stdout: protomolt-qualification-db33bdf8c-556c9de3-net
