CHECK_OK restore.row_counts :: identity table counts equal the sealed manifest: {archive_entries=1, archive_object_bindings=3, archive_object_uploads=3, archive_version_object_refs=4, archive_versions=2, archives=1, document_part_attempt_cleanup=0, document_part_attempts=2, document_revision_commits=2, document_revision_parts=2, document_revision_publications=2, document_revision_schema_artifacts=8, document_revision_schema_assets=4, document_revision_schema_evidence=2, documents=1, flyway_schema_history=111, managed_backend_profiles=1, repository_execution_claims=2, repository_operation_success=2, repository_operations=2, repository_physical_locations=5, repository_reader_incarnations=2, repository_schema_artifacts=4}
CHECK_OK restore.reader_incarnations_restored :: restored reader incarnations=2 (the seed host's registration, restored verbatim, never reused)
CHECK_OK restore.backend_profile :: managed_backend_profiles row equals recorded identity for generation recovery-gen-f51e9421-7cac-4dcb-aa5a-73c80ae21ae0
CHECK_OK restore.sequences :: sequence values={archive_mutation_revision_seq=8, document_mutation_revision_seq=2}
CHECK_OK restore.schema_catalog :: catalog digests=4
CHECK_OK restore.migration_level :: flyway level V111
CHECK_OK restore.xid_past_stored :: current=1582 maxStored=1012
[main] WARN com.zaxxer.hikari.HikariConfig - document-ledger - idleTimeout has been set but has no effect because the pool is operating as a fixed size pool.
[main] INFO com.zaxxer.hikari.HikariDataSource - document-ledger - Starting...
[main] INFO com.zaxxer.hikari.pool.HikariPool - document-ledger - Added connection org.postgresql.jdbc.PgConnection@729d991e
[main] INFO com.zaxxer.hikari.HikariDataSource - document-ledger - Start completed.
[main] INFO org.flywaydb.core.FlywayExecutor - Database: jdbc:postgresql:******** (PostgreSQL 18.6)
[main] WARN org.flywaydb.core.internal.util.DeprecationUtils - initSql is deprecated and will be removed in a future release. Please use 'afterConnect' callback instead
[main] INFO org.flywaydb.core.internal.command.DbValidate - Successfully validated 111 migrations (execution time 00:00.050s)
[main] WARN org.flywaydb.core.internal.util.DeprecationUtils - initSql is deprecated and will be removed in a future release. Please use 'afterConnect' callback instead
[main] INFO org.flywaydb.core.internal.command.DbMigrate - Current version of schema "public": 111
[main] INFO org.flywaydb.core.internal.command.DbMigrate - Schema "public" is up to date. No migration necessary.
Oct 07, 2026 8:03:09 AM org.hibernate.jpa.internal.util.LogHelper logPersistenceUnitInformation
INFO: HHH008540: Processing PersistenceUnitInfo [name: document-ledger]
Oct 07, 2026 8:03:09 AM org.hibernate.Version logVersion
INFO: HHH000001: Hibernate ORM core version 7.4.10.Final
Oct 07, 2026 8:03:09 AM org.hibernate.engine.jdbc.dialect.internal.DialectFactoryImpl constructDialect
WARN: HHH90000025: PostgreSQLDialect does not need to be specified explicitly using 'hibernate.dialect' (remove the property setting and it will be selected by default)
Oct 07, 2026 8:03:09 AM org.hibernate.engine.jdbc.env.internal.JdbcEnvironmentInitiator logConnectionInfo
INFO: HHH10001005: Database info:
	Database JDBC URL [jdbc:postgresql://127.0.0.1:32976/repo]
	Database driver: PostgreSQL JDBC Driver
	Database dialect: PostgreSQLDialect
	Database version: 18.6
	Default catalog/schema: repo/public
	Autocommit mode: undefined/unknown
	Isolation level: READ_COMMITTED [default READ_COMMITTED]
	JDBC fetch size: none
	Pool: DataSourceConnectionProvider
	Minimum pool size: undefined/unknown
	Maximum pool size: undefined/unknown
Oct 07, 2026 8:03:10 AM org.hibernate.engine.transaction.jta.platform.internal.JtaPlatformInitiator initiateService
INFO: HHH000489: No JTA platform available (set 'hibernate.transaction.jta.platform' to enable JTA platform integration)
CHECK_OK restore.fresh_incarnation :: restored incarnations=2 all QUIESCED; recovered host registered 2 new ACTIVE incarnation(s); none restored revived
[main] INFO ai.protomolt.proto.repo.service.RepoServices - repo lifecycle loops started (purge interval 5000 ms, sweep interval 60000 ms, reconcile disabled)
CHECK_OK restore.raw.v1.fragment_count :: fragments=1 expected=1
CHECK_OK restore.raw.v1.fragment0 :: ordinal=0 sha256=cb57075ca6c77d71aa8c3e17bea9d2336ec9915bf3422f50110dd7ed5acfbb9a size=239
CHECK_OK restore.raw.v1.publication_revision :: publicationRevision=1
CHECK_OK restore.validated.v1.document :: document bytes equal recorded, sha256=cb57075ca6c77d71aa8c3e17bea9d2336ec9915bf3422f50110dd7ed5acfbb9a
CHECK_OK restore.validated.v1.bindings :: policy=f479832fdc329a1065543174e2360b7b6674088dc73f62f6051e726b0d1b1593 profile=protomolt-retained-schema-admission/v1
CHECK_OK restore.validated.v1.metadata :: recorded metadata and manifest snapshot
CHECK_OK restore.raw.v2.fragment_count :: fragments=1 expected=1
CHECK_OK restore.raw.v2.fragment0 :: ordinal=0 sha256=0e67a4ad55c6816a49674802d7cd7495536227f7aae9f83e952242950b6809fe size=246
CHECK_OK restore.raw.v2.publication_revision :: publicationRevision=2
CHECK_OK restore.validated.v2.document :: document bytes equal recorded, sha256=0e67a4ad55c6816a49674802d7cd7495536227f7aae9f83e952242950b6809fe
CHECK_OK restore.validated.v2.bindings :: policy=f479832fdc329a1065543174e2360b7b6674088dc73f62f6051e726b0d1b1593 profile=protomolt-retained-schema-admission/v1
CHECK_OK restore.validated.v2.metadata :: recorded metadata and manifest snapshot
CHECK_OK restore.materialized.descriptor_identity :: retained descriptor artifact sha256=40c626818e37d61acd667c0dd3a9155eb070f64a5698fa42e57a484455944588
CHECK_OK restore.materialized.tool_identity :: admission runtime repository-recovery-rehearsal/1
CHECK_OK restore.materialized.offline_decode :: label=rehearsal-v1 files=5 imports retained
CHECK_OK restore.materialized.selection_identity :: ordinal=0
CHECK_OK restore.archive.v1.bytes :: renditions=2 byte-equal to recorded
CHECK_OK restore.archive.v1.manifest :: frozen metadata snapshot title=Quarterly report
CHECK_OK restore.archive.v2.bytes :: renditions=2 byte-equal to recorded
CHECK_OK restore.archive.v2.manifest :: frozen metadata snapshot title=Revised report
CHECK_OK restore.archive.versions :: versions=[2, 1]
CHECK_OK restore.archive.shared_object :: shared key=recovery-archive/archive/recovery-account-cc566420-c1f3-438f-8248-795c7d59f644/recovery-docs/81f53ba2-9330-3950-83bf-3517a923e01e/original/writes/202567b6-a527-4715-9259-af11749323e0/fd4a6a2b0baf58e522695757e7c2d8b7115c1dc548e9b9bd307ada9ebde45ec4
CHECK_OK restore.archive.stats :: entries=1 versions=2 retainedBytes=92
CHECK_OK restore.provider.d599c0913619 :: bucket=recovery-pipeline-7d59f644 key=recovery-pipeline/documents/recovery-account-cc566420-c1f3-438f-8248-795c7d59f644/1b9b97fe-1504-3349-bc67-613aeb4df89d/attempts/b483d35a-90cc-4663-ad16-f24b6159a235/part-0 version=46ac3e4e-c45f-4935-a909-502d0c058074 sha256=cb57075ca6c77d71aa8c3e17bea9d2336ec9915bf3422f50110dd7ed5acfbb9a etag="4736fc8ae2d79925941dbe5cc9c4f270"
CHECK_OK restore.provider.260888af4cee :: bucket=recovery-pipeline-7d59f644 key=recovery-pipeline/documents/recovery-account-cc566420-c1f3-438f-8248-795c7d59f644/1b9b97fe-1504-3349-bc67-613aeb4df89d/attempts/74a71105-e1af-4146-9e6f-2c0e9652184e/part-0 version=cde1c102-8bbf-4c03-86db-198950e31246 sha256=0e67a4ad55c6816a49674802d7cd7495536227f7aae9f83e952242950b6809fe etag="7d0313355b51bf0960c52e339dd7eb44"
CHECK_OK restore.provider.85b441f378ef :: bucket=recovery-archive-7d59f644 key=recovery-archive/archive/recovery-account-cc566420-c1f3-438f-8248-795c7d59f644/recovery-docs/81f53ba2-9330-3950-83bf-3517a923e01e/markdown/writes/f048d6a3-6596-47bf-9f87-c350da72a3ab/04e1d1467e73933d8841c0c22eca9710ee72d020f5d494b091d68d4d2efea89d version=d1184ff7-705a-47d3-a6b4-7a9655b4344c sha256=04e1d1467e73933d8841c0c22eca9710ee72d020f5d494b091d68d4d2efea89d etag="a4d1c5ae1e2b525dc20dc6cafe2055fa"
CHECK_OK restore.provider.90d5ea118740 :: bucket=recovery-archive-7d59f644 key=recovery-archive/archive/recovery-account-cc566420-c1f3-438f-8248-795c7d59f644/recovery-docs/81f53ba2-9330-3950-83bf-3517a923e01e/original/writes/202567b6-a527-4715-9259-af11749323e0/fd4a6a2b0baf58e522695757e7c2d8b7115c1dc548e9b9bd307ada9ebde45ec4 version=4ff22c31-431e-4d0e-94c3-5f8f77e8bd36 sha256=fd4a6a2b0baf58e522695757e7c2d8b7115c1dc548e9b9bd307ada9ebde45ec4 etag="5c826445eadd6149ca04c657946dba18"
CHECK_OK restore.provider.d4fb16df06cb :: bucket=recovery-archive-7d59f644 key=recovery-archive/archive/recovery-account-cc566420-c1f3-438f-8248-795c7d59f644/recovery-docs/81f53ba2-9330-3950-83bf-3517a923e01e/markdown/writes/b77a204d-5d3f-4669-b3e0-5f8dbed5c8a2/0e0f52ab217372a6f6698af3b0a1dc35c51c5293abf5ad23887f7898a79347fc version=e15782ea-f4c0-4622-84c0-d216f9b9714a sha256=0e0f52ab217372a6f6698af3b0a1dc35c51c5293abf5ad23887f7898a79347fc etag="ab8d98c564c09941a815b7e52495cf77"
CHECK_OK restore.provider.90d5ea118740 :: bucket=recovery-archive-7d59f644 key=recovery-archive/archive/recovery-account-cc566420-c1f3-438f-8248-795c7d59f644/recovery-docs/81f53ba2-9330-3950-83bf-3517a923e01e/original/writes/202567b6-a527-4715-9259-af11749323e0/fd4a6a2b0baf58e522695757e7c2d8b7115c1dc548e9b9bd307ada9ebde45ec4 version=4ff22c31-431e-4d0e-94c3-5f8f77e8bd36 sha256=fd4a6a2b0baf58e522695757e7c2d8b7115c1dc548e9b9bd307ada9ebde45ec4 etag="5c826445eadd6149ca04c657946dba18"
CHECK_OK restore.provider.count :: objects=6
CHECK_OK restore.replay.v1 :: receipt byte-equal, revision=fd5c2c53-8cbc-43f6-8471-a7693d14e075
CHECK_OK restore.replay.v2 :: receipt byte-equal, revision=886fb074-419b-427c-93e4-55d6a264b5dd
CHECK_OK restore.replay.archive_dedup :: deduplicated=true version=2
CHECK_OK restore.access.member :: member reads both revisions
CHECK_OK restore.access.revoked_public :: public grant revoked by revision 2 applies to revision 1: NOT_FOUND
CHECK_OK restore.access.outsider :: foreign account denied
CHECK_OK restore.access_matrix_unchanged :: matrix={member.v1=OK, member.v2=OK, stranger.v1=NOT_FOUND, stranger.v2=NOT_FOUND, outsider.v1=NOT_FOUND, outsider.v2=NOT_FOUND}
CHECK_OK restore.transport.unauthenticated :: status=UNAUTHENTICATED
CHECK_OK restore.transport.validated :: authenticated validated read equals recorded document
CHECK_OK restore.schema.no_live_lookup :: live schema resolution attempts during historical verification=0
CHECK_OK after-write.document.typed_without_registry_refused :: typed publication with no registry -> IllegalStateException: Recovered host attempted live schema resolution; no registry is configured
CHECK_OK after-write.registry_rebuilt_from_retained_bytes :: artifact sha256=40c626818e37d61acd667c0dd3a9155eb070f64a5698fa42e57a484455944588
CHECK_OK after-write.document.new_revision :: revision=a23be98c-9aa3-4272-bc14-763ba022dc55 mutation=3 > restored sequence 2
CHECK_OK after-write.document.rebuilt_registry_used :: resolutions=1
CHECK_OK after-write.document.readable :: new revision readable
CHECK_OK after-write.archive.new_version :: archive version 3 committed after restore
CHECK_OK after-write.sequences_advanced :: sequences={archive_mutation_revision_seq=12, document_mutation_revision_seq=3} restored=2/8
CHECK_OK after-write.archive.old_bindings_intact :: restored bindings unchanged, new version bound two objects (shared original, new markdown)
CHECK_OK after-write.raw.v1.fragment_count :: fragments=1 expected=1
CHECK_OK after-write.raw.v1.fragment0 :: ordinal=0 sha256=cb57075ca6c77d71aa8c3e17bea9d2336ec9915bf3422f50110dd7ed5acfbb9a size=239
CHECK_OK after-write.raw.v1.publication_revision :: publicationRevision=1
CHECK_OK after-write.validated.v1.document :: document bytes equal recorded, sha256=cb57075ca6c77d71aa8c3e17bea9d2336ec9915bf3422f50110dd7ed5acfbb9a
CHECK_OK after-write.validated.v1.bindings :: policy=f479832fdc329a1065543174e2360b7b6674088dc73f62f6051e726b0d1b1593 profile=protomolt-retained-schema-admission/v1
CHECK_OK after-write.validated.v1.metadata :: recorded metadata and manifest snapshot
CHECK_OK after-write.raw.v2.fragment_count :: fragments=1 expected=1
CHECK_OK after-write.raw.v2.fragment0 :: ordinal=0 sha256=0e67a4ad55c6816a49674802d7cd7495536227f7aae9f83e952242950b6809fe size=246
CHECK_OK after-write.raw.v2.publication_revision :: publicationRevision=2
CHECK_OK after-write.validated.v2.document :: document bytes equal recorded, sha256=0e67a4ad55c6816a49674802d7cd7495536227f7aae9f83e952242950b6809fe
CHECK_OK after-write.validated.v2.bindings :: policy=f479832fdc329a1065543174e2360b7b6674088dc73f62f6051e726b0d1b1593 profile=protomolt-retained-schema-admission/v1
CHECK_OK after-write.validated.v2.metadata :: recorded metadata and manifest snapshot
CHECK_OK after-write.materialized.descriptor_identity :: retained descriptor artifact sha256=40c626818e37d61acd667c0dd3a9155eb070f64a5698fa42e57a484455944588
CHECK_OK after-write.materialized.tool_identity :: admission runtime repository-recovery-rehearsal/1
CHECK_OK after-write.materialized.offline_decode :: label=rehearsal-v1 files=5 imports retained
CHECK_OK after-write.materialized.selection_identity :: ordinal=0
CHECK_OK after-write.archive.v1.bytes :: renditions=2 byte-equal to recorded
CHECK_OK after-write.archive.v1.manifest :: frozen metadata snapshot title=Quarterly report
CHECK_OK after-write.archive.v2.bytes :: renditions=2 byte-equal to recorded
CHECK_OK after-write.archive.v2.manifest :: frozen metadata snapshot title=Revised report
CHECK_OK after-write.archive.versions :: versions=[3, 2, 1]
CHECK_OK after-write.archive.shared_object :: shared key=recovery-archive/archive/recovery-account-cc566420-c1f3-438f-8248-795c7d59f644/recovery-docs/81f53ba2-9330-3950-83bf-3517a923e01e/original/writes/202567b6-a527-4715-9259-af11749323e0/fd4a6a2b0baf58e522695757e7c2d8b7115c1dc548e9b9bd307ada9ebde45ec4
CHECK_OK after-write.archive.stats :: entries=1 versions=3 retainedBytes=110
CHECK_OK restore.ready :: recovered host advertised ready after verification
[main] INFO com.zaxxer.hikari.HikariDataSource - document-ledger - Shutdown initiated...
[main] INFO com.zaxxer.hikari.HikariDataSource - document-ledger - Shutdown completed.
[main] INFO ai.protomolt.proto.repo.service.RepoServices - repo-service stopped
RECOVERED_HOST_VERIFY_OK
