2026-10-08T12:24:22.841378215Z exit=0 $ id -u
  stdout: 1000
2026-10-08T12:24:22.843052199Z exit=0 $ id -g
  stdout: 1000
2026-10-08T12:24:22.857888630Z exit=0 $ docker version --format {{.Server.Version}}
  stdout: 29.8.1
2026-10-08T12:24:22.879448358Z exit=0 $ docker image inspect postgres:18-alpine --format {{.Id}}
  stdout: sha256:77f585114c32fbca283dc835b0596f4e52b51b4c6662d7810b2f4084f60a1873
2026-10-08T12:24:22.897035117Z exit=0 $ docker image inspect rustfs/rustfs:1.0.0-beta.11-preview.1 --format {{.Id}}
  stdout: sha256:ea50257bc5e281e83170f49b84a109432d930f93bf5051c77d09105c5a62746b
2026-10-08T12:24:23.070150187Z exit=0 $ docker network create protomolt-rehearsal-e282c32de-4954b32b-net
  stdout: de95f91a9b3af119061ee116cc6d521090dad24ef46087603f26a04ab8e0b820
2026-10-08T12:24:23.083348602Z exit=0 $ docker volume create protomolt-rehearsal-e282c32de-4954b32b-rst-pg-data
  stdout: protomolt-rehearsal-e282c32de-4954b32b-rst-pg-data
2026-10-08T12:24:23.098009371Z exit=0 $ docker volume create protomolt-rehearsal-e282c32de-4954b32b-rst-rustfs-data
  stdout: protomolt-rehearsal-e282c32de-4954b32b-rst-rustfs-data
2026-10-08T12:24:23.561260350Z exit=0 $ docker run --rm -v protomolt-rehearsal-e282c32de-4954b32b-rst-pg-data:/data:ro postgres:18-alpine sh -c find /data -mindepth 1 | head -1
2026-10-08T12:24:24.027963744Z exit=0 $ docker run --rm -v protomolt-rehearsal-e282c32de-4954b32b-rst-rustfs-data:/data:ro postgres:18-alpine sh -c find /data -mindepth 1 | head -1
2026-10-08T12:24:24.496279576Z exit=0 $ docker run --rm -v protomolt-rehearsal-e282c32de-4954b32b-rst-rustfs-data:/data -v /work/worktrees/protomolt/external-backup-rehearsal-fix/repo/container/build/backup-rehearsal/2026-10-08T12-22-20.696520057Z/negative-wrong-database-credentials/backup-copy/provider:/in:ro postgres:18-alpine sh -c set -e; cd /data && tar --numeric-owner -xf /in/rustfs-data.tar
2026-10-08T12:24:24.712929086Z exit=0 $ docker run -d --name protomolt-rehearsal-e282c32de-4954b32b-rst-rustfs --network protomolt-rehearsal-e282c32de-4954b32b-net -p 127.0.0.1:46207:9000 -v protomolt-rehearsal-e282c32de-4954b32b-rst-rustfs-data:/data -e RUSTFS_VOLUMES=/data -e RUSTFS_ADDRESS=:9000 -e RUSTFS_CONSOLE_ENABLE=false -e RUSTFS_ACCESS_KEY=rehearsal-8d3bbd9f -e RUSTFS_SECRET_KEY=<redacted> rustfs/rustfs:1.0.0-beta.11-preview.1 /data
  stdout: 113ba005b4721e6119b37eef780dc40d2933421ac066c79fe746b2c1ccc58b82
2026-10-08T12:24:24.955918629Z exit=0 $ docker run -d --name protomolt-rehearsal-e282c32de-4954b32b-rst-pg --network protomolt-rehearsal-e282c32de-4954b32b-net -p 127.0.0.1:0:5432 -v protomolt-rehearsal-e282c32de-4954b32b-rst-pg-data:/var/lib/postgresql -e POSTGRES_USER=repo -e POSTGRES_PASSWORD=<redacted> -e POSTGRES_DB=repo postgres:18-alpine -c fsync=on
  stdout: 59c64e37a56fd3c12e83253a1abae525ef28eef9ff7f687f01ffd782dceccdb8
2026-10-08T12:24:24.968171737Z exit=0 $ docker port protomolt-rehearsal-e282c32de-4954b32b-rst-pg 5432/tcp
  stdout: 127.0.0.1:33036
2026-10-08T12:24:25.004439624Z exit=2 $ docker exec protomolt-rehearsal-e282c32de-4954b32b-rst-pg pg_isready -U repo -d repo
  stdout: /var/run/postgresql:5432 - no response
2026-10-08T12:24:25.540137699Z exit=0 $ docker exec protomolt-rehearsal-e282c32de-4954b32b-rst-pg pg_isready -U repo -d repo
  stdout: /var/run/postgresql:5432 - accepting connections
2026-10-08T12:24:26.077130592Z exit=0 $ docker exec protomolt-rehearsal-e282c32de-4954b32b-rst-pg pg_isready -U repo -d repo
  stdout: /var/run/postgresql:5432 - accepting connections
2026-10-08T12:24:28.094301094Z exit=0 $ docker run --rm --network protomolt-rehearsal-e282c32de-4954b32b-net --user 1000:1000 -e PGPASSWORD -v /work/worktrees/protomolt/external-backup-rehearsal-fix/repo/container/build/backup-rehearsal/2026-10-08T12-22-20.696520057Z/negative-wrong-database-credentials/backup-copy/sql:/in:ro postgres:18-alpine pg_restore -h protomolt-rehearsal-e282c32de-4954b32b-rst-pg -U repo -d repo --exit-on-error --no-owner --no-privileges /in/ledger.dump
2026-10-08T12:24:28.350990570Z note: RepositoryBackupRehearsalRecoveredHost exit=1 log=recovered-host.log
2026-10-08T12:24:28.363812173Z exit=0 $ docker logs protomolt-rehearsal-e282c32de-4954b32b-rst-rustfs
  stdout: Initializing data directories: /data
          Initializing log directory: /logs
          Starting: /usr/bin/rustfs /data
2026-10-08T12:24:28.373437966Z exit=0 $ docker logs protomolt-rehearsal-e282c32de-4954b32b-rst-pg
  stdout: The files belonging to this database system will be owned by user "postgres".
          This user must also own the server process.
          
          The database cluster will be initialized with locale "en_US.utf8".
          The default database encoding has accordingly been set to "UTF8".
          The default text search configuration will be set to "english".
          
          Data page checksums are enabled.
          
          fixing permissions on existing directory /var/lib/postgresql/18/docker ... ok
          creating subdirectories ... ok
          selecting dynamic shared memory implementation ... posix
          selecting default "max_connections" ... 100
          selecting default "shared_buffers" ... 128MB
          selecting default time zone ... UTC
          creating configuration files ... ok
          running bootstrap script ... ok
          performing post-bootstrap initialization ... ok
          syncing data to disk ... ok
          
          
          Success. You can now start the database server using:
          
              pg_ctl -D /var/lib/postgresql/18/docker -l logfile start
          
          waiting for server to start....2026-10-08 12:24:25.429 UTC [53] LOG:  starting PostgreSQL 18.6 on x86_64-pc-linux-musl, compiled by gcc (Alpine 15.2.0) 15.2.0, 64-bit
          2026-10-08 12:24:25.434 UTC [53] LOG:  listening on Unix socket "/var/run/postgresql/.s.PGSQL.5432"
          2026-10-08 12:24:25.451 UTC [59] LOG:  database system was shut down at 2026-10-08 12:24:25 UTC
          2026-10-08 12:24:25.457 UTC [53] LOG:  database system is ready to accept connections
           done
          server started
          2026-10-08 12:24:25.538 UTC [74] FATAL:  database "repo" does not exist
          CREATE DATABASE
          
          
          /usr/local/bin/docker-entrypoint.sh: ignoring /docker-entrypoint-initdb.d/*
          
          waiting for server to shut down....2026-10-08 12:24:25.558 UTC [53] LOG:  received fast shutdown request
          2026-10-08 12:24:25.562 UTC [53] LOG:  aborting any active transactions
          2026-10-08 12:24:25.563 UTC [53] LOG:  background worker "logical replication launcher" (PID 62) exited with exit code 1
          2026-10-08 12:24:25.564 UTC [57] LOG:  shutting down
          2026-10-08 12:24:25.569 UTC [57] LOG:  checkpoint starting: shutdown immediate
          2026-10-08 12:24:25.636 UTC [57] LOG:  checkpoint complete: wrote 943 buffers (5.8%), wrote 3 SLRU buffers; 0 WAL file(s) added, 0 removed, 0 recycled; write=0.021 s, sync=0.026 s, total=0.072 s; sync files=303, longest=0.005 s, average=0.001 s; distance=4362 kB, estimate=4362 kB; lsn=0/1BA8858, redo lsn=0/1BA8858
          2026-10-08 12:24:25.650 UTC [53] LOG:  database system is shut down
           done
          server stopped
          
          PostgreSQL init process complete; ready for start up.
  stderr: sh: locale: not found
          2026-10-08 12:24:25.146 UTC [47] WARNING:  no usable system locales were found
          initdb: warning: enabling "trust" authentication for local connections
          initdb: hint: You can change this by editing pg_hba.conf or using the option -A, or --auth-local and --auth-host, the next time you run initdb.
          2026-10-08 12:24:25.680 UTC [1] LOG:  starting PostgreSQL 18.6 on x86_64-pc-linux-musl, compiled by gcc (Alpine 15.2.0) 15.2.0, 64-bit
          2026-10-08 12:24:25.680 UTC [1] LOG:  listening on IPv4 address "0.0.0.0", port 5432
          2026-10-08 12:24:25.680 UTC [1] LOG:  listening on IPv6 address "::", port 5432
          2026-10-08 12:24:25.690 UTC [1] LOG:  listening on Unix socket "/var/run/postgresql/.s.PGSQL.5432"
          2026-10-08 12:24:25.702 UTC [82] LOG:  database system was shut down at 2026-10-08 12:24:25 UTC
          2026-10-08 12:24:25.709 UTC [1] LOG:  database system is ready to accept connections
          2026-10-08 12:24:28.335 UTC [96] FATAL:  password authentication failed for user "repo"
          2026-10-08 12:24:28.335 UTC [96] DETAIL:  Connection matched file "/var/lib/postgresql/18/docker/pg_hba.conf" line 128: "host all all all scram-sha-256"
2026-10-08T12:24:28.751007626Z exit=0 $ docker rm -f protomolt-rehearsal-e282c32de-4954b32b-rst-pg
  stdout: protomolt-rehearsal-e282c32de-4954b32b-rst-pg
2026-10-08T12:24:29.134656627Z exit=0 $ docker rm -f protomolt-rehearsal-e282c32de-4954b32b-rst-rustfs
  stdout: protomolt-rehearsal-e282c32de-4954b32b-rst-rustfs
2026-10-08T12:24:29.151817050Z exit=0 $ docker volume rm -f protomolt-rehearsal-e282c32de-4954b32b-rst-rustfs-data
  stdout: protomolt-rehearsal-e282c32de-4954b32b-rst-rustfs-data
2026-10-08T12:24:29.184738122Z exit=0 $ docker volume rm -f protomolt-rehearsal-e282c32de-4954b32b-rst-pg-data
  stdout: protomolt-rehearsal-e282c32de-4954b32b-rst-pg-data
2026-10-08T12:24:29.347349489Z exit=0 $ docker network rm protomolt-rehearsal-e282c32de-4954b32b-net
  stdout: protomolt-rehearsal-e282c32de-4954b32b-net
