2026-10-08T17:05:24.244134613Z exit=0 $ id -u
  stdout: 1000
2026-10-08T17:05:24.245830067Z exit=0 $ id -g
  stdout: 1000
2026-10-08T17:05:24.268725823Z exit=0 $ docker version --format {{.Server.Version}}
  stdout: 29.8.1
2026-10-08T17:05:24.297628683Z exit=0 $ docker image inspect postgres:18-alpine --format {{.Id}}
  stdout: sha256:77f585114c32fbca283dc835b0596f4e52b51b4c6662d7810b2f4084f60a1873
2026-10-08T17:05:24.323256703Z exit=0 $ docker image inspect rustfs/rustfs:1.0.0-beta.11-preview.1 --format {{.Id}}
  stdout: sha256:ea50257bc5e281e83170f49b84a109432d930f93bf5051c77d09105c5a62746b
2026-10-08T17:05:24.350273548Z exit=0 $ docker image inspect alpine:3.20 --format {{.Id}}
  stdout: sha256:d9e853e87e55526f6b2917df91a2115c36dd7c696a35be12163d44e6e2a4b6bc
2026-10-08T17:05:24.412165431Z exit=0 $ docker network create protomolt-recovery-4020a9912-e36a09bb-net
  stdout: 07c54cab43e10d0dd805360c7ced70c728e4b94389724c71e58aa1146a699f92
2026-10-08T17:05:24.432706336Z exit=0 $ docker volume create protomolt-recovery-4020a9912-e36a09bb-occupied
  stdout: protomolt-recovery-4020a9912-e36a09bb-occupied
2026-10-08T17:05:24.924180081Z exit=0 $ docker run --rm -v protomolt-recovery-4020a9912-e36a09bb-occupied:/data alpine:3.20 sh -c echo occupied > /data/marker
2026-10-08T17:05:25.426445814Z exit=0 $ docker run --rm -v protomolt-recovery-4020a9912-e36a09bb-occupied:/data:ro alpine:3.20 sh -c find /data -mindepth 1 | head -1
  stdout: /data/marker
2026-10-08T17:05:25.448926505Z exit=0 $ docker volume rm -f protomolt-recovery-4020a9912-e36a09bb-occupied
  stdout: protomolt-recovery-4020a9912-e36a09bb-occupied
2026-10-08T17:05:25.605156599Z exit=0 $ docker network rm protomolt-recovery-4020a9912-e36a09bb-net
  stdout: protomolt-recovery-4020a9912-e36a09bb-net
