2026-10-09T19:38:48.722673334Z exit=0 $ id -u
  stdout: 1000
2026-10-09T19:38:48.724568468Z exit=0 $ id -g
  stdout: 1000
2026-10-09T19:38:48.739364597Z exit=0 $ docker version --format {{.Server.Version}}
  stdout: 29.8.1
2026-10-09T19:38:48.767058084Z exit=0 $ docker image inspect postgres:18-alpine --format {{.Id}}
  stdout: sha256:77f585114c32fbca283dc835b0596f4e52b51b4c6662d7810b2f4084f60a1873
2026-10-09T19:38:48.789943529Z exit=0 $ docker image inspect rustfs/rustfs:1.0.0-beta.11-preview.1 --format {{.Id}}
  stdout: sha256:ea50257bc5e281e83170f49b84a109432d930f93bf5051c77d09105c5a62746b
2026-10-09T19:38:48.797491031Z note: inconsistent-snapshot: run-2 provider archive substituted into run-1's set and resealed
2026-10-09T19:38:48.836029846Z exit=0 $ docker network create protomolt-qualification-7a90ee312-1e1fbdae-net
  stdout: e727885118e53c8f82bb7093ae7a3d740fb3ed7c6d014e3b264eeadbb6460f03
2026-10-09T19:38:48.847952622Z exit=0 $ docker volume create protomolt-qualification-7a90ee312-1e1fbdae-rst-pg-data
  stdout: protomolt-qualification-7a90ee312-1e1fbdae-rst-pg-data
2026-10-09T19:38:48.859648057Z exit=0 $ docker volume create protomolt-qualification-7a90ee312-1e1fbdae-rst-rustfs-data
  stdout: protomolt-qualification-7a90ee312-1e1fbdae-rst-rustfs-data
2026-10-09T19:38:49.330395961Z exit=0 $ docker run --rm -v protomolt-qualification-7a90ee312-1e1fbdae-rst-pg-data:/data:ro postgres:18-alpine sh -c find /data -mindepth 1 | head -1
2026-10-09T19:38:49.808702276Z exit=0 $ docker run --rm -v protomolt-qualification-7a90ee312-1e1fbdae-rst-rustfs-data:/data:ro postgres:18-alpine sh -c find /data -mindepth 1 | head -1
2026-10-09T19:38:50.255365046Z exit=0 $ docker run --rm -v protomolt-qualification-7a90ee312-1e1fbdae-rst-rustfs-data:/data -v /work/worktrees/protomolt/external-archive-recovery/repo/container/build/archive-backup-qualification/2026-10-09T19-38-04.404898323Z/negative-inconsistent-snapshot/backup-copy/provider:/in:ro postgres:18-alpine sh -c set -e; cd /data && tar --numeric-owner -xf /in/rustfs-data.tar
2026-10-09T19:38:50.461978954Z exit=0 $ docker run -d --name protomolt-qualification-7a90ee312-1e1fbdae-rst-rustfs --network protomolt-qualification-7a90ee312-1e1fbdae-net -p 127.0.0.1:39883:9000 -v protomolt-qualification-7a90ee312-1e1fbdae-rst-rustfs-data:/data -e RUSTFS_VOLUMES=/data -e RUSTFS_ADDRESS=:9000 -e RUSTFS_CONSOLE_ENABLE=false -e RUSTFS_ACCESS_KEY=qualification-80018de6 -e RUSTFS_SECRET_KEY=<redacted> rustfs/rustfs:1.0.0-beta.11-preview.1 /data
  stdout: 672ec300667b6fdf5c01db02f3b3dbeb733d9786f9f57bcfd8473cec0534720b
2026-10-09T19:38:50.684709126Z exit=0 $ docker run -d --name protomolt-qualification-7a90ee312-1e1fbdae-rst-pg --network protomolt-qualification-7a90ee312-1e1fbdae-net -p 127.0.0.1:0:5432 -v protomolt-qualification-7a90ee312-1e1fbdae-rst-pg-data:/var/lib/postgresql -e POSTGRES_USER=repo -e POSTGRES_PASSWORD=<redacted> -e POSTGRES_DB=repo postgres:18-alpine -c fsync=on
  stdout: 501e0ab6d90cf177f7801ecb9748c7ca793540bdb4d9764da6facb009afa647d
2026-10-09T19:38:50.697908506Z exit=0 $ docker port protomolt-qualification-7a90ee312-1e1fbdae-rst-pg 5432/tcp
  stdout: 127.0.0.1:33157
2026-10-09T19:38:50.735645224Z exit=2 $ docker exec protomolt-qualification-7a90ee312-1e1fbdae-rst-pg pg_isready -U repo -d repo
  stdout: /var/run/postgresql:5432 - no response
2026-10-09T19:38:51.267807910Z exit=0 $ docker exec protomolt-qualification-7a90ee312-1e1fbdae-rst-pg pg_isready -U repo -d repo
  stdout: /var/run/postgresql:5432 - accepting connections
2026-10-09T19:38:51.802117416Z exit=0 $ docker exec protomolt-qualification-7a90ee312-1e1fbdae-rst-pg pg_isready -U repo -d repo
  stdout: /var/run/postgresql:5432 - accepting connections
2026-10-09T19:38:53.670009937Z exit=0 $ docker run --rm --network protomolt-qualification-7a90ee312-1e1fbdae-net --user 1000:1000 -e PGPASSWORD -v /work/worktrees/protomolt/external-archive-recovery/repo/container/build/archive-backup-qualification/2026-10-09T19-38-04.404898323Z/negative-inconsistent-snapshot/backup-copy/sql:/in:ro postgres:18-alpine pg_restore -h protomolt-qualification-7a90ee312-1e1fbdae-rst-pg -U repo -d repo --exit-on-error --no-owner --no-privileges /in/ledger.dump
2026-10-09T19:38:56.294176760Z note: ArchiveBackupQualificationRecoveredHost exit=0 log=recovered-host.log
2026-10-09T19:38:56.308098886Z exit=0 $ docker logs protomolt-qualification-7a90ee312-1e1fbdae-rst-rustfs
  stdout: Initializing data directories: /data
          Initializing log directory: /logs
          Starting: /usr/bin/rustfs /data
2026-10-09T19:38:56.318106940Z exit=0 $ docker logs protomolt-qualification-7a90ee312-1e1fbdae-rst-pg
  stdout: The files belonging to this database system will be owned by user "postgres".
          This user must also own the server process.
          
          The database cluster will be initialized with locale "en_US.utf8".
          The default database encoding has accordingly been set to "UTF8".
          The default text search configuration will be set to "english".
          
          Data page checksums are enabled.
          
          fixing permissions on existing directory /var/lib/postgresql/18/docker ... ok
          creating subdirectories ... ok
          selecting dynamic shared memory implementation ... posix
          selecting default "max_connections" ... 100
          selecting default "shared_buffers" ... 128MB
          selecting default time zone ... UTC
          creating configuration files ... ok
          running bootstrap script ... ok
          performing post-bootstrap initialization ... ok
          syncing data to disk ... ok
          
          
          Success. You can now start the database server using:
          
              pg_ctl -D /var/lib/postgresql/18/docker -l logfile start
          
          waiting for server to start....2026-10-09 19:38:51.180 UTC [51] LOG:  starting PostgreSQL 18.6 on x86_64-pc-linux-musl, compiled by gcc (Alpine 15.2.0) 15.2.0, 64-bit
          2026-10-09 19:38:51.185 UTC [51] LOG:  listening on Unix socket "/var/run/postgresql/.s.PGSQL.5432"
          2026-10-09 19:38:51.201 UTC [57] LOG:  database system was shut down at 2026-10-09 19:38:51 UTC
          2026-10-09 19:38:51.209 UTC [51] LOG:  database system is ready to accept connections
           done
          server started
          2026-10-09 19:38:51.266 UTC [70] FATAL:  database "repo" does not exist
          CREATE DATABASE
          
          
          /usr/local/bin/docker-entrypoint.sh: ignoring /docker-entrypoint-initdb.d/*
          
          waiting for server to shut down....2026-10-09 19:38:51.311 UTC [51] LOG:  received fast shutdown request
          2026-10-09 19:38:51.316 UTC [51] LOG:  aborting any active transactions
          2026-10-09 19:38:51.317 UTC [51] LOG:  background worker "logical replication launcher" (PID 60) exited with exit code 1
          2026-10-09 19:38:51.317 UTC [55] LOG:  shutting down
          2026-10-09 19:38:51.323 UTC [55] LOG:  checkpoint starting: shutdown immediate
          2026-10-09 19:38:51.385 UTC [55] LOG:  checkpoint complete: wrote 943 buffers (5.8%), wrote 3 SLRU buffers; 0 WAL file(s) added, 0 removed, 0 recycled; write=0.016 s, sync=0.026 s, total=0.068 s; sync files=303, longest=0.006 s, average=0.001 s; distance=4362 kB, estimate=4362 kB; lsn=0/1BA8858, redo lsn=0/1BA8858
          2026-10-09 19:38:51.401 UTC [51] LOG:  database system is shut down
           done
          server stopped
          
          PostgreSQL init process complete; ready for start up.
  stderr: sh: locale: not found
          2026-10-09 19:38:50.886 UTC [45] WARNING:  no usable system locales were found
          initdb: warning: enabling "trust" authentication for local connections
          initdb: hint: You can change this by editing pg_hba.conf or using the option -A, or --auth-local and --auth-host, the next time you run initdb.
          2026-10-09 19:38:51.431 UTC [1] LOG:  starting PostgreSQL 18.6 on x86_64-pc-linux-musl, compiled by gcc (Alpine 15.2.0) 15.2.0, 64-bit
          2026-10-09 19:38:51.431 UTC [1] LOG:  listening on IPv4 address "0.0.0.0", port 5432
          2026-10-09 19:38:51.431 UTC [1] LOG:  listening on IPv6 address "::", port 5432
          2026-10-09 19:38:51.441 UTC [1] LOG:  listening on Unix socket "/var/run/postgresql/.s.PGSQL.5432"
          2026-10-09 19:38:51.453 UTC [80] LOG:  database system was shut down at 2026-10-09 19:38:51 UTC
          2026-10-09 19:38:51.460 UTC [1] LOG:  database system is ready to accept connections
2026-10-09T19:38:56.693531381Z exit=0 $ docker rm -f protomolt-qualification-7a90ee312-1e1fbdae-rst-pg
  stdout: protomolt-qualification-7a90ee312-1e1fbdae-rst-pg
2026-10-09T19:38:57.048409981Z exit=0 $ docker rm -f protomolt-qualification-7a90ee312-1e1fbdae-rst-rustfs
  stdout: protomolt-qualification-7a90ee312-1e1fbdae-rst-rustfs
2026-10-09T19:38:57.064182987Z exit=0 $ docker volume rm -f protomolt-qualification-7a90ee312-1e1fbdae-rst-rustfs-data
  stdout: protomolt-qualification-7a90ee312-1e1fbdae-rst-rustfs-data
2026-10-09T19:38:57.091880532Z exit=0 $ docker volume rm -f protomolt-qualification-7a90ee312-1e1fbdae-rst-pg-data
  stdout: protomolt-qualification-7a90ee312-1e1fbdae-rst-pg-data
2026-10-09T19:38:57.249110777Z exit=0 $ docker network rm protomolt-qualification-7a90ee312-1e1fbdae-net
  stdout: protomolt-qualification-7a90ee312-1e1fbdae-net
