[main] WARN com.zaxxer.hikari.HikariConfig - document-ledger - idleTimeout has been set but has no effect because the pool is operating as a fixed size pool.
[main] INFO com.zaxxer.hikari.HikariDataSource - document-ledger - Starting...
[main] INFO com.zaxxer.hikari.pool.HikariPool - document-ledger - Added connection org.postgresql.jdbc.PgConnection@49c386c8
[main] INFO com.zaxxer.hikari.HikariDataSource - document-ledger - Start completed.
[main] INFO org.flywaydb.core.FlywayExecutor - Database: jdbc:postgresql:******** (PostgreSQL 18.6)
[main] WARN org.flywaydb.core.internal.util.DeprecationUtils - initSql is deprecated and will be removed in a future release. Please use 'afterConnect' callback instead
[main] INFO org.flywaydb.core.internal.schemahistory.JdbcTableSchemaHistory - Schema history table "public"."flyway_schema_history" does not exist yet
[main] INFO org.flywaydb.core.internal.command.DbValidate - Successfully validated 119 migrations (execution time 00:00.035s)
[main] INFO org.flywaydb.core.internal.schemahistory.JdbcTableSchemaHistory - Creating Schema History table "public"."flyway_schema_history" ...
[main] WARN org.flywaydb.core.internal.util.DeprecationUtils - initSql is deprecated and will be removed in a future release. Please use 'afterConnect' callback instead
[main] INFO org.flywaydb.core.internal.command.DbMigrate - Current version of schema "public": << Empty Schema >>
[main] INFO org.flywaydb.core.internal.command.DbMigrate - Migrating schema "public" to version "1 - initial schema"
[main] INFO org.flywaydb.core.internal.command.DbMigrate - Migrating schema "public" to version "2 - drive provider config"
[main] INFO org.flywaydb.core.internal.command.DbMigrate - Migrating schema "public" to version "3 - document purges"
[main] INFO org.flywaydb.core.internal.command.DbMigrate - Migrating schema "public" to version "4 - document events outbox"
[main] INFO org.flywaydb.core.internal.command.DbMigrate - Migrating schema "public" to version "5 - document purges relayed at"
[main] INFO org.flywaydb.core.internal.command.DbMigrate - Migrating schema "public" to version "6 - archive"
[main] INFO org.flywaydb.core.internal.command.DbMigrate - Migrating schema "public" to version "7 - archive classification"
[main] INFO org.flywaydb.core.internal.command.DbMigrate - Migrating schema "public" to version "8 - document mutation revision"
[main] INFO org.flywaydb.core.internal.command.DbMigrate - Migrating schema "public" to version "9 - purge admission generation"
[main] INFO org.flywaydb.core.internal.command.DbMigrate - Migrating schema "public" to version "10 - managed raw objects"
[main] INFO org.flywaydb.core.internal.command.DbMigrate - Migrating schema "public" to version "11 - managed backend profiles"
[main] INFO org.flywaydb.core.internal.command.DbMigrate - Migrating schema "public" to version "12 - archive mutation revisions"
[main] INFO org.flywaydb.core.internal.command.DbMigrate - Migrating schema "public" to version "13 - archive retained set revision"
[main] INFO org.flywaydb.core.internal.command.DbMigrate - Migrating schema "public" to version "14 - archive object bindings"
[main] INFO org.flywaydb.core.internal.command.DbMigrate - Migrating schema "public" to version "15 - archive upload admission"
[main] INFO org.flywaydb.core.internal.command.DbMigrate - Migrating schema "public" to version "16 - archive version object references"
[main] INFO org.flywaydb.core.internal.command.DbMigrate - Migrating schema "public" to version "17 - provider backend identity"
[main] INFO org.flywaydb.core.internal.command.DbMigrate - Migrating schema "public" to version "18 - archive object recovery"
[main] INFO org.flywaydb.core.internal.command.DbMigrate - Migrating schema "public" to version "19 - archive mutation admission"
[main] INFO org.flywaydb.core.internal.command.DbMigrate - Migrating schema "public" to version "20 - archive mutation observations"
[main] INFO org.flywaydb.core.internal.command.DbMigrate - Migrating schema "public" to version "21 - document part attempt admission"
[main] INFO org.flywaydb.core.internal.command.DbMigrate - Migrating schema "public" to version "22 - document part publication"
[main] INFO org.flywaydb.core.internal.command.DbMigrate - Migrating schema "public" to version "23 - document key reservations"
[main] INFO org.flywaydb.core.internal.command.DbMigrate - Migrating schema "public" to version "24 - abandoned document attempt cleanup"
[main] INFO org.flywaydb.core.internal.command.DbMigrate - Migrating schema "public" to version "25 - repository physical locations"
[main] INFO org.flywaydb.core.internal.command.DbMigrate - Migrating schema "public" to version "26 - repository retention bridge"
[main] INFO org.flywaydb.core.internal.command.DbMigrate - Migrating schema "public" to version "27 - repository retirement"
[main] INFO org.flywaydb.core.internal.command.DbMigrate - Migrating schema "public" to version "28 - archive reader pins"
[main] INFO org.flywaydb.core.internal.command.DbMigrate - Migrating schema "public" to version "29 - shared archive reader locks"
[main] INFO org.flywaydb.core.internal.command.DbMigrate - Migrating schema "public" to version "30 - archive read calls"
[main] INFO org.flywaydb.core.internal.command.DbMigrate - Migrating schema "public" to version "31 - reader incarnation fence"
[main] INFO org.flywaydb.core.internal.command.DbMigrate - Migrating schema "public" to version "32 - reader local quiescence"
[main] INFO org.flywaydb.core.internal.command.DbMigrate - Migrating schema "public" to version "33 - archive reader recovery order"
[main] INFO org.flywaydb.core.internal.command.DbMigrate - Migrating schema "public" to version "34 - repository operation admission"
[main] INFO org.flywaydb.core.internal.command.DbMigrate - Migrating schema "public" to version "35 - repository operation write fence"
[main] INFO org.flywaydb.core.internal.command.DbMigrate - Migrating schema "public" to version "36 - operation bound document attempts"
[main] INFO org.flywaydb.core.internal.command.DbMigrate - Migrating schema "public" to version "37 - document revision lock batches"
[main] INFO org.flywaydb.core.internal.command.DbMigrate - Migrating schema "public" to version "38 - document revision projection"
[main] INFO org.flywaydb.core.internal.command.DbMigrate - Migrating schema "public" to version "39 - document revision retention"
[main] INFO org.flywaydb.core.internal.sqlscript.DefaultSqlScriptExecutor - +------------------------------------+
| assert_document_revision_retention |
+------------------------------------+
|                                    |
+------------------------------------+

[main] INFO org.flywaydb.core.internal.sqlscript.DefaultSqlScriptExecutor - +------------------------------------+
| assert_document_revision_retention |
+------------------------------------+
|                                    |
+------------------------------------+

[main] INFO org.flywaydb.core.internal.command.DbMigrate - Migrating schema "public" to version "40 - document operation selections"
[main] INFO org.flywaydb.core.internal.command.DbMigrate - Migrating schema "public" to version "41 - document admission lock modes"
[main] INFO org.flywaydb.core.internal.command.DbMigrate - Migrating schema "public" to version "42 - document operation selection history"
[main] INFO org.flywaydb.core.internal.command.DbMigrate - Migrating schema "public" to version "43 - selected document attempt writes"
[main] INFO org.flywaydb.core.internal.command.DbMigrate - Migrating schema "public" to version "44 - document reader pins"
[main] INFO org.flywaydb.core.internal.command.DbMigrate - Migrating schema "public" to version "45 - document reader batch release"
[main] INFO org.flywaydb.core.internal.command.DbMigrate - Migrating schema "public" to version "46 - document reader quiescent recovery"
[main] INFO org.flywaydb.core.internal.command.DbMigrate - Migrating schema "public" to version "47 - document reader recovery discovery"
[main] INFO org.flywaydb.core.internal.command.DbMigrate - Migrating schema "public" to version "48 - repository schema artifact staging"
[main] INFO org.flywaydb.core.internal.command.DbMigrate - Migrating schema "public" to version "49 - repository operation recovery fence"
[main] INFO org.flywaydb.core.internal.command.DbMigrate - Migrating schema "public" to version "50 - repository schema replaced claim release"
[main] INFO org.flywaydb.core.internal.command.DbMigrate - Migrating schema "public" to version "51 - document event recording"
[main] INFO org.flywaydb.core.internal.command.DbMigrate - Migrating schema "public" to version "52 - independent document publication"
[main] INFO org.flywaydb.core.internal.command.DbMigrate - Migrating schema "public" to version "53 - native document coordinates"
[main] INFO org.flywaydb.core.internal.command.DbMigrate - Migrating schema "public" to version "54 - revision physical lookup"
[main] INFO org.flywaydb.core.internal.command.DbMigrate - Migrating schema "public" to version "55 - document revision schema references"
[main] INFO org.flywaydb.core.internal.command.DbMigrate - Migrating schema "public" to version "56 - document revision schema evidence"
[main] INFO org.flywaydb.core.internal.command.DbMigrate - Migrating schema "public" to version "57 - document revision schema assets"
[main] INFO org.flywaydb.core.internal.command.DbMigrate - Migrating schema "public" to version "58 - document schema policy catalog"
[main] INFO org.flywaydb.core.internal.command.DbMigrate - Migrating schema "public" to version "59 - document schema policy publication fence"
[main] INFO org.flywaydb.core.internal.command.DbMigrate - Migrating schema "public" to version "60 - document schema retention manifest"
[main] INFO org.flywaydb.core.internal.command.DbMigrate - Migrating schema "public" to version "61 - document schema admission binding"
[main] INFO org.flywaydb.core.internal.command.DbMigrate - Migrating schema "public" to version "62 - document schema container role"
[main] INFO org.flywaydb.core.internal.command.DbMigrate - Migrating schema "public" to version "63 - document historical read pins"
[main] INFO org.flywaydb.core.internal.command.DbMigrate - Migrating schema "public" to version "64 - repository operation rejection"
[main] INFO org.flywaydb.core.internal.command.DbMigrate - Migrating schema "public" to version "65 - repository retention lock set"
[main] INFO org.flywaydb.core.internal.command.DbMigrate - Migrating schema "public" to version "66 - document assessment staging"
[main] INFO org.flywaydb.core.internal.command.DbMigrate - Migrating schema "public" to version "67 - document assessment artifacts"
[main] INFO org.flywaydb.core.internal.command.DbMigrate - Migrating schema "public" to version "68 - document assessment roots"
[main] INFO org.flywaydb.core.internal.command.DbMigrate - Migrating schema "public" to version "69 - document assessment slot snapshots"
[main] INFO org.flywaydb.core.internal.command.DbMigrate - Migrating schema "public" to version "70 - shared repository retention set"
[main] INFO org.flywaydb.core.internal.command.DbMigrate - Migrating schema "public" to version "71 - document assessment read sessions"
[main] INFO org.flywaydb.core.internal.command.DbMigrate - Migrating schema "public" to version "72 - document assessment read release"
[main] INFO org.flywaydb.core.internal.command.DbMigrate - Migrating schema "public" to version "73 - document assessment read identity"
[main] INFO org.flywaydb.core.internal.command.DbMigrate - Migrating schema "public" to version "74 - reader registration identity"
[main] INFO org.flywaydb.core.internal.command.DbMigrate - Migrating schema "public" to version "75 - nonnegative archive statistics"
[main] INFO org.flywaydb.core.internal.command.DbMigrate - Migrating schema "public" to version "76 - admission rejection assessment binding"
[main] INFO org.flywaydb.core.internal.command.DbMigrate - Migrating schema "public" to version "77 - rejected assessment read authority"
[main] INFO org.flywaydb.core.internal.command.DbMigrate - Migrating schema "public" to version "78 - repository execution claims"
[main] INFO org.flywaydb.core.internal.command.DbMigrate - Migrating schema "public" to version "79 - repository claim mutation fences"
[main] INFO org.flywaydb.core.internal.command.DbMigrate - Migrating schema "public" to version "80 - single call execution claim fence"
[main] INFO org.flywaydb.core.internal.command.DbMigrate - Migrating schema "public" to version "81 - private publication preparations"
[main] INFO org.flywaydb.core.internal.command.DbMigrate - Migrating schema "public" to version "82 - private publication modes"
[main] INFO org.flywaydb.core.internal.command.DbMigrate - Migrating schema "public" to version "83 - private assessment start"
[main] INFO org.flywaydb.core.internal.command.DbMigrate - Migrating schema "public" to version "84 - journaled owner mode guards"
[main] INFO org.flywaydb.core.internal.command.DbMigrate - Migrating schema "public" to version "85 - pre owner registration abandonment"
[main] INFO org.flywaydb.core.internal.command.DbMigrate - Migrating schema "public" to version "86 - historical assessment provenance"
[main] INFO org.flywaydb.core.internal.command.DbMigrate - Migrating schema "public" to version "87 - historical assessment snapshot version"
[main] INFO org.flywaydb.core.internal.command.DbMigrate - Migrating schema "public" to version "88 - revision retention inventory indexes"
[main] INFO org.flywaydb.core.internal.command.DbMigrate - Migrating schema "public" to version "89 - private coordinator bindings"
[main] INFO org.flywaydb.core.internal.command.DbMigrate - Migrating schema "public" to version "90 - coordinator admission drain"
[main] INFO org.flywaydb.core.internal.command.DbMigrate - Migrating schema "public" to version "91 - coordinator local drain"
[main] INFO org.flywaydb.core.internal.command.DbMigrate - Migrating schema "public" to version "92 - graceful coordinator handoff"
[main] INFO org.flywaydb.core.internal.command.DbMigrate - Migrating schema "public" to version "93 - atomic successor generation"
[main] INFO org.flywaydb.core.internal.command.DbMigrate - Migrating schema "public" to version "94 - successor execution identity"
[main] INFO org.flywaydb.core.internal.command.DbMigrate - Migrating schema "public" to version "95 - undrained coordinator execution fence"
[main] INFO org.flywaydb.core.internal.command.DbMigrate - Migrating schema "public" to version "96 - coordinator reservation identity"
[main] INFO org.flywaydb.core.internal.command.DbMigrate - Migrating schema "public" to version "97 - expired coordinator reservation"
[main] INFO org.flywaydb.core.internal.command.DbMigrate - Migrating schema "public" to version "98 - unactivated coordinator supersession"
[main] INFO org.flywaydb.core.internal.command.DbMigrate - Migrating schema "public" to version "99 - repository credential authority"
[main] INFO org.flywaydb.core.internal.command.DbMigrate - Migrating schema "public" to version "100 - repository creation grants"
[main] INFO org.flywaydb.core.internal.command.DbMigrate - Migrating schema "public" to version "101 - preserve successor publication modes"
[main] INFO org.flywaydb.core.internal.command.DbMigrate - Migrating schema "public" to version "102 - freeze archive version metadata"
[main] INFO org.flywaydb.core.internal.command.DbMigrate - Migrating schema "public" to version "103 - publication preparation history roots"
[main] INFO org.flywaydb.core.internal.command.DbMigrate - Migrating schema "public" to version "104 - preparation source pin batches"
[main] INFO org.flywaydb.core.internal.command.DbMigrate - Migrating schema "public" to version "105 - preparation pin capture owners"
[main] INFO org.flywaydb.core.internal.command.DbMigrate - Migrating schema "public" to version "106 - captured document pin identity"
[main] INFO org.flywaydb.core.internal.command.DbMigrate - Migrating schema "public" to version "107 - preparation capture drains"
[main] INFO org.flywaydb.core.internal.command.DbMigrate - Migrating schema "public" to version "108 - preparation capture admission closure"
[main] INFO org.flywaydb.core.internal.command.DbMigrate - Migrating schema "public" to version "109 - historical successor activation"
[main] INFO org.flywaydb.core.internal.command.DbMigrate - Migrating schema "public" to version "110 - historical recovery limit decisions"
[main] INFO org.flywaydb.core.internal.command.DbMigrate - Migrating schema "public" to version "111 - preparation root release"
[main] INFO org.flywaydb.core.internal.command.DbMigrate - Migrating schema "public" to version "112 - reader host execution"
[main] INFO org.flywaydb.core.internal.command.DbMigrate - Migrating schema "public" to version "113 - reader host termination"
[main] INFO org.flywaydb.core.internal.command.DbMigrate - Migrating schema "public" to version "114 - external reader quiescence"
[main] INFO org.flywaydb.core.internal.command.DbMigrate - Migrating schema "public" to version "115 - archive reader recovery page"
[main] INFO org.flywaydb.core.internal.command.DbMigrate - Migrating schema "public" to version "116 - document source acquisition fence"
[main] INFO org.flywaydb.core.internal.command.DbMigrate - Migrating schema "public" to version "117 - assessment source acquisition fence"
[main] INFO org.flywaydb.core.internal.command.DbMigrate - Migrating schema "public" to version "118 - preparation coverage certificates"
[main] INFO org.flywaydb.core.internal.command.DbMigrate - Migrating schema "public" to version "119 - preparation successor coverage"
[main] INFO org.flywaydb.core.internal.command.DbMigrate - Successfully applied 119 migrations to schema "public", now at version v119 (execution time 00:00.415s)
Oct 09, 2026 3:38:30 PM org.hibernate.jpa.internal.util.LogHelper logPersistenceUnitInformation
INFO: HHH008540: Processing PersistenceUnitInfo [name: document-ledger]
Oct 09, 2026 3:38:30 PM org.hibernate.Version logVersion
INFO: HHH000001: Hibernate ORM core version 7.4.10.Final
Oct 09, 2026 3:38:30 PM org.hibernate.engine.jdbc.dialect.internal.DialectFactoryImpl constructDialect
WARN: HHH90000025: PostgreSQLDialect does not need to be specified explicitly using 'hibernate.dialect' (remove the property setting and it will be selected by default)
Oct 09, 2026 3:38:30 PM org.hibernate.engine.jdbc.env.internal.JdbcEnvironmentInitiator logConnectionInfo
INFO: HHH10001005: Database info:
	Database JDBC URL [jdbc:postgresql://127.0.0.1:33155/repo]
	Database driver: PostgreSQL JDBC Driver
	Database dialect: PostgreSQLDialect
	Database version: 18.6
	Default catalog/schema: repo/public
	Autocommit mode: undefined/unknown
	Isolation level: READ_COMMITTED [default READ_COMMITTED]
	JDBC fetch size: none
	Pool: DataSourceConnectionProvider
	Minimum pool size: undefined/unknown
	Maximum pool size: undefined/unknown
Oct 09, 2026 3:38:31 PM org.hibernate.engine.transaction.jta.platform.internal.JtaPlatformInitiator initiateService
INFO: HHH000489: No JTA platform available (set 'hibernate.transaction.jta.platform' to enable JTA platform integration)
[main] INFO ai.protomolt.proto.repo.service.RepoServices - repo lifecycle loops started (purge interval 3600000 ms, sweep interval 3600000 ms, reconcile disabled)
[main] INFO ai.protomolt.proto.repo.engine.DriveProvisioner - Created drive abq-alpha-a9442bc8/qualification-archive (id=b53d1ffb-7304-32e6-8e0d-9529a11f860f, bucket=qualification-abq-alpha-a9442bc8-qualification-archive, prefix='qualification-archive')
CHECK_OK seed.drive.abq-alpha-a9442bc8 :: drive=b53d1ffb-7304-32e6-8e0d-9529a11f860f bucket=qualification-abq-alpha-a9442bc8-qualification-archive
CHECK_OK seed.drive.provisioned_versioned.abq-alpha-a9442bc8 :: host-provisioned bucket reports versioning ENABLED through the plain S3 API: qualification-abq-alpha-a9442bc8-qualification-archive
[main] INFO ai.protomolt.proto.repo.engine.DriveProvisioner - Created drive abq-beta-a9442bc8/qualification-archive (id=e64252a6-2f2c-3dba-b3b2-ddab34625c34, bucket=qualification-abq-beta-a9442bc8-qualification-archive, prefix='qualification-archive')
CHECK_OK seed.drive.abq-beta-a9442bc8 :: drive=e64252a6-2f2c-3dba-b3b2-ddab34625c34 bucket=qualification-abq-beta-a9442bc8-qualification-archive
CHECK_OK seed.drive.provisioned_versioned.abq-beta-a9442bc8 :: host-provisioned bucket reports versioning ENABLED through the plain S3 API: qualification-abq-beta-a9442bc8-qualification-archive
CHECK_OK seed.report.v1 :: version 1 with two bound renditions, snapshot title=Quarterly report
CHECK_OK seed.report.v2.shared_object :: version 2 re-references the unchanged original (object 14e774ce-d2c7-4815-9c62-6ea89cafeb0b) and lands a new markdown object
CHECK_OK seed.report.v3.streamed :: streamed 1 MiB rendition landed version 3 at key qualification-archive/archive/abq-alpha-a9442bc8/qualification-docs/b1904641-5171-3112-b095-98ce8d98d522/writes/8d300edc-d2b4-4125-b685-bb977945e566
CHECK_OK seed.report.v3.re_referenced :: version 3 re-references both current siblings and binds the streamed object
CHECK_OK seed.report.dedup :: identical content elided: version stays 3, retained manifest returned
CHECK_OK seed.notes.v1 :: PRESENT original and EMPTY rendition in one manifest
CHECK_OK seed.subject.v2.shared_object :: version 2 re-references the original it did not carry
CHECK_OK seed.pending.admitted :: RTBF rendition deletion admitted: two tombstoned versions, two physical targets pending, no cleanup yet
CHECK_OK seed.pending.replay_live :: replay while live returns the same logical admission, still pending
CHECK_OK seed.pending.tombstone.v1 :: tombstone keeps size, digest, binding and reason as provenance
CHECK_OK seed.pending.tombstone.v2 :: tombstone keeps size, digest, binding and reason as provenance
CHECK_OK seed.draft.unversioned :: NONE policy: version 1 is not retained (NOT_FOUND), only version 2 lists
CHECK_OK seed.ledger.bindings.alpha-report :: 4 LIVE bindings under generation qualification-gen-5561333d-5a4f-4034-ba65-27c5641d2ec7, each with a provider version id and mirrored references
CHECK_OK seed.ledger.bindings.alpha-notes :: 1 LIVE bindings under generation qualification-gen-5561333d-5a4f-4034-ba65-27c5641d2ec7, each with a provider version id and mirrored references
CHECK_OK seed.ledger.bindings.beta-subject :: 3 LIVE bindings under generation qualification-gen-5561333d-5a4f-4034-ba65-27c5641d2ec7, each with a provider version id and mirrored references
CHECK_OK seed.ledger.bindings.beta-draft :: 2 LIVE bindings under generation qualification-gen-5561333d-5a4f-4034-ba65-27c5641d2ec7, each with a provider version id and mirrored references
CHECK_OK seed.ledger.report_sharing :: four physical objects across seven version references; the original is referenced by versions 1,2,3
CHECK_OK seed.ledger.pending_targets :: two unreferenced LIVE targets fenced retiring without a cleanup attempt; the shared original keeps both references
CHECK_OK seed.ledger.draft_superseded :: the superseded NONE-policy object stays LIVE and unreferenced for aged reconciliation
CHECK_OK seed.replay.put.alpha-report :: deduplicated=true version=3; retained manifest returned, no version landed
CHECK_OK seed.replay.mutation.beta-subject :: same operation id and command: logical admission equal, state=ARCHIVE_MUTATION_STATE_ADMITTED pending=2 statusRevision=1
CHECK_OK seed.entry.alpha-report.v1.bytes :: renditions=2 byte-equal to the recorded read
CHECK_OK seed.entry.alpha-report.v1.manifest :: manifest equal; frozen snapshot title=Quarterly report
CHECK_OK seed.entry.alpha-report.v1.present :: every PRESENT manifest rendition delivered bytes: 2
CHECK_OK seed.entry.alpha-report.v1.info :: current metadata equal: title=Current label currentVersion=3 classification=CLASSIFICATION_STATE_UNCLASSIFIED
CHECK_OK seed.entry.alpha-report.v2.bytes :: renditions=2 byte-equal to the recorded read
CHECK_OK seed.entry.alpha-report.v2.manifest :: manifest equal; frozen snapshot title=Revised report
CHECK_OK seed.entry.alpha-report.v2.present :: every PRESENT manifest rendition delivered bytes: 2
CHECK_OK seed.entry.alpha-report.v2.info :: current metadata equal: title=Current label currentVersion=3 classification=CLASSIFICATION_STATE_UNCLASSIFIED
CHECK_OK seed.entry.alpha-report.v3.bytes :: renditions=3 byte-equal to the recorded read
CHECK_OK seed.entry.alpha-report.v3.manifest :: manifest equal; frozen snapshot title=Revised report
CHECK_OK seed.entry.alpha-report.v3.present :: every PRESENT manifest rendition delivered bytes: 3
CHECK_OK seed.entry.alpha-report.v3.info :: current metadata equal: title=Current label currentVersion=3 classification=CLASSIFICATION_STATE_UNCLASSIFIED
CHECK_OK seed.entry.alpha-notes.v1.bytes :: renditions=1 byte-equal to the recorded read
CHECK_OK seed.entry.alpha-notes.v1.manifest :: manifest equal; frozen snapshot title=Notes
CHECK_OK seed.entry.alpha-notes.v1.present :: every PRESENT manifest rendition delivered bytes: 1
CHECK_OK seed.entry.alpha-notes.v1.info :: current metadata equal: title=Notes currentVersion=1 classification=CLASSIFICATION_STATE_IDENTIFIED
CHECK_OK seed.entry.beta-subject.v1.bytes :: renditions=1 byte-equal to the recorded read
CHECK_OK seed.entry.beta-subject.v1.manifest :: manifest equal; frozen snapshot title=Subject record
CHECK_OK seed.entry.beta-subject.v1.present :: every PRESENT manifest rendition delivered bytes: 1
CHECK_OK seed.entry.beta-subject.v1.info :: current metadata equal: title=Subject record currentVersion=2 classification=CLASSIFICATION_STATE_IDENTIFIED
CHECK_OK seed.entry.beta-subject.v2.bytes :: renditions=1 byte-equal to the recorded read
CHECK_OK seed.entry.beta-subject.v2.manifest :: manifest equal; frozen snapshot title=Subject record
CHECK_OK seed.entry.beta-subject.v2.present :: every PRESENT manifest rendition delivered bytes: 1
CHECK_OK seed.entry.beta-subject.v2.info :: current metadata equal: title=Subject record currentVersion=2 classification=CLASSIFICATION_STATE_IDENTIFIED
CHECK_OK seed.entry.beta-draft.v2.bytes :: renditions=1 byte-equal to the recorded read
CHECK_OK seed.entry.beta-draft.v2.manifest :: manifest equal; frozen snapshot title=Draft
CHECK_OK seed.entry.beta-draft.v2.present :: every PRESENT manifest rendition delivered bytes: 1
CHECK_OK seed.entry.beta-draft.v2.info :: current metadata equal: title=Draft currentVersion=2 classification=CLASSIFICATION_STATE_IDENTIFIED
CHECK_OK seed.versions.alpha-report :: listing equal: [3, 2, 1]
CHECK_OK seed.versions.alpha-notes :: listing equal: [1]
CHECK_OK seed.versions.beta-subject :: listing equal: [2, 1]
CHECK_OK seed.versions.beta-draft :: listing equal: [2]
CHECK_OK seed.stats.qualification-docs.a9442bc8 :: entries=2 versions=4 retainedBytes=1050766 currentBytes=1050710
CHECK_OK seed.stats.qualification-docs.a9442bc8 :: entries=1 versions=2 retainedBytes=25 currentBytes=25
CHECK_OK seed.stats.qualification-scratch.a9442bc8 :: entries=1 versions=1 retainedBytes=30 currentBytes=30
CHECK_OK seed.access.alpha-report.operator :: process authority reads alpha-report
CHECK_OK seed.access.alpha-report.member :: member without process authority: PERMISSION_DENIED
CHECK_OK seed.access.alpha-report.stranger :: stranger without process authority: PERMISSION_DENIED
CHECK_OK seed.access.alpha-report.outsider :: outsider without process authority: PERMISSION_DENIED
CHECK_OK seed.access.alpha-report.member_writes :: put=PERMISSION_DENIED mutation=PERMISSION_DENIED
CHECK_OK seed.access.alpha-report.cross_account :: the same entry id under the other account: NOT_FOUND
CHECK_OK seed.access.alpha-notes.operator :: process authority reads alpha-notes
CHECK_OK seed.access.alpha-notes.member :: member without process authority: PERMISSION_DENIED
CHECK_OK seed.access.alpha-notes.stranger :: stranger without process authority: PERMISSION_DENIED
CHECK_OK seed.access.alpha-notes.outsider :: outsider without process authority: PERMISSION_DENIED
CHECK_OK seed.access.alpha-notes.member_writes :: put=PERMISSION_DENIED mutation=PERMISSION_DENIED
CHECK_OK seed.access.alpha-notes.cross_account :: the same entry id under the other account: NOT_FOUND
CHECK_OK seed.access.beta-subject.operator :: process authority reads beta-subject
CHECK_OK seed.access.beta-subject.member :: member without process authority: PERMISSION_DENIED
CHECK_OK seed.access.beta-subject.stranger :: stranger without process authority: PERMISSION_DENIED
CHECK_OK seed.access.beta-subject.outsider :: outsider without process authority: PERMISSION_DENIED
CHECK_OK seed.access.beta-subject.member_writes :: put=PERMISSION_DENIED mutation=PERMISSION_DENIED
CHECK_OK seed.access.beta-subject.cross_account :: the same entry id under the other account: NOT_FOUND
CHECK_OK seed.access.beta-draft.operator :: process authority reads beta-draft
CHECK_OK seed.access.beta-draft.member :: member without process authority: PERMISSION_DENIED
CHECK_OK seed.access.beta-draft.stranger :: stranger without process authority: PERMISSION_DENIED
CHECK_OK seed.access.beta-draft.outsider :: outsider without process authority: PERMISSION_DENIED
CHECK_OK seed.access.beta-draft.member_writes :: put=PERMISSION_DENIED mutation=PERMISSION_DENIED
CHECK_OK seed.access.beta-draft.cross_account :: the same entry id under the other account: NOT_FOUND
CHECK_OK seed.access.mutation_lookup :: member=PERMISSION_DENIED other account=NOT_FOUND
CHECK_OK seed.transport.unauthenticated :: status=UNAUTHENTICATED
CHECK_OK seed.transport.entry :: authenticated read of alpha-report v1 equals the recorded response
CHECK_OK seed.transport.mutation_lookup :: authenticated receipt lookup carries the recorded logical admission; state=ARCHIVE_MUTATION_STATE_ADMITTED
CHECK_OK seed.provider.52f02ed7d13b :: LIVE bucket=qualification-abq-alpha-a9442bc8-qualification-archive key=qualification-archive/archive/abq-alpha-a9442bc8/qualification-docs/b1904641-5171-3112-b095-98ce8d98d522/markdown/writes/4c5dbb17-bcbc-499b-9409-2a53efbc429d/0b61ed7160d074897e6f4bb71b7f013c28b977b9c1f113d649901e402ea8dce3 version=793ff1b3-4f9a-4be4-a951-cd9536a6c088 sha256=0b61ed7160d074897e6f4bb71b7f013c28b977b9c1f113d649901e402ea8dce3 etag="6ce8784d5c9f8ff85aff70f77ac3416c"
CHECK_OK seed.provider.69c612d19090 :: LIVE bucket=qualification-abq-alpha-a9442bc8-qualification-archive key=qualification-archive/archive/abq-alpha-a9442bc8/qualification-docs/b1904641-5171-3112-b095-98ce8d98d522/markdown/writes/acc35a22-5b36-4355-9efc-db6088a639bc/5b24832a3cf4b122755c2548e94fc5b81f0ee977d51d988aa117f18e5ebfec5f version=6d00b50f-fef4-4f5c-b93f-19f4fdcd5089 sha256=5b24832a3cf4b122755c2548e94fc5b81f0ee977d51d988aa117f18e5ebfec5f etag="a6f6a43006fba9b742bc977c2a3d412e"
CHECK_OK seed.provider.888c117af71e :: LIVE bucket=qualification-abq-alpha-a9442bc8-qualification-archive key=qualification-archive/archive/abq-alpha-a9442bc8/qualification-docs/b1904641-5171-3112-b095-98ce8d98d522/original/writes/9453d112-dcfa-4ef1-a6c2-10689c5cab92/3d9a7260fe3fed7c866101cbb7e08ad2524a0f111905db271b18f15d1bc2b944 version=eeb7a682-9be6-421d-8f71-63bdf1e3e947 sha256=3d9a7260fe3fed7c866101cbb7e08ad2524a0f111905db271b18f15d1bc2b944 etag="20cacf4858b088c849d9ae043f0c76d0"
CHECK_OK seed.provider.ed32f93c3b7d :: LIVE bucket=qualification-abq-alpha-a9442bc8-qualification-archive key=qualification-archive/archive/abq-alpha-a9442bc8/qualification-docs/b1904641-5171-3112-b095-98ce8d98d522/writes/8d300edc-d2b4-4125-b685-bb977945e566 version=bbc971eb-5695-4ba3-8175-fde8d31c4759 sha256=4d468aa08c6a9c30b1ce6970acf4a3ec01c6b64d2b98d6629d86242f6ac76f38 etag="388d3675ab92c81874766b5a75c539a8"
CHECK_OK seed.provider.82452e949b81 :: LIVE bucket=qualification-abq-alpha-a9442bc8-qualification-archive key=qualification-archive/archive/abq-alpha-a9442bc8/qualification-docs/e5b526d4-e487-3221-96e7-ce31f8989b3b/original/writes/74d7d979-32ba-484d-9abb-c7a08616fa5f/a7e68fec16c379812ebdea6cfb672ddb712d2c50302996f26bacee6829510a4b version=e4da216b-41b7-47ee-b55d-e7b92f1adcb2 sha256=a7e68fec16c379812ebdea6cfb672ddb712d2c50302996f26bacee6829510a4b etag="5ecdad92022d7c561a7ea5ecd98ec68c"
CHECK_OK seed.provider.26980a19972c :: LIVE bucket=qualification-abq-beta-a9442bc8-qualification-archive key=qualification-archive/archive/abq-beta-a9442bc8/qualification-docs/80acaeea-eb4a-3da9-8acc-a680f4d18642/original/writes/9a044738-687d-4243-9920-ad3a9003fa0f/e46c396df8b8d143196bdcdfef76ed6bc33be1126765281d36bb9cc53663cd2b version=7750b0ee-1217-4448-874e-f081b06cecd0 sha256=e46c396df8b8d143196bdcdfef76ed6bc33be1126765281d36bb9cc53663cd2b etag="8e5836ae88382e6698b42f9290f44b0b"
CHECK_OK seed.provider.0f33a9423543 :: LIVE bucket=qualification-abq-beta-a9442bc8-qualification-archive key=qualification-archive/archive/abq-beta-a9442bc8/qualification-docs/80acaeea-eb4a-3da9-8acc-a680f4d18642/scratch/writes/36271039-2986-40ba-a689-0fb78f219a44/9a90b090eb864fa0c82c468eccbc2cab06122b5cbf308b35e6ac59141a034e7a version=c6b60305-5ad4-47bd-9a5d-a1f04c1ca0b7 sha256=9a90b090eb864fa0c82c468eccbc2cab06122b5cbf308b35e6ac59141a034e7a etag="1419bee1c5959d8da958079afd3235ab"
CHECK_OK seed.provider.1e1caf8416f4 :: LIVE bucket=qualification-abq-beta-a9442bc8-qualification-archive key=qualification-archive/archive/abq-beta-a9442bc8/qualification-docs/80acaeea-eb4a-3da9-8acc-a680f4d18642/scratch/writes/f41717d7-9272-48ca-a346-6e0bab513242/057d82a72ad9f069979440fc1d6ea35555fcbff6a87c2477e2800d23e41524ea version=92460527-e474-44c8-a649-5f2fce84184a sha256=057d82a72ad9f069979440fc1d6ea35555fcbff6a87c2477e2800d23e41524ea etag="6e6fde398a490806f80ede8d6dabb74a"
CHECK_OK seed.provider.0e4f737c23eb :: LIVE bucket=qualification-abq-beta-a9442bc8-qualification-archive key=qualification-archive/archive/abq-beta-a9442bc8/qualification-scratch/f41cff02-26d6-3bbc-80d7-c254d6b520f5/original/writes/5f12188a-5460-4c2f-afc6-138b8a2fa3d9/44379b91b417aca9703100a0590c7dfd838682c0c807cbd483a0e0e22b063c1f version=93c581f3-bcf4-4e19-b559-7b7ec3a16c77 sha256=44379b91b417aca9703100a0590c7dfd838682c0c807cbd483a0e0e22b063c1f etag="22b2ddea2fc34916b16cec00fce7d4b1"
CHECK_OK seed.provider.54638c1c8249 :: LIVE bucket=qualification-abq-beta-a9442bc8-qualification-archive key=qualification-archive/archive/abq-beta-a9442bc8/qualification-scratch/f41cff02-26d6-3bbc-80d7-c254d6b520f5/original/writes/c516d169-37fc-4813-9446-1195c3e93830/fb78e66e95fb5f477ce9361ac565cd54ac73f72cbd4c62775aa983007c859277 version=275ee118-01e0-4a19-8a96-f9a6d59af7b9 sha256=fb78e66e95fb5f477ce9361ac565cd54ac73f72cbd4c62775aa983007c859277 etag="d8750ef2035bfb1962fb8676e8c2a84c"
CHECK_OK seed.provider.count :: objects=10 live=10 reclaimed=0
[main] INFO com.zaxxer.hikari.HikariDataSource - document-ledger - Shutdown initiated...
[main] INFO com.zaxxer.hikari.HikariDataSource - document-ledger - Shutdown completed.
[main] INFO ai.protomolt.proto.repo.service.RepoServices - repo-service stopped
CHECK_OK seed.host.incarnations_closed :: no ACTIVE reader incarnation after close: {ACTIVE=0, FENCED=0, UNKNOWN=0, QUIESCED=2}
CHECK_OK seed.host.pins_released :: no archive read pin after close
CHECK_OK seed.host.uploads_settled :: every upload row is LIVE (no staging, verification or cleanup in flight): {LIVE=10}
ARCHIVE_BACKUP_QUALIFICATION_SEED_OK
