> Task :protomolt-asset-proto:protobufDummy UP-TO-DATE
> Task :protomolt-formats:processResources NO-SOURCE
> Task :protomolt-cel:processResources NO-SOURCE
> Task :protomolt-protobuf-validation:protobufDummy UP-TO-DATE
> Task :protomolt-asset-proto:extractProto UP-TO-DATE
> Task :protomolt-protobuf-validation:extractProto UP-TO-DATE
> Task :protomolt-protobuf-validation:processProtoResources UP-TO-DATE
> Task :protomolt-protobuf-validation:processResources UP-TO-DATE
> Task :protomolt-cel:compileJava UP-TO-DATE
> Task :protomolt-asset-proto:extractIncludeProto UP-TO-DATE
> Task :protomolt-asset-proto:generateProto UP-TO-DATE
> Task :protomolt-formats:compileJava UP-TO-DATE
> Task :protomolt-asset-proto:processProtoResources UP-TO-DATE
> Task :protomolt-asset-proto:processResources UP-TO-DATE
> Task :protomolt-protobuf-validation:extractIncludeProto UP-TO-DATE
> Task :protomolt-cel:classes UP-TO-DATE
> Task :protomolt-cel:jar UP-TO-DATE
> Task :protomolt-protobuf-validation:generateProto UP-TO-DATE
> Task :protomolt-descriptors:compileJava UP-TO-DATE
> Task :protomolt-descriptors:processResources NO-SOURCE
> Task :protomolt-descriptors:classes UP-TO-DATE
> Task :protomolt-descriptors:jar UP-TO-DATE
> Task :protomolt-formats:classes UP-TO-DATE
> Task :protomolt-formats:jar UP-TO-DATE
> Task :protomolt-protobuf-metadata:protobufDummy UP-TO-DATE
> Task :protomolt-protobuf-metadata:extractIncludeProto UP-TO-DATE
> Task :protomolt-protobuf-metadata:extractProto UP-TO-DATE
> Task :protomolt-protobuf-metadata:generateProto UP-TO-DATE
> Task :protomolt-protobuf-validation:compileJava UP-TO-DATE
> Task :protomolt-protobuf-metadata:compileJava UP-TO-DATE
> Task :protomolt-protobuf-metadata:processProtoResources UP-TO-DATE
> Task :protomolt-protobuf-metadata:processResources UP-TO-DATE
> Task :protomolt-protobuf-metadata:classes UP-TO-DATE
> Task :protomolt-protobuf-metadata:jar UP-TO-DATE
> Task :protomolt-protobuf-validation:classes UP-TO-DATE
> Task :protomolt-protobuf-validation:jar UP-TO-DATE
> Task :protomolt-asset-proto:compileJava UP-TO-DATE
> Task :protomolt-asset-proto:classes UP-TO-DATE
> Task :protomolt-asset-proto:jar UP-TO-DATE
> Task :protomolt-repo-blob-spi:compileJava UP-TO-DATE
> Task :protomolt-repo-proto:protobufDummy UP-TO-DATE
> Task :protomolt-repo-proto:extractIncludeProto UP-TO-DATE
> Task :protomolt-repo-proto:extractProto UP-TO-DATE
> Task :protomolt-repo-blob-s3:checkRuntimeBoundaries
> Task :protomolt-repo-proto:generateProto UP-TO-DATE
> Task :protomolt-repo-blob-s3:compileJava UP-TO-DATE
> Task :protomolt-repo-blob-s3:processResources UP-TO-DATE
> Task :protomolt-repo-blob-s3:classes UP-TO-DATE
> Task :protomolt-repo-blob-s3:processTestResources NO-SOURCE
> Task :protomolt-repo-blob-spi:processResources NO-SOURCE
> Task :protomolt-repo-blob-spi:classes UP-TO-DATE
> Task :protomolt-repo-blob-spi:jar UP-TO-DATE
> Task :protomolt-repo-codec:processResources NO-SOURCE
> Task :protomolt-repo-proto:compileJava UP-TO-DATE
> Task :protomolt-repo-proto:generateCompilerIdentity UP-TO-DATE
> Task :protomolt-repo-proto:processProtoResources UP-TO-DATE
> Task :protomolt-repo-proto:processResources UP-TO-DATE
> Task :protomolt-repo-proto:classes UP-TO-DATE
> Task :protomolt-repo-proto:jar UP-TO-DATE
> Task :protomolt-repo-codec:compileJava UP-TO-DATE
> Task :protomolt-repo-codec:classes UP-TO-DATE
> Task :protomolt-repo-codec:jar UP-TO-DATE
> Task :protomolt-repo-blob-s3:compileTestJava UP-TO-DATE
> Task :protomolt-repo-blob-s3:testClasses UP-TO-DATE
> Task :protomolt-repo-blob-s3:test

[Incubating] Problems report is available at: file:///work/worktrees/protomolt/external-train-followups/build/reports/problems/problems-report.html

Deprecated Gradle features were used in this build, making it incompatible with Gradle 10.

You can use '--warning-mode all' to show the individual deprecation warnings and determine if they come from your own scripts or plugins.

For more on this, please refer to https://docs.gradle.org/9.6.1/userguide/command_line_interface.html#sec:command_line_warnings in the Gradle documentation.

BUILD SUCCESSFUL in 4s
44 actionable tasks: 2 executed, 42 up-to-date
