2026-10-09T23:30:11.831258346Z exit=0 $ id -u
  stdout: 1000
2026-10-09T23:30:11.832949103Z exit=0 $ id -g
  stdout: 1000
2026-10-09T23:30:11.850554472Z exit=0 $ docker version --format {{.Server.Version}}
  stdout: 29.8.1
2026-10-09T23:30:11.873501593Z exit=0 $ docker image inspect postgres:18-alpine --format {{.Id}}
  stdout: sha256:77f585114c32fbca283dc835b0596f4e52b51b4c6662d7810b2f4084f60a1873
2026-10-09T23:30:11.894310951Z exit=0 $ docker image inspect rustfs/rustfs:1.0.0-beta.11-preview.1 --format {{.Id}}
  stdout: sha256:ea50257bc5e281e83170f49b84a109432d930f93bf5051c77d09105c5a62746b
2026-10-09T23:30:11.961811006Z exit=0 $ docker network create protomolt-qualification-812cb8d59-5c538226-net
  stdout: f03efb7dfce54524f7adb6baa043c9537a54d029ae53cb9866f4b0c3591a75a2
2026-10-09T23:30:11.975318857Z exit=0 $ docker volume create protomolt-qualification-812cb8d59-5c538226-rst-pg-data
  stdout: protomolt-qualification-812cb8d59-5c538226-rst-pg-data
2026-10-09T23:30:11.987146141Z exit=0 $ docker volume create protomolt-qualification-812cb8d59-5c538226-rst-rustfs-data
  stdout: protomolt-qualification-812cb8d59-5c538226-rst-rustfs-data
2026-10-09T23:30:12.452737019Z exit=0 $ docker run --rm -v protomolt-qualification-812cb8d59-5c538226-rst-pg-data:/data:ro postgres:18-alpine sh -c find /data -mindepth 1 | head -1
2026-10-09T23:30:12.927367119Z exit=0 $ docker run --rm -v protomolt-qualification-812cb8d59-5c538226-rst-rustfs-data:/data:ro postgres:18-alpine sh -c find /data -mindepth 1 | head -1
2026-10-09T23:30:13.434243774Z exit=0 $ docker run --rm -v protomolt-qualification-812cb8d59-5c538226-rst-rustfs-data:/data -v /work/worktrees/protomolt/external-train-followups/repo/container/build/archive-backup-qualification/2026-10-09T23-29-07.913317468Z/negative-corrupt-payload/backup-copy/provider:/in:ro postgres:18-alpine sh -c set -e; cd /data && tar --numeric-owner -xf /in/rustfs-data.tar
2026-10-09T23:30:13.948731591Z exit=0 $ docker run --rm -v protomolt-qualification-812cb8d59-5c538226-rst-rustfs-data:/data postgres:18-alpine sh -c set -e; cd /data/qualification-abq-alpha-67031fdb-qualification-archive/qualification-archive/archive/abq-alpha-67031fdb/qualification-docs/33bf93e4-b5ca-3507-b17b-6fbbe879605c/writes/b4202594-bf56-4bc0-9c76-def3a3136274; files=$(find . -type f -size +524288c | sort); count=$(printf '%s\n' "$files" | grep -c . || true); if [ "$count" -ne 1 ]; then echo "expected exactly one data file, found $count"; find . -type f -exec ls -l {} +; exit 3; fi; f="$files"; echo before; sha256sum "$f"; v=$(dd if="$f" bs=1 skip=4096 count=1 status=none | od -An -tu1 | tr -d ' '); n=$(( (v ^ 1) & 255 )); printf "$(printf '\\%03o' $n)" | dd of="$f" bs=1 seek=4096 conv=notrunc status=none; echo after; sha256sum "$f"; echo "file=$f offset=4096 before=$v after=$n"
  stdout: before
          eafbb276716dca12153c8945b1ef8a35761ecf410bd19e3409e226dca9ea4f86  ./4e9c9c23-8935-4936-8fee-2629dbf3d3d2/part.1
          after
          658337f3fb0cf435fd135d9ddae0dc25aa66f2fc6821b519cc6f496db2a347d2  ./4e9c9c23-8935-4936-8fee-2629dbf3d3d2/part.1
          file=./4e9c9c23-8935-4936-8fee-2629dbf3d3d2/part.1 offset=4096 before=92 after=93
2026-10-09T23:30:14.152843182Z exit=0 $ docker run -d --name protomolt-qualification-812cb8d59-5c538226-rst-rustfs --network protomolt-qualification-812cb8d59-5c538226-net -p 127.0.0.1:40363:9000 -v protomolt-qualification-812cb8d59-5c538226-rst-rustfs-data:/data -e RUSTFS_VOLUMES=/data -e RUSTFS_ADDRESS=:9000 -e RUSTFS_CONSOLE_ENABLE=false -e RUSTFS_ACCESS_KEY=qualification-c5e93ed9 -e RUSTFS_SECRET_KEY=<redacted> rustfs/rustfs:1.0.0-beta.11-preview.1 /data
  stdout: 62ed9c77e8454ed255e1e91f9ea8e1ec796c60f95d67786455277f5f73b217c5
2026-10-09T23:30:14.386406032Z exit=0 $ docker run -d --name protomolt-qualification-812cb8d59-5c538226-rst-pg --network protomolt-qualification-812cb8d59-5c538226-net -p 127.0.0.1:0:5432 -v protomolt-qualification-812cb8d59-5c538226-rst-pg-data:/var/lib/postgresql -e POSTGRES_USER=repo -e POSTGRES_PASSWORD=<redacted> -e POSTGRES_DB=repo postgres:18-alpine -c fsync=on
  stdout: d32ec4d7d64959c1b85815e5c5a0a53f0ac29c51fb6f174af63727f5054f5ffe
2026-10-09T23:30:14.402658113Z exit=0 $ docker port protomolt-qualification-812cb8d59-5c538226-rst-pg 5432/tcp
  stdout: 127.0.0.1:33211
2026-10-09T23:30:14.437476771Z exit=2 $ docker exec protomolt-qualification-812cb8d59-5c538226-rst-pg pg_isready -U repo -d repo
  stdout: /var/run/postgresql:5432 - no response
2026-10-09T23:30:14.974808302Z exit=0 $ docker exec protomolt-qualification-812cb8d59-5c538226-rst-pg pg_isready -U repo -d repo
  stdout: /var/run/postgresql:5432 - accepting connections
2026-10-09T23:30:15.513178667Z exit=0 $ docker exec protomolt-qualification-812cb8d59-5c538226-rst-pg pg_isready -U repo -d repo
  stdout: /var/run/postgresql:5432 - accepting connections
2026-10-09T23:30:17.517934727Z exit=0 $ docker run --rm --network protomolt-qualification-812cb8d59-5c538226-net --user 1000:1000 -e PGPASSWORD -v /work/worktrees/protomolt/external-train-followups/repo/container/build/archive-backup-qualification/2026-10-09T23-29-07.913317468Z/negative-corrupt-payload/backup-copy/sql:/in:ro postgres:18-alpine pg_restore -h protomolt-qualification-812cb8d59-5c538226-rst-pg -U repo -d repo --exit-on-error --no-owner --no-privileges /in/ledger.dump
2026-10-09T23:30:20.256190219Z note: ArchiveBackupQualificationRecoveredHost exit=0 log=recovered-host.log
2026-10-09T23:30:20.269304606Z exit=0 $ docker logs protomolt-qualification-812cb8d59-5c538226-rst-rustfs
  stdout: Initializing data directories: /data
          Initializing log directory: /logs
          Starting: /usr/bin/rustfs /data
2026-10-09T23:30:20.279835669Z exit=0 $ docker logs protomolt-qualification-812cb8d59-5c538226-rst-pg
  stdout: The files belonging to this database system will be owned by user "postgres".
          This user must also own the server process.
          
          The database cluster will be initialized with locale "en_US.utf8".
          The default database encoding has accordingly been set to "UTF8".
          The default text search configuration will be set to "english".
          
          Data page checksums are enabled.
          
          fixing permissions on existing directory /var/lib/postgresql/18/docker ... ok
          creating subdirectories ... ok
          selecting dynamic shared memory implementation ... posix
          selecting default "max_connections" ... 100
          selecting default "shared_buffers" ... 128MB
          selecting default time zone ... UTC
          creating configuration files ... ok
          running bootstrap script ... ok
          performing post-bootstrap initialization ... ok
          syncing data to disk ... ok
          
          
          Success. You can now start the database server using:
          
              pg_ctl -D /var/lib/postgresql/18/docker -l logfile start
          
          waiting for server to start....2026-10-09 23:30:14.861 UTC [53] LOG:  starting PostgreSQL 18.6 on x86_64-pc-linux-musl, compiled by gcc (Alpine 15.2.0) 15.2.0, 64-bit
          2026-10-09 23:30:14.867 UTC [53] LOG:  listening on Unix socket "/var/run/postgresql/.s.PGSQL.5432"
          2026-10-09 23:30:14.883 UTC [59] LOG:  database system was shut down at 2026-10-09 23:30:14 UTC
          2026-10-09 23:30:14.890 UTC [53] LOG:  database system is ready to accept connections
           done
          server started
          2026-10-09 23:30:14.971 UTC [74] FATAL:  database "repo" does not exist
          CREATE DATABASE
          
          
          /usr/local/bin/docker-entrypoint.sh: ignoring /docker-entrypoint-initdb.d/*
          
          waiting for server to shut down....2026-10-09 23:30:14.989 UTC [53] LOG:  received fast shutdown request
          2026-10-09 23:30:14.995 UTC [53] LOG:  aborting any active transactions
          2026-10-09 23:30:14.996 UTC [53] LOG:  background worker "logical replication launcher" (PID 62) exited with exit code 1
          2026-10-09 23:30:14.996 UTC [57] LOG:  shutting down
          2026-10-09 23:30:15.000 UTC [57] LOG:  checkpoint starting: shutdown immediate
          2026-10-09 23:30:15.065 UTC [57] LOG:  checkpoint complete: wrote 943 buffers (5.8%), wrote 3 SLRU buffers; 0 WAL file(s) added, 0 removed, 0 recycled; write=0.016 s, sync=0.027 s, total=0.069 s; sync files=303, longest=0.005 s, average=0.001 s; distance=4362 kB, estimate=4362 kB; lsn=0/1BA8858, redo lsn=0/1BA8858
          2026-10-09 23:30:15.080 UTC [53] LOG:  database system is shut down
           done
          server stopped
          
          PostgreSQL init process complete; ready for start up.
  stderr: sh: locale: not found
          2026-10-09 23:30:14.597 UTC [47] WARNING:  no usable system locales were found
          initdb: warning: enabling "trust" authentication for local connections
          initdb: hint: You can change this by editing pg_hba.conf or using the option -A, or --auth-local and --auth-host, the next time you run initdb.
          2026-10-09 23:30:15.110 UTC [1] LOG:  starting PostgreSQL 18.6 on x86_64-pc-linux-musl, compiled by gcc (Alpine 15.2.0) 15.2.0, 64-bit
          2026-10-09 23:30:15.110 UTC [1] LOG:  listening on IPv4 address "0.0.0.0", port 5432
          2026-10-09 23:30:15.110 UTC [1] LOG:  listening on IPv6 address "::", port 5432
          2026-10-09 23:30:15.121 UTC [1] LOG:  listening on Unix socket "/var/run/postgresql/.s.PGSQL.5432"
          2026-10-09 23:30:15.132 UTC [82] LOG:  database system was shut down at 2026-10-09 23:30:15 UTC
          2026-10-09 23:30:15.138 UTC [1] LOG:  database system is ready to accept connections
2026-10-09T23:30:20.724609665Z exit=0 $ docker rm -f protomolt-qualification-812cb8d59-5c538226-rst-pg
  stdout: protomolt-qualification-812cb8d59-5c538226-rst-pg
2026-10-09T23:30:21.085012966Z exit=0 $ docker rm -f protomolt-qualification-812cb8d59-5c538226-rst-rustfs
  stdout: protomolt-qualification-812cb8d59-5c538226-rst-rustfs
2026-10-09T23:30:21.099248333Z exit=0 $ docker volume rm -f protomolt-qualification-812cb8d59-5c538226-rst-rustfs-data
  stdout: protomolt-qualification-812cb8d59-5c538226-rst-rustfs-data
2026-10-09T23:30:21.129699483Z exit=0 $ docker volume rm -f protomolt-qualification-812cb8d59-5c538226-rst-pg-data
  stdout: protomolt-qualification-812cb8d59-5c538226-rst-pg-data
2026-10-09T23:30:21.312223274Z exit=0 $ docker network rm protomolt-qualification-812cb8d59-5c538226-net
  stdout: protomolt-qualification-812cb8d59-5c538226-net
